07-11 17:28:29.355  1809  4172 D PowerManagerService: nativeAcquireSuspendBlocker name:PowerManagerService.WakeLocks duration ms: 3
07-11 17:28:29.362  1809  3642 D PowerManagerService: nativeReleaseSuspendBlocker name:PowerManagerService.WakeLocks duration ms: 0
07-11 17:28:29.369  1809  3642 D PowerManagerService: nativeAcquireSuspendBlocker name:PowerManagerService.WakeLocks duration ms: 3
07-11 17:28:29.375  1809  3642 D PowerManagerService: nativeReleaseSuspendBlocker name:PowerManagerService.WakeLocks duration ms: 0
07-11 17:28:29.498  1809  1864 I DisplayDeviceRepository: Display device changed render timings: "内蔵スクリーン", renderFrameRate=120.00001, presentationDeadlineNanos=22000000, appVsyncOffsetNanos=-8000000
07-11 17:28:29.502  1809  1903 D BrightnessThermalClamper: Thermal status observer already started
07-11 17:28:29.506  1809  1864 D DisplayManagerService: Ignore redundant display event 0/2 to 10439/5392
07-11 17:28:29.506  1809  1864 D DisplayManagerService: Ignore redundant display event 0/2 to 10350/9961
07-11 17:28:29.507  1809  1864 D DisplayManagerService: Ignore redundant display event 0/2 to 10237/16105
07-11 17:28:29.507  1809  1864 D DisplayManagerService: Ignore redundant display event 0/2 to 10237/16219
07-11 17:28:29.507  1809  1864 D DisplayManagerService: Ignore redundant display event 0/2 to 10438/16794
07-11 17:28:29.507  1809  1864 D DisplayManagerService: Ignore redundant display event 0/2 to 10367/16858
07-11 17:28:29.507  1809  1864 D DisplayManagerService: Ignore redundant display event 0/2 to 10404/17221
07-11 17:28:29.507  1809  1864 D DisplayManagerService: Ignore redundant display event 0/2 to 10202/18955
07-11 17:28:29.507  1809  1864 D DisplayManagerService: Ignore redundant display event 0/2 to 10410/18969
07-11 17:28:29.508  1809  1864 D DisplayManagerService: Ignore redundant display event 0/2 to 10240/20083
07-11 17:28:29.508  1809  1864 D DisplayManagerService: Ignore redundant display event 0/2 to 10266/21164
07-11 17:28:29.508  1809  1864 D DisplayManagerService: Ignore redundant display event 0/2 to 10323/21821
07-11 17:28:29.730  1809  2047 W BoostOptController: not supported hint: 118
07-11 17:28:29.749  1809  1864 I DisplayDeviceRepository: Display device changed render timings: "内蔵スクリーン", renderFrameRate=90.0, presentationDeadlineNanos=24777778, appVsyncOffsetNanos=-8000000
07-11 17:28:29.751  1809  1903 D BrightnessThermalClamper: Thermal status observer already started
07-11 17:28:29.752  1809  1864 D DisplayManagerService: Ignore redundant display event 0/2 to 10439/5392
07-11 17:28:29.752  1809  1864 D DisplayManagerService: Ignore redundant display event 0/2 to 10350/9961
07-11 17:28:29.752  1809  1864 D DisplayManagerService: Ignore redundant display event 0/2 to 10237/16105
07-11 17:28:29.752  1809  1864 D DisplayManagerService: Ignore redundant display event 0/2 to 10237/16219
07-11 17:28:29.752  1809  1864 D DisplayManagerService: Ignore redundant display event 0/2 to 10438/16794
07-11 17:28:29.752  1809  1864 D DisplayManagerService: Ignore redundant display event 0/2 to 10367/16858
07-11 17:28:29.752  1809  1864 D DisplayManagerService: Ignore redundant display event 0/2 to 10404/17221
07-11 17:28:29.753  1809  1864 D DisplayManagerService: Ignore redundant display event 0/2 to 10202/18955
07-11 17:28:29.753  1809  1864 D DisplayManagerService: Ignore redundant display event 0/2 to 10410/18969
07-11 17:28:29.753  1809  1864 D DisplayManagerService: Ignore redundant display event 0/2 to 10240/20083
07-11 17:28:29.753  1809  1864 D DisplayManagerService: Ignore redundant display event 0/2 to 10266/21164
07-11 17:28:29.753  1809  1864 D DisplayManagerService: Ignore redundant display event 0/2 to 10323/21821
07-11 17:28:29.896  1809  2047 W BoostOptController: not supported hint: 118
07-11 17:28:29.934  1809  2736 D PowerManagerService: nativeAcquireSuspendBlocker name:PowerManagerService.WakeLocks duration ms: 2
07-11 17:28:29.939 31119 31130 W Binder  : reply too large data on java level: InterfaceDescriptor = null, code = 1
07-11 17:28:29.944  1809  2313 D PowerManagerService: nativeReleaseSuspendBlocker name:PowerManagerService.WakeLocks duration ms: 0
07-11 17:28:30.051  1809  2047 W BoostOptController: not supported hint: 118
07-11 17:28:30.186  1809  2047 W BoostOptController: not supported hint: 118
07-11 17:28:30.291  1809  2047 W BoostOptController: not supported hint: 118
07-11 17:28:30.953  1809  1864 D BootWMPhase: WM boot activityIdleInternalLocked: fromTimeout=true isBooting=false allResumedActivitiesIdle=true
07-11 17:28:30.953  1809  1864 D BootWMPhase: ******* WM boot checkFinishBootingLocked: booting=false enableScreen=false
07-11 17:28:30.972  1809  1872 D addPss  : tracker=ProcessState{80a9635 com.google.android.webview:sandboxed_process0:org.chromium.content.app.SandboxedProcessService0:2/10233 pkg=com.google.android.googlequicksearchbox}
07-11 17:28:31.318  1809  2047 W BoostOptController: not supported hint: 118
07-11 17:28:31.634  1809  2047 W BoostOptController: not supported hint: 118
07-11 17:28:31.795  1809  2047 W BoostOptController: not supported hint: 118
07-11 17:28:32.168  1809  2047 W BoostOptController: not supported hint: 118
07-11 17:28:32.273  1809  2047 W BoostOptController: not supported hint: 118
07-11 17:28:32.429  1809  2047 W BoostOptController: not supported hint: 118
07-11 17:28:32.534  1809  2047 W BoostOptController: not supported hint: 118
07-11 17:28:32.661  1809  2047 W BoostOptController: not supported hint: 118
07-11 17:28:32.773  1809  2047 W BoostOptController: not supported hint: 118
07-11 17:28:32.897  1809  2047 W BoostOptController: not supported hint: 118
07-11 17:28:33.054  1809  2047 W BoostOptController: not supported hint: 118
07-11 17:28:33.325  1809  2313 D PowerManagerService: nativeAcquireSuspendBlocker name:PowerManagerService.WakeLocks duration ms: 2
07-11 17:28:33.331  1809  1855 D PowerManagerService: nativeReleaseSuspendBlocker name:PowerManagerService.WakeLocks duration ms: 0
07-11 17:28:33.352  1809  1855 D PowerManagerService: nativeAcquireSuspendBlocker name:PowerManagerService.WakeLocks duration ms: 2
07-11 17:28:33.359  1809  1855 D PowerManagerService: nativeReleaseSuspendBlocker name:PowerManagerService.WakeLocks duration ms: 0
07-11 17:28:33.473  1809  1855 D PowerManagerService: nativeAcquireSuspendBlocker name:PowerManagerService.WakeLocks duration ms: 3
07-11 17:28:33.480  1809  2313 D PowerManagerService: nativeReleaseSuspendBlocker name:PowerManagerService.WakeLocks duration ms: 0
07-11 17:28:33.486  1809  2313 D PowerManagerService: nativeAcquireSuspendBlocker name:PowerManagerService.WakeLocks duration ms: 3
07-11 17:28:33.495  1809  2313 D PowerManagerService: nativeReleaseSuspendBlocker name:PowerManagerService.WakeLocks duration ms: 0
07-11 17:28:33.846  1809  2047 W BoostOptController: not supported hint: 118
07-11 17:28:34.501  1809  2047 W BoostOptController: not supported hint: 118
07-11 17:28:34.607  1809  2047 W BoostOptController: not supported hint: 118
07-11 17:28:34.850  1809  2047 W BoostOptController: not supported hint: 118
07-11 17:28:34.955  1809  2047 W BoostOptController: not supported hint: 118
07-11 17:28:35.058  1809  2047 W BoostOptController: not supported hint: 118
07-11 17:28:35.233  1809  2047 W BoostOptController: not supported hint: 118
07-11 17:28:35.335  1809  2047 W BoostOptController: not supported hint: 118
07-11 17:28:35.445  1809  2047 W BoostOptController: not supported hint: 118
07-11 17:28:35.553  1809  2047 W BoostOptController: not supported hint: 118
07-11 17:28:35.659  1809  2047 W BoostOptController: not supported hint: 118
07-11 17:28:35.837  1809  2047 W BoostOptController: not supported hint: 118
07-11 17:28:35.948  1809  2047 W BoostOptController: not supported hint: 118
07-11 17:28:36.166  1809  2047 W BoostOptController: not supported hint: 118
07-11 17:28:36.701  1809  2047 W BoostOptController: not supported hint: 118
07-11 17:28:36.845  1809  2047 W BoostOptController: not supported hint: 118
07-11 17:28:36.948  1809  2047 W BoostOptController: not supported hint: 118
07-11 17:28:37.344  1809  2047 W BoostOptController: not supported hint: 118
07-11 17:28:37.445  1809  2047 W BoostOptController: not supported hint: 118
07-11 17:28:37.555  1809  2047 W BoostOptController: not supported hint: 118
07-11 17:28:37.657  1809  2047 W BoostOptController: not supported hint: 118
07-11 17:28:38.158  1809  2047 W BoostOptController: not supported hint: 118
07-11 17:28:38.262  1809  2047 W BoostOptController: not supported hint: 118
07-11 17:28:38.492  1809  2047 W BoostOptController: not supported hint: 118
07-11 17:28:38.745  1809  2047 W BoostOptController: not supported hint: 118
07-11 17:28:38.875  1809  1855 D PowerManagerService: nativeAcquireSuspendBlocker name:PowerManagerService.WakeLocks duration ms: 2
07-11 17:28:38.881  1809  2313 D PowerManagerService: nativeReleaseSuspendBlocker name:PowerManagerService.WakeLocks duration ms: 0
07-11 17:28:38.885  1809  2313 D PowerManagerService: nativeAcquireSuspendBlocker name:PowerManagerService.WakeLocks duration ms: 2
07-11 17:28:38.888  1809  2047 W BoostOptController: not supported hint: 118
07-11 17:28:38.889  1809  2313 D PowerManagerService: nativeReleaseSuspendBlocker name:PowerManagerService.WakeLocks duration ms: 0
07-11 17:28:39.148  1809  2047 W BoostOptController: not supported hint: 118
07-11 17:28:39.256  1809  2047 W BoostOptController: not supported hint: 118
07-11 17:28:39.358  1809  2047 W BoostOptController: not supported hint: 118
07-11 17:28:39.385  1809  2313 D PowerManagerService: nativeAcquireSuspendBlocker name:PowerManagerService.WakeLocks duration ms: 2
07-11 17:28:39.390  1809  4216 D PowerManagerService: nativeReleaseSuspendBlocker name:PowerManagerService.WakeLocks duration ms: 1
07-11 17:28:39.394  1809  4216 D PowerManagerService: nativeAcquireSuspendBlocker name:PowerManagerService.WakeLocks duration ms: 1
07-11 17:28:39.398  1809  1855 D PowerManagerService: nativeReleaseSuspendBlocker name:PowerManagerService.WakeLocks duration ms: 0
07-11 17:28:39.475  1809  2047 W BoostOptController: not supported hint: 118
07-11 17:28:39.683  1809  2047 W BoostOptController: not supported hint: 118
07-11 17:28:39.784  1809  2047 W BoostOptController: not supported hint: 118
07-11 17:28:39.931  1809  2047 W BoostOptController: not supported hint: 118
07-11 17:28:40.061  1809  2047 W BoostOptController: not supported hint: 118
07-11 17:28:40.216  1809  2047 W BoostOptController: not supported hint: 118
07-11 17:28:40.450  1809  2047 W BoostOptController: not supported hint: 118
07-11 17:28:40.608  1809  2047 W BoostOptController: not supported hint: 118
07-11 17:28:40.742  1809  2047 W BoostOptController: not supported hint: 118
07-11 17:28:40.845  1809  2047 W BoostOptController: not supported hint: 118
07-11 17:28:41.215  1809  2047 W BoostOptController: not supported hint: 118
07-11 17:28:41.388  1809  2047 W BoostOptController: not supported hint: 118
07-11 17:28:41.500  1809  2047 W BoostOptController: not supported hint: 118
07-11 17:28:41.765  1809  2047 W BoostOptController: not supported hint: 118
07-11 17:28:41.875  1809  2047 W BoostOptController: not supported hint: 118
07-11 17:28:41.980  1809  2047 W BoostOptController: not supported hint: 118
07-11 17:28:41.993  1809  2313 D PowerManagerService: nativeAcquireSuspendBlocker name:PowerManagerService.WakeLocks duration ms: 6
07-11 17:28:42.002 31119 32351 W Binder  : reply too large data on java level: InterfaceDescriptor = null, code = 1
07-11 17:28:42.002  1809  1855 D PowerManagerService: nativeReleaseSuspendBlocker name:PowerManagerService.WakeLocks duration ms: 0
07-11 17:28:42.100  1809  2047 W BoostOptController: not supported hint: 118
07-11 17:28:42.203  1809  2047 W BoostOptController: not supported hint: 118
07-11 17:28:42.308  1809  2047 W BoostOptController: not supported hint: 118
07-11 17:28:42.410  1809  2047 W BoostOptController: not supported hint: 118
07-11 17:28:42.570  1809  2047 W BoostOptController: not supported hint: 118
07-11 17:28:42.681  1809  2047 W BoostOptController: not supported hint: 118
07-11 17:28:42.967  1809  2047 W BoostOptController: not supported hint: 118
07-11 17:28:43.329  1809  2736 D PowerManagerService: nativeAcquireSuspendBlocker name:PowerManagerService.WakeLocks duration ms: 2
07-11 17:28:43.338  1809  2736 D PowerManagerService: nativeReleaseSuspendBlocker name:PowerManagerService.WakeLocks duration ms: 0
07-11 17:28:43.363  1809  2047 W BoostOptController: not supported hint: 118
07-11 17:28:43.387  1809  2736 D PowerManagerService: nativeAcquireSuspendBlocker name:PowerManagerService.WakeLocks duration ms: 2
07-11 17:28:43.395  1809  4216 D PowerManagerService: nativeReleaseSuspendBlocker name:PowerManagerService.WakeLocks duration ms: 0
07-11 17:28:43.454  1809  1862 W BoostOptController: not supported hint: 118
07-11 17:28:43.458  1809  1864 I DisplayDeviceRepository: Display device changed render timings: "内蔵スクリーン", renderFrameRate=120.00001, presentationDeadlineNanos=22000000, appVsyncOffsetNanos=-8000000
07-11 17:28:43.459  1809  1903 D BrightnessThermalClamper: Thermal status observer already started
07-11 17:28:43.461  1809  1864 D DisplayManagerService: Ignore redundant display event 0/2 to 10439/5392
07-11 17:28:43.461  1809  1864 D DisplayManagerService: Ignore redundant display event 0/2 to 10350/9961
07-11 17:28:43.461  1809  1864 D DisplayManagerService: Ignore redundant display event 0/2 to 10237/16105
07-11 17:28:43.461  1809  1864 D DisplayManagerService: Ignore redundant display event 0/2 to 10237/16219
07-11 17:28:43.461  1809  1864 D DisplayManagerService: Ignore redundant display event 0/2 to 10438/16794
07-11 17:28:43.462  1809  1864 D DisplayManagerService: Ignore redundant display event 0/2 to 10367/16858
07-11 17:28:43.462  1809  1864 D DisplayManagerService: Ignore redundant display event 0/2 to 10404/17221
07-11 17:28:43.462  1809  1864 D DisplayManagerService: Ignore redundant display event 0/2 to 10202/18955
07-11 17:28:43.462  1809  1864 D DisplayManagerService: Ignore redundant display event 0/2 to 10410/18969
07-11 17:28:43.462  1809  1864 D DisplayManagerService: Ignore redundant display event 0/2 to 10240/20083
07-11 17:28:43.462  1809  1864 D DisplayManagerService: Ignore redundant display event 0/2 to 10266/21164
07-11 17:28:43.462  1809  1864 D DisplayManagerService: Ignore redundant display event 0/2 to 10323/21821
07-11 17:28:43.474  1809  1855 D PowerManagerService: nativeAcquireSuspendBlocker name:PowerManagerService.WakeLocks duration ms: 1
07-11 17:28:43.477  1809  1855 D PowerManagerService: nativeReleaseSuspendBlocker name:PowerManagerService.WakeLocks duration ms: 0
07-11 17:28:43.482  1809  1855 D PowerManagerService: nativeAcquireSuspendBlocker name:PowerManagerService.WakeLocks duration ms: 1
07-11 17:28:43.485  1809  1854 D PowerManagerService: nativeReleaseSuspendBlocker name:PowerManagerService.WakeLocks duration ms: 1
07-11 17:28:43.575  1809  2047 W BoostOptController: not supported hint: 118
07-11 17:28:43.769  1809  2047 W BoostOptController: not supported hint: 118
07-11 17:28:43.876  1809  2047 W BoostOptController: not supported hint: 118
07-11 17:28:43.983  1809  2047 W BoostOptController: not supported hint: 118
07-11 17:28:44.087  1809  2047 W BoostOptController: not supported hint: 118
07-11 17:28:44.407  1809  1864 I DisplayDeviceRepository: Display device changed render timings: "内蔵スクリーン", renderFrameRate=90.0, presentationDeadlineNanos=24777778, appVsyncOffsetNanos=-8000000
07-11 17:28:44.409  1809  1903 D BrightnessThermalClamper: Thermal status observer already started
07-11 17:28:44.411  1809  1864 D DisplayManagerService: Ignore redundant display event 0/2 to 10439/5392
07-11 17:28:44.412  1809  1864 D DisplayManagerService: Ignore redundant display event 0/2 to 10350/9961
07-11 17:28:44.412  1809  1864 D DisplayManagerService: Ignore redundant display event 0/2 to 10237/16105
07-11 17:28:44.412  1809  1864 D DisplayManagerService: Ignore redundant display event 0/2 to 10237/16219
07-11 17:28:44.412  1809  1864 D DisplayManagerService: Ignore redundant display event 0/2 to 10438/16794
07-11 17:28:44.412  1809  1864 D DisplayManagerService: Ignore redundant display event 0/2 to 10367/16858
07-11 17:28:44.412  1809  1864 D DisplayManagerService: Ignore redundant display event 0/2 to 10404/17221
07-11 17:28:44.412  1809  1864 D DisplayManagerService: Ignore redundant display event 0/2 to 10202/18955
07-11 17:28:44.412  1809  1864 D DisplayManagerService: Ignore redundant display event 0/2 to 10410/18969
07-11 17:28:44.413  1809  1864 D DisplayManagerService: Ignore redundant display event 0/2 to 10240/20083
07-11 17:28:44.413  1809  1864 D DisplayManagerService: Ignore redundant display event 0/2 to 10266/21164
07-11 17:28:44.413  1809  1864 D DisplayManagerService: Ignore redundant display event 0/2 to 10323/21821
07-11 17:28:45.043  1809  2047 W BoostOptController: not supported hint: 118
07-11 17:28:45.141  1809  2047 W BoostOptController: not supported hint: 118
07-11 17:28:45.259  1809  2047 W BoostOptController: not supported hint: 118
07-11 17:28:45.410  1809  2047 W BoostOptController: not supported hint: 118
07-11 17:28:45.513  1809  2047 W BoostOptController: not supported hint: 118
07-11 17:28:45.697  1809  2047 W BoostOptController: not supported hint: 118
07-11 17:28:45.816  1809  2047 W BoostOptController: not supported hint: 118
07-11 17:28:45.837  1809  2736 D PowerManagerService: nativeAcquireSuspendBlocker name:PowerManagerService.WakeLocks duration ms: 1
07-11 17:28:45.881  1809  3646 D PowerManagerService: nativeReleaseSuspendBlocker name:PowerManagerService.WakeLocks duration ms: 0
07-11 17:28:46.110  1809  2047 W BoostOptController: not supported hint: 118
07-11 17:28:46.283  1809  2047 W BoostOptController: not supported hint: 118
07-11 17:28:46.955  1809  2030 D PowerManagerService: nativeAcquireSuspendBlocker name:PowerManagerService.WakeLocks duration ms: 3
07-11 17:28:46.964  1809  1809 D PowerManagerService: nativeReleaseSuspendBlocker name:PowerManagerService.WakeLocks duration ms: 1
07-11 17:28:46.973  1809  2005 D BatteryService: uevent={POWER_SUPPLY_VOLTAGE_NOW=3738000, POWER_SUPPLY_CURRENT_AVG=-491600, POWER_SUPPLY_CAPACITY_LEVEL=Normal, POWER_SUPPLY_TYPE=Battery, POWER_SUPPLY_HEALTH=Good, POWER_SUPPLY_CURRENT_NOW=-286000, POWER_SUPPLY_PRESENT=1, POWER_SUPPLY_TECHNOLOGY=Li-ion, POWER_SUPPLY_CHARGE_FULL=5025700, POWER_SUPPLY_TIME_TO_FULL_NOW=31613, POWER_SUPPLY_CHARGE_FULL_DESIGN=4997000, SUBSYSTEM=power_supply, POWER_SUPPLY_CONSTANT_CHARGE_VOLTAGE=4300, POWER_SUPPLY_TEMP=350, SEQNUM=79452, ACTION=change, POWER_SUPPLY_NAME=battery, POWER_SUPPLY_STATUS=Discharging, POWER_SUPPLY_CYCLE_COUNT=99, POWER_SUPPLY_CHARGE_COUNTER=1356939, POWER_SUPPLY_CAPACITY=27, DEVPATH=/devices/platform/11b20000.i2c/i2c-5/5-0034/11b20000.i2c:mt6375@34:mtk_gauge/power_supply/battery}
07-11 17:28:46.973  1809  2005 D BatteryService: uevent={POWER_SUPPLY_VOLTAGE_NOW=3738000, POWER_SUPPLY_CURRENT_AVG=-491600, POWER_SUPPLY_CAPACITY_LEVEL=Normal, POWER_SUPPLY_TYPE=Battery, POWER_SUPPLY_HEALTH=Good, POWER_SUPPLY_CURRENT_NOW=-286000, POWER_SUPPLY_PRESENT=1, POWER_SUPPLY_TECHNOLOGY=Li-ion, POWER_SUPPLY_CHARGE_FULL=5025700, POWER_SUPPLY_TIME_TO_FULL_NOW=31613, POWER_SUPPLY_CHARGE_FULL_DESIGN=4997000, SUBSYSTEM=power_supply, POWER_SUPPLY_CONSTANT_CHARGE_VOLTAGE=4300, POWER_SUPPLY_TEMP=350, SEQNUM=79452, ACTION=change, POWER_SUPPLY_NAME=battery, POWER_SUPPLY_STATUS=Discharging, POWER_SUPPLY_CYCLE_COUNT=99, POWER_SUPPLY_CHARGE_COUNTER=1356939, POWER_SUPPLY_CAPACITY=27, DEVPATH=/devices/platform/11b20000.i2c/i2c-5/5-0034/11b20000.i2c:mt6375@34:mtk_gauge/power_supply/battery}
07-11 17:28:46.991  1809  1809 V UiModeManager: updateLocked: null action, mDockState=0, category=null
07-11 17:28:46.992  1809  1809 D UiModeManager: updateConfigurationLocked: mDockState=0; mCarMode=false; mNightMode=com.android.server.UiModeManagerService$1@3615c49; mNightModeCustomType=-1; uiMode=17
07-11 17:28:46.994  1809  1809 V UiModeManager: updateLocked: null action, mDockState=0, category=null
07-11 17:28:46.994  1809  1809 D UiModeManager: updateConfigurationLocked: mDockState=0; mCarMode=false; mNightMode=com.android.server.UiModeManagerService$1@3615c49; mNightModeCustomType=-1; uiMode=17
07-11 17:28:47.261  1809  2047 W BoostOptController: not supported hint: 118
07-11 17:28:47.450  1809  2047 W BoostOptController: not supported hint: 118
07-11 17:28:47.520  1809  2736 E ActivityManager: Resetting option setPendingIntentBackgroundActivityStartMode(1) to SYSTEM_DEFINED from the options provided by the pending intent creator (com.motorola.timeweatherwidget) because this option is meant for the pending intent sender
07-11 17:28:47.521  1809  2736 E ActivityManager: Resetting option setPendingIntentBackgroundActivityStartMode(1) to SYSTEM_DEFINED from the options provided by the pending intent creator (com.motorola.timeweatherwidget) because this option is meant for the pending intent sender
07-11 17:28:47.522  1809  2736 E ActivityManager: Resetting option setPendingIntentBackgroundActivityStartMode(1) to SYSTEM_DEFINED from the options provided by the pending intent creator (com.motorola.timeweatherwidget) because this option is meant for the pending intent sender
07-11 17:28:47.528  1809  2736 E ActivityManager: Resetting option setPendingIntentBackgroundActivityStartMode(1) to SYSTEM_DEFINED from the options provided by the pending intent creator (com.motorola.timeweatherwidget) because this option is meant for the pending intent sender
07-11 17:28:47.529  1809  2736 E ActivityManager: Resetting option setPendingIntentBackgroundActivityStartMode(1) to SYSTEM_DEFINED from the options provided by the pending intent creator (com.motorola.timeweatherwidget) because this option is meant for the pending intent sender
07-11 17:28:47.530  1809  2736 E ActivityManager: Resetting option setPendingIntentBackgroundActivityStartMode(1) to SYSTEM_DEFINED from the options provided by the pending intent creator (com.motorola.timeweatherwidget) because this option is meant for the pending intent sender
07-11 17:28:47.534  1809  2253 D AppWidgetServiceImpl: Trying to notify widget update for package com.motorola.timeweatherwidget with widget id: 2
07-11 17:28:47.559  1809  2047 W BoostOptController: not supported hint: 118
07-11 17:28:47.664  1809  2047 W BoostOptController: not supported hint: 118
07-11 17:28:47.778  1809  2047 W BoostOptController: not supported hint: 118
07-11 17:28:47.880  1809  2047 W BoostOptController: not supported hint: 118
07-11 17:28:48.046  1809  4172 D PowerManagerService: nativeAcquireSuspendBlocker name:PowerManagerService.WakeLocks duration ms: 3
07-11 17:28:48.056  1809  2736 D PowerManagerService: nativeReleaseSuspendBlocker name:PowerManagerService.WakeLocks duration ms: 0
07-11 17:28:48.056 31119 31133 W Binder  : reply too large data on java level: InterfaceDescriptor = null, code = 1
07-11 17:28:48.126  1809  2047 W BoostOptController: not supported hint: 118
07-11 17:28:48.232  1809  2047 W BoostOptController: not supported hint: 118
07-11 17:28:48.407  1809  2047 W BoostOptController: not supported hint: 118
07-11 17:28:48.581  1809  2047 W BoostOptController: not supported hint: 118
07-11 17:28:48.690  1809  2047 W BoostOptController: not supported hint: 118
07-11 17:28:48.836  1809  2736 D PowerManagerService: nativeAcquireSuspendBlocker name:PowerManagerService.WakeLocks duration ms: 2
07-11 17:28:48.842  1809  4216 D PowerManagerService: nativeReleaseSuspendBlocker name:PowerManagerService.WakeLocks duration ms: 0
07-11 17:28:48.848  1809  4216 D PowerManagerService: nativeAcquireSuspendBlocker name:PowerManagerService.WakeLocks duration ms: 2
07-11 17:28:48.853  1809  4216 D PowerManagerService: nativeReleaseSuspendBlocker name:PowerManagerService.WakeLocks duration ms: 1
07-11 17:28:48.870  1809  2047 W BoostOptController: not supported hint: 118
07-11 17:28:48.973  1809  2047 W BoostOptController: not supported hint: 118
07-11 17:28:49.012  1809  2590 D PowerManagerService: nativeAcquireSuspendBlocker name:PowerManagerService.WakeLocks duration ms: 3
07-11 17:28:49.062  1809  2313 D PowerManagerService: nativeReleaseSuspendBlocker name:PowerManagerService.WakeLocks duration ms: 0
07-11 17:28:49.207  1809  2047 W BoostOptController: not supported hint: 118
07-11 17:28:49.276  1809  2590 D CoreBackPreview: startBackNavigation currentTask=Task{a832f2b #3923 type=standard A=10362:com.discord}, topRunningActivity=ActivityRecord{9fc9ba5 u0 com.discord/.main.MainDefault t3923}, callbackInfo=OnBackInvokedCallbackInfo{mCallback=android.window.IOnBackInvokedCallback$Stub$Proxy@c713442, mPriority=0, mIsAnimationCallback=false}, currentFocus=Window{f694f24 u0 com.discord/com.discord.main.MainDefault}
07-11 17:28:49.277  2325  2403 D ShellBackPreview: Received backNavigationInfo:BackNavigationInfo{mType=TYPE_CALLBACK (4), mOnBackNavigationDone=android.os.RemoteCallback@806b03d, mOnBackInvokedCallback=android.window.IOnBackInvokedCallback$Stub$Proxy@b9d032, mPrepareRemoteAnimation=false, mAnimationCallback=false, mCustomizeAnimationInfo=null}
07-11 17:28:49.291  2325  2403 D ShellBackPreview: Finishing gesture with event action: 1
07-11 17:28:49.292  2325  2403 D ShellBackPreview: onGestureFinished() mTriggerBack == false
07-11 17:28:49.292  2325  2403 D ShellBackPreview: Trigger back without dispatching to animator.
07-11 17:28:49.292  2325  2403 D ShellBackPreview: BackAnimationController: finishBackNavigation()
07-11 17:28:49.292  1809  2590 D CoreBackPreview: onBackNavigationDone backType=4, triggerBack=false
07-11 17:28:49.308  1809  2590 D PowerManagerService: nativeAcquireSuspendBlocker name:PowerManagerService.WakeLocks duration ms: 2
07-11 17:28:49.315  1809  4216 D PowerManagerService: nativeReleaseSuspendBlocker name:PowerManagerService.WakeLocks duration ms: 1
07-11 17:28:49.321  1809  4216 D PowerManagerService: nativeAcquireSuspendBlocker name:PowerManagerService.WakeLocks duration ms: 2
07-11 17:28:49.327  1809  4216 D PowerManagerService: nativeReleaseSuspendBlocker name:PowerManagerService.WakeLocks duration ms: 0
07-11 17:28:49.609  1809  2047 W BoostOptController: not supported hint: 118
07-11 17:28:49.990  1809  2047 W BoostOptController: not supported hint: 118
07-11 17:28:50.133  1809  2047 W BoostOptController: not supported hint: 118
07-11 17:28:50.264  1809  2047 W BoostOptController: not supported hint: 118
07-11 17:28:50.688  1809  2047 W BoostOptController: not supported hint: 118
07-11 17:28:50.808  1809  2313 D CoreBackPreview: Window{cbfb5ba u0 com.google.android.inputmethod.latin}: Setting back callback OnBackInvokedCallbackInfo{mCallback=android.window.IOnBackInvokedCallback$Stub$Proxy@8a37386, mPriority=-1, mIsAnimationCallback=false}
07-11 17:28:50.817  2325  2403 D WindowManagerShell: onKeepClearAreasChanged: restricted={}, unrestricted={Rect(0, 0 - 1080, 2400), Rect(0, 1531 - 1080, 2400)}
07-11 17:28:50.846  1809  1866 W BoostOptController: not supported hint: 118
07-11 17:28:50.857  1809  1866 W BoostOptController: not supported hint: 118
07-11 17:28:51.523  1809  2047 W BoostOptController: not supported hint: 118
07-11 17:28:51.573  1809  4216 D CoreBackPreview: Window{cbfb5ba u0 com.google.android.inputmethod.latin}: Setting back callback null
07-11 17:28:51.574  2325  2403 D ShellBackPreview: Finishing gesture with event action: 1
07-11 17:28:51.575  2325  2403 D ShellBackPreview: onGestureFinished called while no gesture is started
07-11 17:28:51.599  1809  1866 W BoostOptController: not supported hint: 118
07-11 17:28:51.603  2325  2403 D WindowManagerShell: onKeepClearAreasChanged: restricted={}, unrestricted={Rect(0, 1531 - 1080, 2400)}
07-11 17:28:51.610  1809  1866 W BoostOptController: not supported hint: 118
07-11 17:28:51.626  1809  1864 V WindowManager: Unknown focus tokens, dropping reportFocusChanged
07-11 17:28:52.048  1809  2047 W BoostOptController: not supported hint: 118
07-11 17:28:52.239  1809  4216 W PackageConfigPersister: App-specific configuration not found for packageName: com.discord and userId: 0
07-11 17:28:52.827  1809  2047 W BoostOptController: not supported hint: 118
07-11 17:28:52.885  1809  1864 I DisplayDeviceRepository: Display device changed render timings: "内蔵スクリーン", renderFrameRate=120.00001, presentationDeadlineNanos=22000000, appVsyncOffsetNanos=-8000000
07-11 17:28:52.887  1809  1903 D BrightnessThermalClamper: Thermal status observer already started
07-11 17:28:52.887  1809  1864 D DisplayManagerService: Ignore redundant display event 0/2 to 10439/5392
07-11 17:28:52.888  1809  1864 D DisplayManagerService: Ignore redundant display event 0/2 to 10350/9961
07-11 17:28:52.888  1809  1864 D DisplayManagerService: Ignore redundant display event 0/2 to 10237/16105
07-11 17:28:52.888  1809  1864 D DisplayManagerService: Ignore redundant display event 0/2 to 10237/16219
07-11 17:28:52.888  1809  1864 D DisplayManagerService: Ignore redundant display event 0/2 to 10438/16794
07-11 17:28:52.888  1809  1864 D DisplayManagerService: Ignore redundant display event 0/2 to 10367/16858
07-11 17:28:52.888  1809  1864 D DisplayManagerService: Ignore redundant display event 0/2 to 10404/17221
07-11 17:28:52.888  1809  1864 D DisplayManagerService: Ignore redundant display event 0/2 to 10202/18955
07-11 17:28:52.888  1809  1864 D DisplayManagerService: Ignore redundant display event 0/2 to 10410/18969
07-11 17:28:52.889  1809  1864 D DisplayManagerService: Ignore redundant display event 0/2 to 10240/20083
07-11 17:28:52.889  1809  1864 D DisplayManagerService: Ignore redundant display event 0/2 to 10266/21164
07-11 17:28:52.889  1809  1864 D DisplayManagerService: Ignore redundant display event 0/2 to 10323/21821
07-11 17:28:52.916  1809  1862 W BoostOptController: not supported hint: 118
07-11 17:28:53.331  1809  4216 D PowerManagerService: nativeAcquireSuspendBlocker name:PowerManagerService.WakeLocks duration ms: 1
07-11 17:28:53.334  1809  4216 D PowerManagerService: nativeReleaseSuspendBlocker name:PowerManagerService.WakeLocks duration ms: 1
07-11 17:28:53.419  1809  4216 D PowerManagerService: nativeAcquireSuspendBlocker name:PowerManagerService.WakeLocks duration ms: 1
07-11 17:28:53.423  1809  1854 D PowerManagerService: nativeReleaseSuspendBlocker name:PowerManagerService.WakeLocks duration ms: 0
07-11 17:28:53.479  1809  1854 D PowerManagerService: nativeAcquireSuspendBlocker name:PowerManagerService.WakeLocks duration ms: 1
07-11 17:28:53.483  1809  1854 D PowerManagerService: nativeReleaseSuspendBlocker name:PowerManagerService.WakeLocks duration ms: 0
07-11 17:28:53.486  1809  1854 D PowerManagerService: nativeAcquireSuspendBlocker name:PowerManagerService.WakeLocks duration ms: 2
07-11 17:28:53.490  1809  4216 D PowerManagerService: nativeReleaseSuspendBlocker name:PowerManagerService.WakeLocks duration ms: 0
07-11 17:28:53.553  1809  2047 W BoostOptController: not supported hint: 118
07-11 17:28:53.670  1809  2047 W BoostOptController: not supported hint: 118
07-11 17:28:53.831  1809  2047 W BoostOptController: not supported hint: 118
07-11 17:28:53.949  1809  2047 W BoostOptController: not supported hint: 118
07-11 17:28:54.057  1809  2047 W BoostOptController: not supported hint: 118
07-11 17:28:54.140  1809  1854 D CoreBackPreview: Window{2512510 u0 com.discord/com.discord.main.MainDefault}: Setting back callback OnBackInvokedCallbackInfo{mCallback=android.window.IOnBackInvokedCallback$Stub$Proxy@b8fea0e, mPriority=0, mIsAnimationCallback=false}
07-11 17:28:54.191  1809  2047 W BoostOptController: not supported hint: 118
07-11 17:28:54.223  1809  1864 I DisplayDeviceRepository: Display device changed render timings: "内蔵スクリーン", renderFrameRate=90.0, presentationDeadlineNanos=24777778, appVsyncOffsetNanos=-8000000
07-11 17:28:54.225  1809  1903 D BrightnessThermalClamper: Thermal status observer already started
07-11 17:28:54.225  1809  1864 D DisplayManagerService: Ignore redundant display event 0/2 to 10439/5392
07-11 17:28:54.226  1809  1864 D DisplayManagerService: Ignore redundant display event 0/2 to 10350/9961
07-11 17:28:54.226  1809  1864 D DisplayManagerService: Ignore redundant display event 0/2 to 10237/16105
07-11 17:28:54.227  1809  1864 D DisplayManagerService: Ignore redundant display event 0/2 to 10237/16219
07-11 17:28:54.227  1809  1864 D DisplayManagerService: Ignore redundant display event 0/2 to 10438/16794
07-11 17:28:54.227  1809  1864 D DisplayManagerService: Ignore redundant display event 0/2 to 10367/16858
07-11 17:28:54.227  1809  1864 D DisplayManagerService: Ignore redundant display event 0/2 to 10404/17221
07-11 17:28:54.230  1809  1864 D DisplayManagerService: Ignore redundant display event 0/2 to 10202/18955
07-11 17:28:54.231  1809  1864 D DisplayManagerService: Ignore redundant display event 0/2 to 10410/18969
07-11 17:28:54.232  1809  1864 D DisplayManagerService: Ignore redundant display event 0/2 to 10240/20083
07-11 17:28:54.232  1809  1864 D DisplayManagerService: Ignore redundant display event 0/2 to 10266/21164
07-11 17:28:54.233  1809  1864 D DisplayManagerService: Ignore redundant display event 0/2 to 10323/21821
07-11 17:28:54.299  2325  2403 D WindowManagerShell: onKeepClearAreasChanged: restricted={}, unrestricted={}
07-11 17:28:54.301  1809  2313 W PackageConfigPersister: App-specific configuration not found for packageName: com.discord and userId: 0
07-11 17:28:54.495  1809  2047 W BoostOptController: not supported hint: 118
07-11 17:28:54.856  1809  2313 D PowerManagerService: nativeSetPowerMode ret:true mode:5 enabled:false duration ms: 1
07-11 17:28:54.858  1809  2047 W BoostOptController: not supported hint: 118
07-11 17:28:55.216  1809  2313 D CoreBackPreview: Window{2512510 u0 com.discord/com.discord.main.MainDefault}: Setting back callback null
07-11 17:28:55.246  1809  1864 V WindowManager: Unknown focus tokens, dropping reportFocusChanged
07-11 17:28:55.296  1809  4216 W PackageConfigPersister: App-specific configuration not found for packageName: com.discord and userId: 0
07-11 17:28:55.344  1809  4172 D PowerManagerService: nativeSetPowerMode ret:true mode:5 enabled:true duration ms: 0
07-11 17:28:55.390  2325  2403 D WindowManagerShell: onKeepClearAreasChanged: restricted={}, unrestricted={Rect(0, 1531 - 1080, 2400)}
07-11 17:28:55.877  1809  1864 I DisplayDeviceRepository: Display device changed render timings: "内蔵スクリーン", renderFrameRate=120.00001, presentationDeadlineNanos=22000000, appVsyncOffsetNanos=-8000000
07-11 17:28:55.879  1809  1903 D BrightnessThermalClamper: Thermal status observer already started
07-11 17:28:55.881  1809  1864 D DisplayManagerService: Ignore redundant display event 0/2 to 10439/5392
07-11 17:28:55.881  1809  1864 D DisplayManagerService: Ignore redundant display event 0/2 to 10350/9961
07-11 17:28:55.881  1809  1864 D DisplayManagerService: Ignore redundant display event 0/2 to 10237/16105
07-11 17:28:55.881  1809  1864 D DisplayManagerService: Ignore redundant display event 0/2 to 10237/16219
07-11 17:28:55.881  1809  1864 D DisplayManagerService: Ignore redundant display event 0/2 to 10438/16794
07-11 17:28:55.881  1809  1864 D DisplayManagerService: Ignore redundant display event 0/2 to 10367/16858
07-11 17:28:55.881  1809  1864 D DisplayManagerService: Ignore redundant display event 0/2 to 10404/17221
07-11 17:28:55.881  1809  1864 D DisplayManagerService: Ignore redundant display event 0/2 to 10202/18955
07-11 17:28:55.881  1809  1864 D DisplayManagerService: Ignore redundant display event 0/2 to 10410/18969
07-11 17:28:55.881  1809  1864 D DisplayManagerService: Ignore redundant display event 0/2 to 10240/20083
07-11 17:28:55.881  1809  1864 D DisplayManagerService: Ignore redundant display event 0/2 to 10266/21164
07-11 17:28:55.881  1809  1864 D DisplayManagerService: Ignore redundant display event 0/2 to 10323/21821
07-11 17:28:56.195  1809  2047 W BoostOptController: not supported hint: 118
07-11 17:28:56.211  1809  1864 I DisplayDeviceRepository: Display device changed render timings: "内蔵スクリーン", renderFrameRate=90.0, presentationDeadlineNanos=24777778, appVsyncOffsetNanos=-8000000
07-11 17:28:56.213  1809  1903 D BrightnessThermalClamper: Thermal status observer already started
07-11 17:28:56.213  1809  1864 D DisplayManagerService: Ignore redundant display event 0/2 to 10439/5392
07-11 17:28:56.213  1809  1864 D DisplayManagerService: Ignore redundant display event 0/2 to 10350/9961
07-11 17:28:56.213  1809  1864 D DisplayManagerService: Ignore redundant display event 0/2 to 10237/16105
07-11 17:28:56.213  1809  1864 D DisplayManagerService: Ignore redundant display event 0/2 to 10237/16219
07-11 17:28:56.213  1809  1864 D DisplayManagerService: Ignore redundant display event 0/2 to 10438/16794
07-11 17:28:56.213  1809  1864 D DisplayManagerService: Ignore redundant display event 0/2 to 10367/16858
07-11 17:28:56.213  1809  1864 D DisplayManagerService: Ignore redundant display event 0/2 to 10404/17221
07-11 17:28:56.213  1809  1864 D DisplayManagerService: Ignore redundant display event 0/2 to 10202/18955
07-11 17:28:56.213  1809  1864 D DisplayManagerService: Ignore redundant display event 0/2 to 10410/18969
07-11 17:28:56.213  1809  1864 D DisplayManagerService: Ignore redundant display event 0/2 to 10240/20083
07-11 17:28:56.213  1809  1864 D DisplayManagerService: Ignore redundant display event 0/2 to 10266/21164
07-11 17:28:56.213  1809  1864 D DisplayManagerService: Ignore redundant display event 0/2 to 10323/21821
07-11 17:28:56.290  1809  4172 D PowerManagerService: nativeSetPowerMode ret:true mode:5 enabled:true duration ms: 0
07-11 17:28:56.299  1809  4216 D CoreBackPreview: Window{7ca5e0f u0 PopupWindow:41984ee}: Setting back callback OnBackInvokedCallbackInfo{mCallback=android.window.IOnBackInvokedCallback$Stub$Proxy@5efb0a5, mPriority=0, mIsAnimationCallback=false}
07-11 17:28:56.324  1809  1866 W BoostOptController: not supported hint: 118
07-11 17:28:57.017  1809  2047 W BoostOptController: not supported hint: 118
07-11 17:28:57.118  1809  4172 D CoreBackPreview: Window{7ca5e0f u0 PopupWindow:41984ee}: Setting back callback null
07-11 17:28:57.121  1809  4172 D PowerManagerService: nativeSetPowerMode ret:true mode:5 enabled:false duration ms: 0
07-11 17:28:57.131  1809  1866 W BoostOptController: not supported hint: 118
07-11 17:28:57.133  1809  4216 D PowerManagerService: nativeSetPowerMode ret:true mode:5 enabled:true duration ms: 0
07-11 17:28:57.141  1809  4216 D CoreBackPreview: Window{190a81e u0 PopupWindow:41984ee}: Setting back callback OnBackInvokedCallbackInfo{mCallback=android.window.IOnBackInvokedCallback$Stub$Proxy@c4f16cc, mPriority=0, mIsAnimationCallback=false}
07-11 17:28:57.165  1809  1866 W BoostOptController: not supported hint: 118
07-11 17:28:57.766  1809  2047 W BoostOptController: not supported hint: 118
07-11 17:28:57.867  1809  2313 D CoreBackPreview: Window{190a81e u0 PopupWindow:41984ee}: Setting back callback null
07-11 17:28:57.869  1809  2313 D PowerManagerService: nativeSetPowerMode ret:true mode:5 enabled:false duration ms: 1
07-11 17:28:57.884  1809  1866 W BoostOptController: not supported hint: 118
07-11 17:28:58.330  1809  2313 D PowerManagerService: nativeAcquireSuspendBlocker name:PowerManagerService.WakeLocks duration ms: 2
07-11 17:28:58.334  1809  4216 D PowerManagerService: nativeReleaseSuspendBlocker name:PowerManagerService.WakeLocks duration ms: 0
07-11 17:28:58.385  1809  2047 W BoostOptController: not supported hint: 118
07-11 17:28:58.498  1809  2047 W BoostOptController: not supported hint: 118
07-11 17:28:58.637  1809  4172 D PowerManagerService: nativeAcquireSuspendBlocker name:PowerManagerService.WakeLocks duration ms: 1
07-11 17:28:58.640  1809  4172 D PowerManagerService: nativeReleaseSuspendBlocker name:PowerManagerService.WakeLocks duration ms: 0
07-11 17:28:58.725  1809  2047 W BoostOptController: not supported hint: 118
07-11 17:28:58.834  1809  2047 W BoostOptController: not supported hint: 118
07-11 17:28:58.844  1809  4172 D PowerManagerService: nativeAcquireSuspendBlocker name:PowerManagerService.WakeLocks duration ms: 2
07-11 17:28:58.848  1809  4216 D PowerManagerService: nativeReleaseSuspendBlocker name:PowerManagerService.WakeLocks duration ms: 0
07-11 17:28:58.851  1809  4216 D PowerManagerService: nativeAcquireSuspendBlocker name:PowerManagerService.WakeLocks duration ms: 2
07-11 17:28:58.854  1809  4172 D PowerManagerService: nativeReleaseSuspendBlocker name:PowerManagerService.WakeLocks duration ms: 0
07-11 17:28:58.962  1809  2047 W BoostOptController: not supported hint: 118
07-11 17:28:59.033  1809  4172 D PowerManagerService: nativeAcquireSuspendBlocker name:PowerManagerService.WakeLocks duration ms: 1
07-11 17:28:59.037  1809  4216 D PowerManagerService: nativeReleaseSuspendBlocker name:PowerManagerService.WakeLocks duration ms: 0
07-11 17:28:59.070  1809  2047 W BoostOptController: not supported hint: 118
07-11 17:28:59.184  1809  2047 W BoostOptController: not supported hint: 118
07-11 17:28:59.287  1809  2047 W BoostOptController: not supported hint: 118
07-11 17:28:59.353  1809  2313 D PowerManagerService: nativeAcquireSuspendBlocker name:PowerManagerService.WakeLocks duration ms: 1
07-11 17:28:59.356  1809  4216 D PowerManagerService: nativeReleaseSuspendBlocker name:PowerManagerService.WakeLocks duration ms: 0
07-11 17:28:59.360  1809  4216 D PowerManagerService: nativeAcquireSuspendBlocker name:PowerManagerService.WakeLocks duration ms: 2
07-11 17:28:59.363  1809  4216 D PowerManagerService: nativeReleaseSuspendBlocker name:PowerManagerService.WakeLocks duration ms: 0
07-11 17:28:59.390  1809  2047 W BoostOptController: not supported hint: 118
07-11 17:28:59.495  1809  2047 W BoostOptController: not supported hint: 118
07-11 17:28:59.980  1809  2047 W BoostOptController: not supported hint: 118
07-11 17:29:00.002  1809  2030 D PowerManagerService: nativeAcquireSuspendBlocker name:PowerManagerService.WakeLocks duration ms: 2
07-11 17:29:00.004  1809  1809 D PowerManagerService: nativeReleaseSuspendBlocker name:PowerManagerService.WakeLocks duration ms: 0
07-11 17:29:00.004  2325  2325 V KeyguardStatusViewController: onTimeChanged
07-11 17:29:00.099  1809  4216 D PowerManagerService: nativeAcquireSuspendBlocker name:PowerManagerService.WakeLocks duration ms: 2
07-11 17:29:00.110 31119 31337 W Binder  : reply too large data on java level: InterfaceDescriptor = null, code = 1
07-11 17:29:00.111  1809  1996 D PowerManagerService: nativeReleaseSuspendBlocker name:PowerManagerService.WakeLocks duration ms: 0
07-11 17:29:00.528  1809  2047 W BoostOptController: not supported hint: 118
07-11 17:29:00.569  1809  1996 D CoreBackPreview: startBackNavigation currentTask=Task{a832f2b #3923 type=standard A=10362:com.discord}, topRunningActivity=ActivityRecord{9fc9ba5 u0 com.discord/.main.MainDefault t3923}, callbackInfo=OnBackInvokedCallbackInfo{mCallback=android.window.IOnBackInvokedCallback$Stub$Proxy@c713442, mPriority=0, mIsAnimationCallback=false}, currentFocus=Window{f694f24 u0 com.discord/com.discord.main.MainDefault}
07-11 17:29:00.570  2325  2403 D ShellBackPreview: Received backNavigationInfo:BackNavigationInfo{mType=TYPE_CALLBACK (4), mOnBackNavigationDone=android.os.RemoteCallback@bf49553, mOnBackInvokedCallback=android.window.IOnBackInvokedCallback$Stub$Proxy@dd50e90, mPrepareRemoteAnimation=false, mAnimationCallback=false, mCustomizeAnimationInfo=null}
07-11 17:29:00.580  2325  2403 D ShellBackPreview: Finishing gesture with event action: 1
07-11 17:29:00.580  2325  2403 D ShellBackPreview: onGestureFinished() mTriggerBack == false
07-11 17:29:00.580  2325  2403 D ShellBackPreview: Trigger back without dispatching to animator.
07-11 17:29:00.580  2325  2403 D ShellBackPreview: BackAnimationController: finishBackNavigation()
07-11 17:29:00.581  1809  1996 D CoreBackPreview: onBackNavigationDone backType=4, triggerBack=false
07-11 17:29:00.659  1809  1996 W PackageConfigPersister: App-specific configuration not found for packageName: com.discord and userId: 0
07-11 17:29:01.552  1809  1864 I DisplayDeviceRepository: Display device changed render timings: "内蔵スクリーン", renderFrameRate=120.00001, presentationDeadlineNanos=22000000, appVsyncOffsetNanos=-8000000
07-11 17:29:01.556  1809  1903 D BrightnessThermalClamper: Thermal status observer already started
07-11 17:29:01.560  1809  1864 D DisplayManagerService: Ignore redundant display event 0/2 to 10439/5392
07-11 17:29:01.560  1809  1864 D DisplayManagerService: Ignore redundant display event 0/2 to 10350/9961
07-11 17:29:01.560  1809  1864 D DisplayManagerService: Ignore redundant display event 0/2 to 10237/16105
07-11 17:29:01.560  1809  1864 D DisplayManagerService: Ignore redundant display event 0/2 to 10237/16219
07-11 17:29:01.560  1809  1864 D DisplayManagerService: Ignore redundant display event 0/2 to 10438/16794
07-11 17:29:01.561  1809  1864 D DisplayManagerService: Ignore redundant display event 0/2 to 10367/16858
07-11 17:29:01.561  1809  1864 D DisplayManagerService: Ignore redundant display event 0/2 to 10404/17221
07-11 17:29:01.561  1809  1864 D DisplayManagerService: Ignore redundant display event 0/2 to 10202/18955
07-11 17:29:01.561  1809  1864 D DisplayManagerService: Ignore redundant display event 0/2 to 10410/18969
07-11 17:29:01.561  1809  1864 D DisplayManagerService: Ignore redundant display event 0/2 to 10240/20083
07-11 17:29:01.561  1809  1864 D DisplayManagerService: Ignore redundant display event 0/2 to 10266/21164
07-11 17:29:01.561  1809  1864 D DisplayManagerService: Ignore redundant display event 0/2 to 10323/21821
07-11 17:29:02.122  1809  1864 I DisplayDeviceRepository: Display device changed render timings: "内蔵スクリーン", renderFrameRate=60.000004, presentationDeadlineNanos=28600000, appVsyncOffsetNanos=8400000
07-11 17:29:02.126  1809  1903 D BrightnessThermalClamper: Thermal status observer already started
07-11 17:29:02.132  1809  1864 D DisplayManagerService: Ignore redundant display event 0/2 to 10439/5392
07-11 17:29:02.134  1809  1864 D DisplayManagerService: Ignore redundant display event 0/2 to 10350/9961
07-11 17:29:02.134  1809  1864 D DisplayManagerService: Ignore redundant display event 0/2 to 10237/16105
07-11 17:29:02.134  1809  1864 D DisplayManagerService: Ignore redundant display event 0/2 to 10237/16219
07-11 17:29:02.134  1809  1864 D DisplayManagerService: Ignore redundant display event 0/2 to 10438/16794
07-11 17:29:02.135  1809  1864 D DisplayManagerService: Ignore redundant display event 0/2 to 10367/16858
07-11 17:29:02.135  1809  1864 D DisplayManagerService: Ignore redundant display event 0/2 to 10404/17221
07-11 17:29:02.135  1809  1864 D DisplayManagerService: Ignore redundant display event 0/2 to 10202/18955
07-11 17:29:02.135  1809  1864 D DisplayManagerService: Ignore redundant display event 0/2 to 10410/18969
07-11 17:29:02.136  1809  1864 D DisplayManagerService: Ignore redundant display event 0/2 to 10240/20083
07-11 17:29:02.136  1809  1864 D DisplayManagerService: Ignore redundant display event 0/2 to 10266/21164
07-11 17:29:02.136  1809  1864 D DisplayManagerService: Ignore redundant display event 0/2 to 10323/21821
07-11 17:29:03.129  1809  3644 D PowerManagerService: nativeAcquireSuspendBlocker name:PowerManagerService.WakeLocks duration ms: 3
07-11 17:29:03.147 31119 31337 W Binder  : reply too large data on java level: InterfaceDescriptor = null, code = 1
07-11 17:29:03.152  1809  2590 D PowerManagerService: nativeReleaseSuspendBlocker name:PowerManagerService.WakeLocks duration ms: 0
07-11 17:29:03.189  1809  1864 I DisplayDeviceRepository: Display device changed render timings: "内蔵スクリーン", renderFrameRate=30.000002, presentationDeadlineNanos=45266666, appVsyncOffsetNanos=8400000
07-11 17:29:03.193  1809  1903 D BrightnessThermalClamper: Thermal status observer already started
07-11 17:29:03.196  1809  1864 D DisplayManagerService: Ignore redundant display event 0/2 to 10439/5392
07-11 17:29:03.197  1809  1864 D DisplayManagerService: Ignore redundant display event 0/2 to 10350/9961
07-11 17:29:03.197  1809  1864 D DisplayManagerService: Ignore redundant display event 0/2 to 10237/16105
07-11 17:29:03.198  1809  1864 D DisplayManagerService: Ignore redundant display event 0/2 to 10237/16219
07-11 17:29:03.198  1809  1864 D DisplayManagerService: Ignore redundant display event 0/2 to 10438/16794
07-11 17:29:03.198  1809  1864 D DisplayManagerService: Ignore redundant display event 0/2 to 10367/16858
07-11 17:29:03.198  1809  1864 D DisplayManagerService: Ignore redundant display event 0/2 to 10404/17221
07-11 17:29:03.199  1809  1864 D DisplayManagerService: Ignore redundant display event 0/2 to 10202/18955
07-11 17:29:03.199  1809  1864 D DisplayManagerService: Ignore redundant display event 0/2 to 10410/18969
07-11 17:29:03.200  1809  1864 D DisplayManagerService: Ignore redundant display event 0/2 to 10240/20083
07-11 17:29:03.200  1809  1864 D DisplayManagerService: Ignore redundant display event 0/2 to 10266/21164
07-11 17:29:03.200  1809  1864 D DisplayManagerService: Ignore redundant display event 0/2 to 10323/21821
07-11 17:29:03.336  1809  3644 D PowerManagerService: nativeAcquireSuspendBlocker name:PowerManagerService.WakeLocks duration ms: 3
07-11 17:29:03.342  1809  3644 D PowerManagerService: nativeReleaseSuspendBlocker name:PowerManagerService.WakeLocks duration ms: 0
07-11 17:29:03.458  1809  3644 D PowerManagerService: nativeAcquireSuspendBlocker name:PowerManagerService.WakeLocks duration ms: 2
07-11 17:29:03.464  1809  3646 D PowerManagerService: nativeReleaseSuspendBlocker name:PowerManagerService.WakeLocks duration ms: 0
07-11 17:29:03.483  1809  3646 D PowerManagerService: nativeAcquireSuspendBlocker name:PowerManagerService.WakeLocks duration ms: 3
