07-11 17:29:03.489  1809  3646 D PowerManagerService: nativeReleaseSuspendBlocker name:PowerManagerService.WakeLocks duration ms: 1
07-11 17:29:03.495  1809  3646 D PowerManagerService: nativeAcquireSuspendBlocker name:PowerManagerService.WakeLocks duration ms: 2
07-11 17:29:03.501  1809  4172 D PowerManagerService: nativeReleaseSuspendBlocker name:PowerManagerService.WakeLocks duration ms: 1
07-11 17:29:04.735  1809  2047 W BoostOptController: not supported hint: 118
07-11 17:29:04.798  1809  1864 I DisplayDeviceRepository: Display device changed render timings: "内蔵スクリーン", renderFrameRate=90.0, presentationDeadlineNanos=24777778, appVsyncOffsetNanos=-8000000
07-11 17:29:04.801  1809  1903 D BrightnessThermalClamper: Thermal status observer already started
07-11 17:29:04.803  1809  3644 D CoreBackPreview: startBackNavigation currentTask=Task{a832f2b #3923 type=standard A=10362:com.discord}, topRunningActivity=ActivityRecord{9fc9ba5 u0 com.discord/.main.MainDefault t3923}, callbackInfo=OnBackInvokedCallbackInfo{mCallback=android.window.IOnBackInvokedCallback$Stub$Proxy@c713442, mPriority=0, mIsAnimationCallback=false}, currentFocus=Window{f694f24 u0 com.discord/com.discord.main.MainDefault}
07-11 17:29:04.805  1809  1864 D DisplayManagerService: Ignore redundant display event 0/2 to 10439/5392
07-11 17:29:04.805  2325  2403 D ShellBackPreview: Received backNavigationInfo:BackNavigationInfo{mType=TYPE_CALLBACK (4), mOnBackNavigationDone=android.os.RemoteCallback@b2483bc, mOnBackInvokedCallback=android.window.IOnBackInvokedCallback$Stub$Proxy@e178f45, mPrepareRemoteAnimation=false, mAnimationCallback=false, mCustomizeAnimationInfo=null}
07-11 17:29:04.806  1809  1864 D DisplayManagerService: Ignore redundant display event 0/2 to 10350/9961
07-11 17:29:04.806  1809  1864 D DisplayManagerService: Ignore redundant display event 0/2 to 10237/16105
07-11 17:29:04.806  1809  1864 D DisplayManagerService: Ignore redundant display event 0/2 to 10237/16219
07-11 17:29:04.806  1809  1864 D DisplayManagerService: Ignore redundant display event 0/2 to 10438/16794
07-11 17:29:04.806  1809  1864 D DisplayManagerService: Ignore redundant display event 0/2 to 10367/16858
07-11 17:29:04.806  1809  1864 D DisplayManagerService: Ignore redundant display event 0/2 to 10404/17221
07-11 17:29:04.806  1809  1864 D DisplayManagerService: Ignore redundant display event 0/2 to 10202/18955
07-11 17:29:04.806  1809  1864 D DisplayManagerService: Ignore redundant display event 0/2 to 10410/18969
07-11 17:29:04.807  1809  1864 D DisplayManagerService: Ignore redundant display event 0/2 to 10240/20083
07-11 17:29:04.807  1809  1864 D DisplayManagerService: Ignore redundant display event 0/2 to 10266/21164
07-11 17:29:04.807  1809  1864 D DisplayManagerService: Ignore redundant display event 0/2 to 10323/21821
07-11 17:29:04.828  2325  2403 D ShellBackPreview: Finishing gesture with event action: 3
07-11 17:29:04.829  2325  2403 D ShellBackPreview: onGestureFinished() mTriggerBack == false
07-11 17:29:04.829  2325  2403 D ShellBackPreview: Trigger back without dispatching to animator.
07-11 17:29:04.830  2325  2403 D ShellBackPreview: BackAnimationController: finishBackNavigation()
07-11 17:29:04.831  1809  1996 D CoreBackPreview: onBackNavigationDone backType=4, triggerBack=false
07-11 17:29:04.834  1809  2047 W BoostOptController: not supported hint: 118
07-11 17:29:04.858  1809  1862 W BoostOptController: not supported hint: 118
07-11 17:29:04.867  1809  1864 I DisplayDeviceRepository: Display device changed render timings: "内蔵スクリーン", renderFrameRate=120.00001, presentationDeadlineNanos=22000000, appVsyncOffsetNanos=-8000000
07-11 17:29:04.869  1809  1903 D BrightnessThermalClamper: Thermal status observer already started
07-11 17:29:04.870  1809  1864 D DisplayManagerService: Ignore redundant display event 0/2 to 10439/5392
07-11 17:29:04.870  1809  1864 D DisplayManagerService: Ignore redundant display event 0/2 to 10350/9961
07-11 17:29:04.870  1809  1864 D DisplayManagerService: Ignore redundant display event 0/2 to 10237/16105
07-11 17:29:04.870  1809  1864 D DisplayManagerService: Ignore redundant display event 0/2 to 10237/16219
07-11 17:29:04.870  1809  1864 D DisplayManagerService: Ignore redundant display event 0/2 to 10438/16794
07-11 17:29:04.870  1809  1864 D DisplayManagerService: Ignore redundant display event 0/2 to 10367/16858
07-11 17:29:04.870  1809  1864 D DisplayManagerService: Ignore redundant display event 0/2 to 10404/17221
07-11 17:29:04.870  1809  1864 D DisplayManagerService: Ignore redundant display event 0/2 to 10202/18955
07-11 17:29:04.870  1809  1864 D DisplayManagerService: Ignore redundant display event 0/2 to 10410/18969
07-11 17:29:04.870  1809  1864 D DisplayManagerService: Ignore redundant display event 0/2 to 10240/20083
07-11 17:29:04.870  1809  1864 D DisplayManagerService: Ignore redundant display event 0/2 to 10266/21164
07-11 17:29:04.870  1809  1864 D DisplayManagerService: Ignore redundant display event 0/2 to 10323/21821
07-11 17:29:05.384  1809  2047 W BoostOptController: not supported hint: 118
07-11 17:29:05.487  1809  2047 W BoostOptController: not supported hint: 118
07-11 17:29:05.529  1809  1862 W BoostOptController: not supported hint: 118
07-11 17:29:05.946  1809  2047 W BoostOptController: not supported hint: 118
07-11 17:29:06.050  1809  2047 W BoostOptController: not supported hint: 118
07-11 17:29:06.051  1809  1862 W BoostOptController: not supported hint: 118
07-11 17:29:06.158  1809  4216 D PowerManagerService: nativeAcquireSuspendBlocker name:PowerManagerService.WakeLocks duration ms: 2
07-11 17:29:06.168 31119 31338 W Binder  : reply too large data on java level: InterfaceDescriptor = null, code = 1
07-11 17:29:06.170  1809  1855 D PowerManagerService: nativeReleaseSuspendBlocker name:PowerManagerService.WakeLocks duration ms: 1
07-11 17:29:06.303  1809  2047 W BoostOptController: not supported hint: 118
07-11 17:29:06.310  1809  1855 D CoreBackPreview: startBackNavigation currentTask=Task{a832f2b #3923 type=standard A=10362:com.discord}, topRunningActivity=ActivityRecord{9fc9ba5 u0 com.discord/.main.MainDefault t3923}, callbackInfo=OnBackInvokedCallbackInfo{mCallback=android.window.IOnBackInvokedCallback$Stub$Proxy@c713442, mPriority=0, mIsAnimationCallback=false}, currentFocus=Window{f694f24 u0 com.discord/com.discord.main.MainDefault}
07-11 17:29:06.311  2325  2403 D ShellBackPreview: Received backNavigationInfo:BackNavigationInfo{mType=TYPE_CALLBACK (4), mOnBackNavigationDone=android.os.RemoteCallback@20d369a, mOnBackInvokedCallback=android.window.IOnBackInvokedCallback$Stub$Proxy@b5f5bcb, mPrepareRemoteAnimation=false, mAnimationCallback=false, mCustomizeAnimationInfo=null}
07-11 17:29:06.366  2325  2403 D ShellBackPreview: Finishing gesture with event action: 1
07-11 17:29:06.366  2325  2403 D ShellBackPreview: onGestureFinished() mTriggerBack == true
07-11 17:29:06.366  2325  2403 D ShellBackPreview: Trigger back without dispatching to animator.
07-11 17:29:06.366  2325  2403 D ShellBackPreview: BackAnimationController: finishBackNavigation()
07-11 17:29:06.367  1809  1862 W BoostOptController: not supported hint: 118
07-11 17:29:06.367  1809  2595 D CoreBackPreview: onBackNavigationDone backType=4, triggerBack=true
07-11 17:29:06.386  2325  2403 D WindowManagerShell: onKeepClearAreasChanged: restricted={}, unrestricted={}
07-11 17:29:06.829  1809  2047 W BoostOptController: not supported hint: 118
07-11 17:29:06.928  1809  2047 W BoostOptController: not supported hint: 118
07-11 17:29:06.939  1809  1862 W BoostOptController: not supported hint: 118
07-11 17:29:07.201  1809  1855 D PowerManagerService: nativeSetPowerMode ret:true mode:5 enabled:false duration ms: 0
07-11 17:29:07.594  1809  2047 W BoostOptController: not supported hint: 118
07-11 17:29:07.699  1809  2047 W BoostOptController: not supported hint: 118
07-11 17:29:07.763  1809  4216 D PowerManagerService: nativeSetPowerMode ret:true mode:5 enabled:true duration ms: 0
07-11 17:29:07.800  2325  2403 D WindowManagerShell: onKeepClearAreasChanged: restricted={}, unrestricted={Rect(0, 1531 - 1080, 2400)}
07-11 17:29:08.241  1809  1864 I DisplayDeviceRepository: Display device changed render timings: "内蔵スクリーン", renderFrameRate=90.0, presentationDeadlineNanos=24777778, appVsyncOffsetNanos=-8000000
07-11 17:29:08.243  1809  1903 D BrightnessThermalClamper: Thermal status observer already started
07-11 17:29:08.243  1809  1864 D DisplayManagerService: Ignore redundant display event 0/2 to 10439/5392
07-11 17:29:08.243  1809  1864 D DisplayManagerService: Ignore redundant display event 0/2 to 10350/9961
07-11 17:29:08.243  1809  1864 D DisplayManagerService: Ignore redundant display event 0/2 to 10237/16105
07-11 17:29:08.243  1809  1864 D DisplayManagerService: Ignore redundant display event 0/2 to 10237/16219
07-11 17:29:08.243  1809  1864 D DisplayManagerService: Ignore redundant display event 0/2 to 10438/16794
07-11 17:29:08.243  1809  1864 D DisplayManagerService: Ignore redundant display event 0/2 to 10367/16858
07-11 17:29:08.243  1809  1864 D DisplayManagerService: Ignore redundant display event 0/2 to 10404/17221
07-11 17:29:08.243  1809  1864 D DisplayManagerService: Ignore redundant display event 0/2 to 10202/18955
07-11 17:29:08.243  1809  1864 D DisplayManagerService: Ignore redundant display event 0/2 to 10410/18969
07-11 17:29:08.244  1809  1864 D DisplayManagerService: Ignore redundant display event 0/2 to 10240/20083
07-11 17:29:08.244  1809  1864 D DisplayManagerService: Ignore redundant display event 0/2 to 10266/21164
07-11 17:29:08.244  1809  1864 D DisplayManagerService: Ignore redundant display event 0/2 to 10323/21821
07-11 17:29:08.724  1809  1864 I DisplayDeviceRepository: Display device changed render timings: "内蔵スクリーン", renderFrameRate=120.00001, presentationDeadlineNanos=22000000, appVsyncOffsetNanos=-8000000
07-11 17:29:08.726  1809  1903 D BrightnessThermalClamper: Thermal status observer already started
07-11 17:29:08.726  1809  1864 D DisplayManagerService: Ignore redundant display event 0/2 to 10439/5392
07-11 17:29:08.726  1809  1864 D DisplayManagerService: Ignore redundant display event 0/2 to 10350/9961
07-11 17:29:08.726  1809  1864 D DisplayManagerService: Ignore redundant display event 0/2 to 10237/16105
07-11 17:29:08.726  1809  1864 D DisplayManagerService: Ignore redundant display event 0/2 to 10237/16219
07-11 17:29:08.726  1809  1864 D DisplayManagerService: Ignore redundant display event 0/2 to 10438/16794
07-11 17:29:08.726  1809  1864 D DisplayManagerService: Ignore redundant display event 0/2 to 10367/16858
07-11 17:29:08.726  1809  1864 D DisplayManagerService: Ignore redundant display event 0/2 to 10404/17221
07-11 17:29:08.726  1809  1864 D DisplayManagerService: Ignore redundant display event 0/2 to 10202/18955
07-11 17:29:08.726  1809  1864 D DisplayManagerService: Ignore redundant display event 0/2 to 10410/18969
07-11 17:29:08.727  1809  1864 D DisplayManagerService: Ignore redundant display event 0/2 to 10240/20083
07-11 17:29:08.727  1809  1864 D DisplayManagerService: Ignore redundant display event 0/2 to 10266/21164
07-11 17:29:08.727  1809  1864 D DisplayManagerService: Ignore redundant display event 0/2 to 10323/21821
07-11 17:29:08.877  1809  1854 D PowerManagerService: nativeAcquireSuspendBlocker name:PowerManagerService.WakeLocks duration ms: 2
07-11 17:29:08.880  1809  1996 D PowerManagerService: nativeReleaseSuspendBlocker name:PowerManagerService.WakeLocks duration ms: 0
07-11 17:29:08.884  1809  1996 D PowerManagerService: nativeAcquireSuspendBlocker name:PowerManagerService.WakeLocks duration ms: 1
07-11 17:29:08.886  1809  1996 D PowerManagerService: nativeReleaseSuspendBlocker name:PowerManagerService.WakeLocks duration ms: 0
07-11 17:29:09.032  1809  2047 W BoostOptController: not supported hint: 118
07-11 17:29:09.036  1809  1996 D CoreBackPreview: startBackNavigation currentTask=Task{a832f2b #3923 type=standard A=10362:com.discord}, topRunningActivity=ActivityRecord{9fc9ba5 u0 com.discord/.main.MainDefault t3923}, callbackInfo=OnBackInvokedCallbackInfo{mCallback=android.window.IOnBackInvokedCallback$Stub$Proxy@c713442, mPriority=0, mIsAnimationCallback=false}, currentFocus=Window{f694f24 u0 com.discord/com.discord.main.MainDefault}
07-11 17:29:09.037  2325  2403 D ShellBackPreview: Received backNavigationInfo:BackNavigationInfo{mType=TYPE_CALLBACK (4), mOnBackNavigationDone=android.os.RemoteCallback@d8561fd, mOnBackInvokedCallback=android.window.IOnBackInvokedCallback$Stub$Proxy@c53fef2, mPrepareRemoteAnimation=false, mAnimationCallback=false, mCustomizeAnimationInfo=null}
07-11 17:29:09.049  1809  1864 I DisplayDeviceRepository: Display device changed render timings: "内蔵スクリーン", renderFrameRate=90.0, presentationDeadlineNanos=24777778, appVsyncOffsetNanos=-8000000
07-11 17:29:09.050  1809  1903 D BrightnessThermalClamper: Thermal status observer already started
07-11 17:29:09.050  1809  1864 D DisplayManagerService: Ignore redundant display event 0/2 to 10439/5392
07-11 17:29:09.051  1809  1864 D DisplayManagerService: Ignore redundant display event 0/2 to 10350/9961
07-11 17:29:09.051  1809  1864 D DisplayManagerService: Ignore redundant display event 0/2 to 10237/16105
07-11 17:29:09.051  1809  1864 D DisplayManagerService: Ignore redundant display event 0/2 to 10237/16219
07-11 17:29:09.051  1809  1864 D DisplayManagerService: Ignore redundant display event 0/2 to 10438/16794
07-11 17:29:09.051  1809  1864 D DisplayManagerService: Ignore redundant display event 0/2 to 10367/16858
07-11 17:29:09.051  1809  1864 D DisplayManagerService: Ignore redundant display event 0/2 to 10404/17221
07-11 17:29:09.051  1809  1864 D DisplayManagerService: Ignore redundant display event 0/2 to 10202/18955
07-11 17:29:09.051  1809  1864 D DisplayManagerService: Ignore redundant display event 0/2 to 10410/18969
07-11 17:29:09.051  1809  1864 D DisplayManagerService: Ignore redundant display event 0/2 to 10240/20083
07-11 17:29:09.052  1809  1864 D DisplayManagerService: Ignore redundant display event 0/2 to 10266/21164
07-11 17:29:09.052  1809  1864 D DisplayManagerService: Ignore redundant display event 0/2 to 10323/21821
07-11 17:29:09.065  1809  1864 I DisplayDeviceRepository: Display device changed render timings: "内蔵スクリーン", renderFrameRate=120.00001, presentationDeadlineNanos=22000000, appVsyncOffsetNanos=-8000000
07-11 17:29:09.066  1809  1903 D BrightnessThermalClamper: Thermal status observer already started
07-11 17:29:09.067  1809  1864 D DisplayManagerService: Ignore redundant display event 0/2 to 10439/5392
07-11 17:29:09.067  1809  1864 D DisplayManagerService: Ignore redundant display event 0/2 to 10350/9961
07-11 17:29:09.067  1809  1864 D DisplayManagerService: Ignore redundant display event 0/2 to 10237/16105
07-11 17:29:09.067  1809  1864 D DisplayManagerService: Ignore redundant display event 0/2 to 10237/16219
07-11 17:29:09.067  1809  1864 D DisplayManagerService: Ignore redundant display event 0/2 to 10438/16794
07-11 17:29:09.067  1809  1864 D DisplayManagerService: Ignore redundant display event 0/2 to 10367/16858
07-11 17:29:09.067  1809  1864 D DisplayManagerService: Ignore redundant display event 0/2 to 10404/17221
07-11 17:29:09.067  1809  1864 D DisplayManagerService: Ignore redundant display event 0/2 to 10202/18955
07-11 17:29:09.067  1809  1864 D DisplayManagerService: Ignore redundant display event 0/2 to 10410/18969
07-11 17:29:09.068  1809  1864 D DisplayManagerService: Ignore redundant display event 0/2 to 10240/20083
07-11 17:29:09.068  1809  1864 D DisplayManagerService: Ignore redundant display event 0/2 to 10266/21164
07-11 17:29:09.068  1809  1864 D DisplayManagerService: Ignore redundant display event 0/2 to 10323/21821
07-11 17:29:09.084  1809  1862 W BoostOptController: not supported hint: 118
07-11 17:29:09.084  2325  2403 D ShellBackPreview: Finishing gesture with event action: 1
07-11 17:29:09.084  2325  2403 D ShellBackPreview: onGestureFinished() mTriggerBack == true
07-11 17:29:09.084  2325  2403 D ShellBackPreview: Trigger back without dispatching to animator.
07-11 17:29:09.085  2325  2403 D ShellBackPreview: BackAnimationController: finishBackNavigation()
07-11 17:29:09.085  1809  4216 D CoreBackPreview: onBackNavigationDone backType=4, triggerBack=true
07-11 17:29:09.103  2325  2403 D WindowManagerShell: onKeepClearAreasChanged: restricted={}, unrestricted={}
07-11 17:29:09.170  1809  3644 D PowerManagerService: nativeAcquireSuspendBlocker name:PowerManagerService.WakeLocks duration ms: 1
07-11 17:29:09.178  1809  1996 D PowerManagerService: nativeReleaseSuspendBlocker name:PowerManagerService.WakeLocks duration ms: 0
07-11 17:29:09.186 31119 31337 W Binder  : reply too large data on java level: InterfaceDescriptor = null, code = 1
07-11 17:29:09.329  1809  1996 D PowerManagerService: nativeAcquireSuspendBlocker name:PowerManagerService.WakeLocks duration ms: 2
07-11 17:29:09.332  1809  2736 D PowerManagerService: nativeReleaseSuspendBlocker name:PowerManagerService.WakeLocks duration ms: 0
07-11 17:29:09.336  1809  1996 D PowerManagerService: nativeAcquireSuspendBlocker name:PowerManagerService.WakeLocks duration ms: 2
07-11 17:29:09.339  1809  1996 D PowerManagerService: nativeReleaseSuspendBlocker name:PowerManagerService.WakeLocks duration ms: 0
07-11 17:29:09.659  1809  2047 W BoostOptController: not supported hint: 118
07-11 17:29:09.761  1809  2047 W BoostOptController: not supported hint: 118
07-11 17:29:09.808  1809  1862 W BoostOptController: not supported hint: 118
07-11 17:29:09.900  1809  2736 D PowerManagerService: nativeSetPowerMode ret:true mode:5 enabled:false duration ms: 0
07-11 17:29:10.617  1809  3644 D PowerManagerService: nativeAcquireSuspendBlocker name:PowerManagerService.WakeLocks duration ms: 1
07-11 17:29:10.641  1809  1873 D ActivityManager: unfreezing ProcessRecord{501a831 15154:com.google.android.gm/u0a246}, reason = unfreezeTemporarily, adj = 965, adjType = cch-empty, adjSource = null
07-11 17:29:10.644  1809  1873 D ActivityManager: sync unfroze 15154 com.google.android.gm for 3
07-11 17:29:10.807  1809  1996 W JobScheduler: Job didn't exist in JobStore: d3dffa #u0a286/0 com.motorola.bach.modemstats/.nrcheckin.NRCheckinJobService
07-11 17:29:11.935  1809  2265 D PowerManagerService: nativeReleaseSuspendBlocker name:PowerManagerService.WakeLocks duration ms: 1
07-11 17:29:12.265  1809  1864 I DisplayDeviceRepository: Display device changed render timings: "内蔵スクリーン", renderFrameRate=60.000004, presentationDeadlineNanos=28600000, appVsyncOffsetNanos=8400000
07-11 17:29:12.268  1809  1903 D BrightnessThermalClamper: Thermal status observer already started
07-11 17:29:12.270  1809  1864 D DisplayManagerService: Ignore redundant display event 0/2 to 10439/5392
07-11 17:29:12.270  1809  1864 D DisplayManagerService: Ignore redundant display event 0/2 to 10350/9961
07-11 17:29:12.270  1809  1864 D DisplayManagerService: Ignore redundant display event 0/2 to 10237/16105
07-11 17:29:12.270  1809  1864 D DisplayManagerService: Ignore redundant display event 0/2 to 10237/16219
07-11 17:29:12.270  1809  1864 D DisplayManagerService: Ignore redundant display event 0/2 to 10438/16794
07-11 17:29:12.270  1809  1864 D DisplayManagerService: Ignore redundant display event 0/2 to 10367/16858
07-11 17:29:12.270  1809  1864 D DisplayManagerService: Ignore redundant display event 0/2 to 10404/17221
07-11 17:29:12.271  1809  1864 D DisplayManagerService: Ignore redundant display event 0/2 to 10202/18955
07-11 17:29:12.271  1809  1864 D DisplayManagerService: Ignore redundant display event 0/2 to 10410/18969
07-11 17:29:12.271  1809  1864 D DisplayManagerService: Ignore redundant display event 0/2 to 10240/20083
07-11 17:29:12.271  1809  1864 D DisplayManagerService: Ignore redundant display event 0/2 to 10266/21164
07-11 17:29:12.271  1809  1864 D DisplayManagerService: Ignore redundant display event 0/2 to 10323/21821
07-11 17:29:12.284  1809  2047 W BoostOptController: not supported hint: 118
07-11 17:29:12.303  2325  2403 V ShellRecents: RecentsTransitionHandler.startRecentsTransition
07-11 17:29:12.303  2325  2403 V WindowManagerShell: Directly starting a new transition type=3 wct=WindowContainerTransaction { changes = {} hops = [{PendingIntent: options=Bundle[mParcelledData.dataSize=412]}] errorCallbackToken=null taskFragmentOrganizer=null } handler=com.android.wm.shell.recents.RecentsTransitionHandler@53a5505
07-11 17:29:12.304  1809  2595 D PowerManagerService: nativeSetPowerMode ret:true mode:5 enabled:true duration ms: 0
07-11 17:29:12.309  1809  1872 W MotoBatteryCareService: uid: 10292 pkgName:com.motorola.launcher3 come to foreground
07-11 17:29:12.310  2325  2403 V ShellRecents: [264499478] RecentsController.setTransition: id=android.os.BinderProxy@6e68a97
07-11 17:29:12.328  1809  1854 E PersistenceController: SettingNotFoundException: sv_custom_ai_icon_enabled
07-11 17:29:12.338  1809  1864 I DisplayDeviceRepository: Display device changed render timings: "内蔵スクリーン", renderFrameRate=90.0, presentationDeadlineNanos=24777778, appVsyncOffsetNanos=-8000000
07-11 17:29:12.340  1809  1903 D BrightnessThermalClamper: Thermal status observer already started
07-11 17:29:12.344  1809  1864 D DisplayManagerService: Ignore redundant display event 0/2 to 10439/5392
07-11 17:29:12.344  1809  1864 D DisplayManagerService: Ignore redundant display event 0/2 to 10350/9961
07-11 17:29:12.344  1809  1864 D DisplayManagerService: Ignore redundant display event 0/2 to 10237/16105
07-11 17:29:12.344  1809  1864 D DisplayManagerService: Ignore redundant display event 0/2 to 10237/16219
07-11 17:29:12.344  1809  1864 D DisplayManagerService: Ignore redundant display event 0/2 to 10438/16794
07-11 17:29:12.344  1809  1864 D DisplayManagerService: Ignore redundant display event 0/2 to 10367/16858
07-11 17:29:12.344  1809  1864 D DisplayManagerService: Ignore redundant display event 0/2 to 10404/17221
07-11 17:29:12.344  1809  1864 D DisplayManagerService: Ignore redundant display event 0/2 to 10202/18955
07-11 17:29:12.344  1809  1864 D DisplayManagerService: Ignore redundant display event 0/2 to 10410/18969
07-11 17:29:12.344  1809  1864 D DisplayManagerService: Ignore redundant display event 0/2 to 10240/20083
07-11 17:29:12.344  1809  1864 D DisplayManagerService: Ignore redundant display event 0/2 to 10266/21164
07-11 17:29:12.344  1809  1864 D DisplayManagerService: Ignore redundant display event 0/2 to 10323/21821
07-11 17:29:12.353  1809  1855 E PersistenceController: SettingNotFoundException: sv_custom_ai_icon_enabled
07-11 17:29:12.375  2325  3131 V WindowManagerShell: onTransitionReady(transaction=7769595974492)
07-11 17:29:12.375  2325  2403 V WindowManagerShell: onTransitionReady (#1507) android.os.BinderProxy@6e68a97: {id=1507 t=TO_FRONT f=0x80 trk=0 r=[0@Point(0, 0)] c=[{WCT{android.window.IWindowContainerToken$Stub$Proxy@f8b14f0} m=TO_FRONT f=SHOW_WALLPAPER|MOVE_TO_TOP pTaskId=-1 leash=Surface(name=Task=1)/@0x62d3484 sb=Rect(0, 0 - 1080, 2400) eb=Rect(0, 0 - 1080, 2400) d=0 taskParent=-1},{WCT{android.window.IWindowContainerToken$Stub$Proxy@393a69} m=TO_BACK f=NONE pTaskId=-1 leash=Surface(name=Task=3923)/@0x957c46d sb=Rect(0, 0 - 1080, 2400) eb=Rect(0, 0 - 1080, 2400) d=0 taskParent=-1},{null m=TO_FRONT f=IS_WALLPAPER leash=Surface(name=WallpaperWindowToken{68efc31 token=android.os.Binder@1cb20d8})/@0x18608a2 sb=Rect(0, 0 - 1080, 2400) eb=Rect(0, 0 - 1080, 2400) d=0}]}
07-11 17:29:12.376  2325  2403 V WindowManagerShell: Playing animation for (#1507) android.os.BinderProxy@6e68a97@0
07-11 17:29:12.376  2325  2403 V WindowManagerShell:  try firstHandler com.android.wm.shell.recents.RecentsTransitionHandler@53a5505
07-11 17:29:12.376  2325  2403 V ShellRecents: [264499478] RecentsController.start
07-11 17:29:12.379  2325  2403 V ShellRecents:   adding pausing leaf taskId=3923 at layer=8
07-11 17:29:12.379  1809  1864 I DisplayDeviceRepository: Display device changed render timings: "内蔵スクリーン", renderFrameRate=120.00001, presentationDeadlineNanos=22000000, appVsyncOffsetNanos=-8000000
07-11 17:29:12.380  1809  2047 W BoostOptController: not supported hint: 118
07-11 17:29:12.381  2325  2403 V ShellRecents: Applying transaction=7769595974492
07-11 17:29:12.381  1809  1903 D BrightnessThermalClamper: Thermal status observer already started
07-11 17:29:12.381  1809  1864 D DisplayManagerService: Ignore redundant display event 0/2 to 10439/5392
07-11 17:29:12.381  1809  1864 D DisplayManagerService: Ignore redundant display event 0/2 to 10350/9961
07-11 17:29:12.381  1809  1864 D DisplayManagerService: Ignore redundant display event 0/2 to 10237/16105
07-11 17:29:12.381  1809  1864 D DisplayManagerService: Ignore redundant display event 0/2 to 10237/16219
07-11 17:29:12.381  1809  1864 D DisplayManagerService: Ignore redundant display event 0/2 to 10438/16794
07-11 17:29:12.381  1809  1864 D DisplayManagerService: Ignore redundant display event 0/2 to 10367/16858
07-11 17:29:12.381  1809  1864 D DisplayManagerService: Ignore redundant display event 0/2 to 10404/17221
07-11 17:29:12.381  1809  1864 D DisplayManagerService: Ignore redundant display event 0/2 to 10202/18955
07-11 17:29:12.381  1809  1864 D DisplayManagerService: Ignore redundant display event 0/2 to 10410/18969
07-11 17:29:12.381  1809  1864 D DisplayManagerService: Ignore redundant display event 0/2 to 10240/20083
07-11 17:29:12.381  1809  1864 D DisplayManagerService: Ignore redundant display event 0/2 to 10266/21164
07-11 17:29:12.381  1809  1864 D DisplayManagerService: Ignore redundant display event 0/2 to 10323/21821
07-11 17:29:12.386  2325  2403 V ShellRecents: Trying to get a handler for takeover but the flag is disabled
07-11 17:29:12.386  2325  2403 V ShellRecents: [264499478] RecentsController.start: calling onAnimationStart with 2 apps
07-11 17:29:12.387  1809  3645 W UserManagerService: Requested status bar icon for non-badged user 0
07-11 17:29:12.389  2325  2403 V WindowManagerShell:  animated by firstHandler
07-11 17:29:12.394  1809  1861 I MotoPerfManagerService: handleAppStart 10292:com.motorola.launcher3 hot 21 69 -1 -1 63
07-11 17:29:12.396  1809  1861 V WindowManager: Sent Transition (#1507) createdAt=07-11 17:29:12.304
07-11 17:29:12.396  1809  1861 V WindowManager:     startWCT=WindowContainerTransaction { changes = {} hops = [{PendingIntent: options=Bundle[{android.activity.splashScreenStyle=-1, android.activity.sourceInfo=android.app.ActivityOptions$SourceInfo@36c9bc6, android:activity.animAbortListener=null, android.activity.transientLaunch=true}]}] errorCallbackToken=null taskFragmentOrganizer=null }
07-11 17:29:12.397  2325  2403 V ShellRecents: [264499478] RecentsController.setInputConsumerEnabled: set focus to recents
07-11 17:29:12.398  1809  1861 V WindowManager:     info={id=1507 t=TO_FRONT f=0x80 trk=0 r=[0@Point(0, 0)] c=[
07-11 17:29:12.398  1809  1861 V WindowManager:         {WCT{RemoteToken{9b23c0c Task{7ad5409 #1 type=undefined}}} m=TO_FRONT f=SHOW_WALLPAPER|MOVE_TO_TOP pTaskId=-1 leash=Surface(name=Task=1)/@0xaecb5ef sb=Rect(0, 0 - 1080, 2400) eb=Rect(0, 0 - 1080, 2400) d=0 taskParent=-1},
07-11 17:29:12.398  1809  1861 V WindowManager:         {WCT{RemoteToken{1514bf7 Task{a832f2b #3923 type=standard A=10362:com.discord}}} m=TO_BACK f=NONE pTaskId=-1 leash=Surface(name=Task=3923)/@0x704b815 sb=Rect(0, 0 - 1080, 2400) eb=Rect(0, 0 - 1080, 2400) d=0 taskParent=-1},
07-11 17:29:12.398  1809  1861 V WindowManager:         {null m=TO_FRONT f=IS_WALLPAPER leash=Surface(name=WallpaperWindowToken{68efc31 token=android.os.Binder@1cb20d8})/@0x3fe52f5 sb=Rect(0, 0 - 1080, 2400) eb=Rect(0, 0 - 1080, 2400) d=0}
07-11 17:29:12.398  1809  1861 V WindowManager:     ]}
07-11 17:29:12.406  1809  1872 W MotoBatteryCareService: uid: 10292 pkgName:com.motorola.launcher3 come to foreground
07-11 17:29:12.443  1809  2071 E HandwritingModeController: Cannot get requestId: Handwriting was not initialized.
07-11 17:29:12.484  1809  2047 W BoostOptController: not supported hint: 118
07-11 17:29:12.587  1809  2047 W BoostOptController: not supported hint: 118
07-11 17:29:12.698  1809  2047 W BoostOptController: not supported hint: 118
07-11 17:29:13.061  1809  2047 W BoostOptController: not supported hint: 118
07-11 17:29:13.062  2325 19651 V ShellRecents: [264499478] RecentsController.screenshotTask: taskId=3923
07-11 17:29:13.097  2325  2403 D WindowManagerShell: setLauncherKeepClearAreaHeight: visible=true, height=193
07-11 17:29:13.105  2325  3131 V ShellRecents: [264499478] RecentsController.detachNavigationBarFromApp
07-11 17:29:13.114  1809  1866 W BoostOptController: not supported hint: 118
07-11 17:29:13.244  1809  1864 I DisplayDeviceRepository: Display device changed render timings: "内蔵スクリーン", renderFrameRate=90.0, presentationDeadlineNanos=24777778, appVsyncOffsetNanos=-8000000
07-11 17:29:13.246  1809  1903 D BrightnessThermalClamper: Thermal status observer already started
07-11 17:29:13.246  1809  1864 D DisplayManagerService: Ignore redundant display event 0/2 to 10439/5392
07-11 17:29:13.246  1809  1864 D DisplayManagerService: Ignore redundant display event 0/2 to 10350/9961
07-11 17:29:13.247  1809  1864 D DisplayManagerService: Ignore redundant display event 0/2 to 10237/16105
07-11 17:29:13.247  1809  1864 D DisplayManagerService: Ignore redundant display event 0/2 to 10237/16219
07-11 17:29:13.247  1809  1864 D DisplayManagerService: Ignore redundant display event 0/2 to 10438/16794
07-11 17:29:13.247  1809  1864 D DisplayManagerService: Ignore redundant display event 0/2 to 10367/16858
07-11 17:29:13.247  1809  1864 D DisplayManagerService: Ignore redundant display event 0/2 to 10404/17221
07-11 17:29:13.248  1809  1864 D DisplayManagerService: Ignore redundant display event 0/2 to 10202/18955
07-11 17:29:13.248  1809  1864 D DisplayManagerService: Ignore redundant display event 0/2 to 10410/18969
07-11 17:29:13.248  1809  1864 D DisplayManagerService: Ignore redundant display event 0/2 to 10240/20083
07-11 17:29:13.248  1809  1864 D DisplayManagerService: Ignore redundant display event 0/2 to 10266/21164
07-11 17:29:13.248  1809  1864 D DisplayManagerService: Ignore redundant display event 0/2 to 10323/21821
07-11 17:29:13.337  1809  1854 D PowerManagerService: nativeAcquireSuspendBlocker name:PowerManagerService.WakeLocks duration ms: 1
07-11 17:29:13.341  1809  4164 D PowerManagerService: nativeReleaseSuspendBlocker name:PowerManagerService.WakeLocks duration ms: 0
07-11 17:29:13.342  2325  2403 V ShellRecents: [264499478] RecentsController.finishInner: toHome=false userLeave=false willFinishToHome=false state=0
07-11 17:29:13.342  2325  2403 V ShellRecents:   returning to app
07-11 17:29:13.343  2325  2403 V ShellRecents: [264499478] RecentsController.cleanup
07-11 17:29:13.343  2325  2403 V WindowManagerShell: Transition animation finished (aborted=false), notifying core (#1507) android.os.BinderProxy@6e68a97@0
07-11 17:29:13.346  1809  4164 D ActivityTaskManager: sendShowDecorCaptionWindow Task is not organized Task{447b3fa #3776 type=undefined I=com.motorola.launcher3/com.android.launcher3.CustomizationPanelLauncher}
07-11 17:29:13.352  1809  3646 D PowerManagerService: nativeAcquireSuspendBlocker name:PowerManagerService.WakeLocks duration ms: 2
07-11 17:29:13.356  1809  1854 D PowerManagerService: nativeReleaseSuspendBlocker name:PowerManagerService.WakeLocks duration ms: 0
07-11 17:29:13.357  1809  1861 V WindowManager: Finish Transition (#1507): created at 07-11 17:29:12.304 collect-started=0.22ms started=0.266ms ready=5.154ms sent=69.213ms finished=1052.68ms
07-11 17:29:13.360  1809  4164 D PowerManagerService: nativeAcquireSuspendBlocker name:PowerManagerService.WakeLocks duration ms: 2
07-11 17:29:13.362  1809  4164 D PowerManagerService: nativeSetPowerMode ret:true mode:5 enabled:false duration ms: 0
07-11 17:29:13.363  2325  2403 V WindowManagerShell: Track 0 became idle
07-11 17:29:13.363  2325  2403 V WindowManagerShell: All active transition animations finished
07-11 17:29:13.363  2325  2403 V ShellRecents: [264499478] RecentsController.finishInner: calling finish callback
07-11 17:29:13.365  2325  2403 D WindowManagerShell: setLauncherKeepClearAreaHeight: visible=false, height=193
07-11 17:29:13.369  1809  4164 W UserManagerService: Requested status bar icon for non-badged user 0
07-11 17:29:13.374  1809  1854 W UserManagerService: Requested status bar icon for non-badged user 0
07-11 17:29:13.389  1809  1864 D PowerManagerService: nativeReleaseSuspendBlocker name:PowerManagerService.WakeLocks duration ms: 1
07-11 17:29:13.398  1809  1864 V WindowManager: Unknown focus tokens, dropping reportFocusChanged
07-11 17:29:13.413  1809  4164 W PackageConfigPersister: App-specific configuration not found for packageName: com.discord and userId: 0
07-11 17:29:13.485  1809  4188 D PowerManagerService: nativeAcquireSuspendBlocker name:PowerManagerService.WakeLocks duration ms: 2
07-11 17:29:13.489  1809  2313 D PowerManagerService: nativeReleaseSuspendBlocker name:PowerManagerService.WakeLocks duration ms: 0
07-11 17:29:13.495  1809  1996 D PowerManagerService: nativeAcquireSuspendBlocker name:PowerManagerService.WakeLocks duration ms: 1
07-11 17:29:13.500  1809  4188 D PowerManagerService: nativeReleaseSuspendBlocker name:PowerManagerService.WakeLocks duration ms: 0
07-11 17:29:13.715  1809  2047 W BoostOptController: not supported hint: 118
07-11 17:29:13.840  1809  2047 W BoostOptController: not supported hint: 118
07-11 17:29:13.970  1809  2047 W BoostOptController: not supported hint: 118
07-11 17:29:14.246  1809  1996 D CoreBackPreview: Window{e74049d u0 com.discord/com.discord.main.MainDefault}: Setting back callback OnBackInvokedCallbackInfo{mCallback=android.window.IOnBackInvokedCallback$Stub$Proxy@c74f43f, mPriority=0, mIsAnimationCallback=false}
07-11 17:29:14.310  1809  1996 W PackageConfigPersister: App-specific configuration not found for packageName: com.discord and userId: 0
07-11 17:29:14.444  1809  2047 W BoostOptController: not supported hint: 118
07-11 17:29:14.554  1809  2047 W BoostOptController: not supported hint: 118
07-11 17:29:15.231  1809  2047 W BoostOptController: not supported hint: 118
07-11 17:29:15.614  1809  2313 D CoreBackPreview: Window{e74049d u0 com.discord/com.discord.main.MainDefault}: Setting back callback null
07-11 17:29:15.650  1809  1864 V WindowManager: Unknown focus tokens, dropping reportFocusChanged
07-11 17:29:15.694  1809  2313 W PackageConfigPersister: App-specific configuration not found for packageName: com.discord and userId: 0
07-11 17:29:15.749  1809  3646 D PowerManagerService: nativeSetPowerMode ret:true mode:5 enabled:true duration ms: 1
07-11 17:29:15.791  2325  2403 D WindowManagerShell: onKeepClearAreasChanged: restricted={}, unrestricted={Rect(0, 1531 - 1080, 2400)}
07-11 17:29:16.248  1809  1864 I DisplayDeviceRepository: Display device changed render timings: "内蔵スクリーン", renderFrameRate=120.00001, presentationDeadlineNanos=22000000, appVsyncOffsetNanos=-8000000
07-11 17:29:16.250  1809  1903 D BrightnessThermalClamper: Thermal status observer already started
07-11 17:29:16.251  1809  1864 D DisplayManagerService: Ignore redundant display event 0/2 to 10439/5392
07-11 17:29:16.251  1809  1864 D DisplayManagerService: Ignore redundant display event 0/2 to 10350/9961
07-11 17:29:16.251  1809  1864 D DisplayManagerService: Ignore redundant display event 0/2 to 10237/16105
07-11 17:29:16.251  1809  1864 D DisplayManagerService: Ignore redundant display event 0/2 to 10237/16219
07-11 17:29:16.251  1809  1864 D DisplayManagerService: Ignore redundant display event 0/2 to 10438/16794
07-11 17:29:16.251  1809  1864 D DisplayManagerService: Ignore redundant display event 0/2 to 10367/16858
07-11 17:29:16.251  1809  1864 D DisplayManagerService: Ignore redundant display event 0/2 to 10404/17221
07-11 17:29:16.252  1809  1864 D DisplayManagerService: Ignore redundant display event 0/2 to 10202/18955
07-11 17:29:16.252  1809  1864 D DisplayManagerService: Ignore redundant display event 0/2 to 10410/18969
07-11 17:29:16.252  1809  1864 D DisplayManagerService: Ignore redundant display event 0/2 to 10240/20083
07-11 17:29:16.252  1809  1864 D DisplayManagerService: Ignore redundant display event 0/2 to 10266/21164
07-11 17:29:16.252  1809  1864 D DisplayManagerService: Ignore redundant display event 0/2 to 10323/21821
07-11 17:29:16.561  1809  2047 W BoostOptController: not supported hint: 118
07-11 17:29:16.584  1809  1864 I DisplayDeviceRepository: Display device changed render timings: "内蔵スクリーン", renderFrameRate=90.0, presentationDeadlineNanos=24777778, appVsyncOffsetNanos=-8000000
07-11 17:29:16.585  1809  1903 D BrightnessThermalClamper: Thermal status observer already started
07-11 17:29:16.586  1809  1864 D DisplayManagerService: Ignore redundant display event 0/2 to 10439/5392
07-11 17:29:16.586  1809  1864 D DisplayManagerService: Ignore redundant display event 0/2 to 10350/9961
07-11 17:29:16.586  1809  1864 D DisplayManagerService: Ignore redundant display event 0/2 to 10237/16105
07-11 17:29:16.586  1809  1864 D DisplayManagerService: Ignore redundant display event 0/2 to 10237/16219
07-11 17:29:16.586  1809  1864 D DisplayManagerService: Ignore redundant display event 0/2 to 10438/16794
07-11 17:29:16.586  1809  1864 D DisplayManagerService: Ignore redundant display event 0/2 to 10367/16858
07-11 17:29:16.586  1809  1864 D DisplayManagerService: Ignore redundant display event 0/2 to 10404/17221
07-11 17:29:16.586  1809  1864 D DisplayManagerService: Ignore redundant display event 0/2 to 10202/18955
07-11 17:29:16.586  1809  1864 D DisplayManagerService: Ignore redundant display event 0/2 to 10410/18969
07-11 17:29:16.587  1809  1864 D DisplayManagerService: Ignore redundant display event 0/2 to 10240/20083
07-11 17:29:16.587  1809  1864 D DisplayManagerService: Ignore redundant display event 0/2 to 10266/21164
07-11 17:29:16.587  1809  1864 D DisplayManagerService: Ignore redundant display event 0/2 to 10323/21821
07-11 17:29:16.743  1809  2047 W BoostOptController: not supported hint: 118
07-11 17:29:16.881  1809  2047 W BoostOptController: not supported hint: 118
07-11 17:29:16.988  1809  2047 W BoostOptController: not supported hint: 118
07-11 17:29:17.164  1809  2047 W BoostOptController: not supported hint: 118
07-11 17:29:17.279  1809  2047 W BoostOptController: not supported hint: 118
07-11 17:29:17.466  1809  2047 W BoostOptController: not supported hint: 118
07-11 17:29:17.684  1809  2047 W BoostOptController: not supported hint: 118
07-11 17:29:17.806  1809  2047 W BoostOptController: not supported hint: 118
07-11 17:29:17.968  1809  2047 W BoostOptController: not supported hint: 118
07-11 17:29:18.070  1809  2047 W BoostOptController: not supported hint: 118
07-11 17:29:18.193  1809  2047 W BoostOptController: not supported hint: 118
07-11 17:29:18.203  1809  3645 D PowerManagerService: nativeAcquireSuspendBlocker name:PowerManagerService.WakeLocks duration ms: 1
07-11 17:29:18.209 31119 31135 W Binder  : reply too large data on java level: InterfaceDescriptor = null, code = 1
07-11 17:29:18.217  1809  4188 D PowerManagerService: nativeReleaseSuspendBlocker name:PowerManagerService.WakeLocks duration ms: 0
07-11 17:29:18.304  1809  2047 W BoostOptController: not supported hint: 118
07-11 17:29:18.552  1809  2047 W BoostOptController: not supported hint: 118
07-11 17:29:18.654  1809  2047 W BoostOptController: not supported hint: 118
07-11 17:29:18.776  1809  2047 W BoostOptController: not supported hint: 118
07-11 17:29:18.916  1809  4164 D PowerManagerService: nativeAcquireSuspendBlocker name:PowerManagerService.WakeLocks duration ms: 3
07-11 17:29:18.924  1809  4164 D PowerManagerService: nativeReleaseSuspendBlocker name:PowerManagerService.WakeLocks duration ms: 0
07-11 17:29:18.925  1809  2047 W BoostOptController: not supported hint: 118
07-11 17:29:18.931  1809  4164 D PowerManagerService: nativeAcquireSuspendBlocker name:PowerManagerService.WakeLocks duration ms: 3
07-11 17:29:18.936  1809  4164 D PowerManagerService: nativeReleaseSuspendBlocker name:PowerManagerService.WakeLocks duration ms: 0
07-11 17:29:19.026  1809  2047 W BoostOptController: not supported hint: 118
07-11 17:29:19.180  1809  2047 W BoostOptController: not supported hint: 118
07-11 17:29:19.283  1809  2047 W BoostOptController: not supported hint: 118
07-11 17:29:19.385  1809  2047 W BoostOptController: not supported hint: 118
07-11 17:29:19.428  1809  1854 D PowerManagerService: nativeAcquireSuspendBlocker name:PowerManagerService.WakeLocks duration ms: 3
07-11 17:29:19.437  1809  4164 D PowerManagerService: nativeReleaseSuspendBlocker name:PowerManagerService.WakeLocks duration ms: 0
07-11 17:29:19.443  1809  4164 D PowerManagerService: nativeAcquireSuspendBlocker name:PowerManagerService.WakeLocks duration ms: 3
07-11 17:29:19.448  1809  4164 D PowerManagerService: nativeReleaseSuspendBlocker name:PowerManagerService.WakeLocks duration ms: 0
07-11 17:29:19.574  1809  2047 W BoostOptController: not supported hint: 118
07-11 17:29:19.677  1809  2047 W BoostOptController: not supported hint: 118
07-11 17:29:19.779  1809  2047 W BoostOptController: not supported hint: 118
07-11 17:29:19.882  1809  2047 W BoostOptController: not supported hint: 118
07-11 17:29:20.084  1809  2047 W BoostOptController: not supported hint: 118
07-11 17:29:20.171  1809  1862 W BoostOptController: not supported hint: 118
07-11 17:29:20.184  1809  1864 I DisplayDeviceRepository: Display device changed render timings: "内蔵スクリーン", renderFrameRate=120.00001, presentationDeadlineNanos=22000000, appVsyncOffsetNanos=-8000000
07-11 17:29:20.186  1809  1903 D BrightnessThermalClamper: Thermal status observer already started
07-11 17:29:20.188  1809  1864 D DisplayManagerService: Ignore redundant display event 0/2 to 10439/5392
07-11 17:29:20.189  1809  1864 D DisplayManagerService: Ignore redundant display event 0/2 to 10350/9961
07-11 17:29:20.189  1809  1864 D DisplayManagerService: Ignore redundant display event 0/2 to 10237/16105
07-11 17:29:20.189  1809  1864 D DisplayManagerService: Ignore redundant display event 0/2 to 10237/16219
07-11 17:29:20.189  1809  1864 D DisplayManagerService: Ignore redundant display event 0/2 to 10438/16794
07-11 17:29:20.189  1809  1864 D DisplayManagerService: Ignore redundant display event 0/2 to 10367/16858
07-11 17:29:20.189  1809  1864 D DisplayManagerService: Ignore redundant display event 0/2 to 10404/17221
07-11 17:29:20.189  1809  1864 D DisplayManagerService: Ignore redundant display event 0/2 to 10202/18955
07-11 17:29:20.189  1809  1864 D DisplayManagerService: Ignore redundant display event 0/2 to 10410/18969
07-11 17:29:20.189  1809  1864 D DisplayManagerService: Ignore redundant display event 0/2 to 10240/20083
07-11 17:29:20.189  1809  1864 D DisplayManagerService: Ignore redundant display event 0/2 to 10266/21164
07-11 17:29:20.190  1809  1864 D DisplayManagerService: Ignore redundant display event 0/2 to 10323/21821
07-11 17:29:20.283  1809  2047 W BoostOptController: not supported hint: 118
07-11 17:29:20.446  1809  2047 W BoostOptController: not supported hint: 118
07-11 17:29:20.583  1809  2047 W BoostOptController: not supported hint: 118
07-11 17:29:20.717  1809  2047 W BoostOptController: not supported hint: 118
07-11 17:29:20.858  1809  1864 I DisplayDeviceRepository: Display device changed render timings: "内蔵スクリーン", renderFrameRate=90.0, presentationDeadlineNanos=24777778, appVsyncOffsetNanos=-8000000
07-11 17:29:20.862  1809  1903 D BrightnessThermalClamper: Thermal status observer already started
07-11 17:29:20.866  1809  1864 D DisplayManagerService: Ignore redundant display event 0/2 to 10439/5392
07-11 17:29:20.867  1809  1864 D DisplayManagerService: Ignore redundant display event 0/2 to 10350/9961
07-11 17:29:20.868  1809  1864 D DisplayManagerService: Ignore redundant display event 0/2 to 10237/16105
07-11 17:29:20.868  1809  1864 D DisplayManagerService: Ignore redundant display event 0/2 to 10237/16219
07-11 17:29:20.868  1809  1864 D DisplayManagerService: Ignore redundant display event 0/2 to 10438/16794
07-11 17:29:20.869  1809  1864 D DisplayManagerService: Ignore redundant display event 0/2 to 10367/16858
07-11 17:29:20.870  1809  1864 D DisplayManagerService: Ignore redundant display event 0/2 to 10404/17221
07-11 17:29:20.870  1809  1864 D DisplayManagerService: Ignore redundant display event 0/2 to 10202/18955
07-11 17:29:20.870  1809  1864 D DisplayManagerService: Ignore redundant display event 0/2 to 10410/18969
07-11 17:29:20.872  1809  1864 D DisplayManagerService: Ignore redundant display event 0/2 to 10240/20083
07-11 17:29:20.872  1809  1864 D DisplayManagerService: Ignore redundant display event 0/2 to 10266/21164
07-11 17:29:20.872  1809  1864 D DisplayManagerService: Ignore redundant display event 0/2 to 10323/21821
07-11 17:29:20.878  1809  2047 W BoostOptController: not supported hint: 118
07-11 17:29:20.978  1809  2047 W BoostOptController: not supported hint: 118
07-11 17:29:21.375  1809  2047 W BoostOptController: not supported hint: 118
07-11 17:29:21.527  1809  2047 W BoostOptController: not supported hint: 118
07-11 17:29:21.709  1809  2047 W BoostOptController: not supported hint: 118
07-11 17:29:21.909  1809  2047 W BoostOptController: not supported hint: 118
07-11 17:29:22.010  1809  2047 W BoostOptController: not supported hint: 118
07-11 17:29:22.397  1809  2047 W BoostOptController: not supported hint: 118
07-11 17:29:22.567  1809  2047 W BoostOptController: not supported hint: 118
07-11 17:29:22.675  1809  2047 W BoostOptController: not supported hint: 118
07-11 17:29:22.794  1809  2047 W BoostOptController: not supported hint: 118
07-11 17:29:22.904  1809  2047 W BoostOptController: not supported hint: 118
07-11 17:29:23.063  1809  2047 W BoostOptController: not supported hint: 118
07-11 17:29:23.163  1809  2047 W BoostOptController: not supported hint: 118
07-11 17:29:23.294  1809  2047 W BoostOptController: not supported hint: 118
07-11 17:29:23.343  1809  1995 D PowerManagerService: nativeAcquireSuspendBlocker name:PowerManagerService.WakeLocks duration ms: 3
07-11 17:29:23.350  1809  4172 D PowerManagerService: nativeReleaseSuspendBlocker name:PowerManagerService.WakeLocks duration ms: 0
07-11 17:29:23.403  1809  2047 W BoostOptController: not supported hint: 118
07-11 17:29:23.490  1809  1995 D PowerManagerService: nativeAcquireSuspendBlocker name:PowerManagerService.WakeLocks duration ms: 2
07-11 17:29:23.498  1809  1995 D PowerManagerService: nativeReleaseSuspendBlocker name:PowerManagerService.WakeLocks duration ms: 1
07-11 17:29:23.502  1809  1995 D PowerManagerService: nativeAcquireSuspendBlocker name:PowerManagerService.WakeLocks duration ms: 2
07-11 17:29:23.506  1809  1995 D PowerManagerService: nativeReleaseSuspendBlocker name:PowerManagerService.WakeLocks duration ms: 1
07-11 17:29:23.525  1809  1995 D PowerManagerService: nativeAcquireSuspendBlocker name:PowerManagerService.WakeLocks duration ms: 2
07-11 17:29:23.529  1809  1995 D PowerManagerService: nativeReleaseSuspendBlocker name:PowerManagerService.WakeLocks duration ms: 0
07-11 17:29:23.582  1809  2047 W BoostOptController: not supported hint: 118
07-11 17:29:23.685  1809  2047 W BoostOptController: not supported hint: 118
07-11 17:29:23.837  1809  2047 W BoostOptController: not supported hint: 118
07-11 17:29:23.914  1809  1995 D addPss  : tracker=ProcessState{756963c com.android.chrome:privileged_process0/10237 pkg=com.android.chrome}
07-11 17:29:23.937  1809  2047 W BoostOptController: not supported hint: 118
07-11 17:29:24.044  1809  2047 W BoostOptController: not supported hint: 118
07-11 17:29:24.160  1809  2047 W BoostOptController: not supported hint: 118
07-11 17:29:24.254  1809  1995 D PowerManagerService: nativeAcquireSuspendBlocker name:PowerManagerService.WakeLocks duration ms: 6
07-11 17:29:24.263 31119 31135 W Binder  : reply too large data on java level: InterfaceDescriptor = null, code = 1
07-11 17:29:24.267  1809  2047 W BoostOptController: not supported hint: 118
07-11 17:29:24.272  1809  3646 D PowerManagerService: nativeReleaseSuspendBlocker name:PowerManagerService.WakeLocks duration ms: 1
07-11 17:29:24.919  1809  2047 W BoostOptController: not supported hint: 118
07-11 17:29:25.017  1809  2047 W BoostOptController: not supported hint: 118
07-11 17:29:25.120  1809  2047 W BoostOptController: not supported hint: 118
07-11 17:29:25.460  1809  2047 W BoostOptController: not supported hint: 118
07-11 17:29:25.556  1809  1862 W BoostOptController: not supported hint: 118
07-11 17:29:25.575  1809  1864 I DisplayDeviceRepository: Display device changed render timings: "内蔵スクリーン", renderFrameRate=120.00001, presentationDeadlineNanos=22000000, appVsyncOffsetNanos=-8000000
07-11 17:29:25.577  1809  1903 D BrightnessThermalClamper: Thermal status observer already started
07-11 17:29:25.578  1809  1864 D DisplayManagerService: Ignore redundant display event 0/2 to 10439/5392
07-11 17:29:25.579  1809  1864 D DisplayManagerService: Ignore redundant display event 0/2 to 10350/9961
07-11 17:29:25.579  1809  1864 D DisplayManagerService: Ignore redundant display event 0/2 to 10237/16105
07-11 17:29:25.579  1809  1864 D DisplayManagerService: Ignore redundant display event 0/2 to 10237/16219
07-11 17:29:25.579  1809  1864 D DisplayManagerService: Ignore redundant display event 0/2 to 10438/16794
07-11 17:29:25.579  1809  1864 D DisplayManagerService: Ignore redundant display event 0/2 to 10367/16858
07-11 17:29:25.579  1809  1864 D DisplayManagerService: Ignore redundant display event 0/2 to 10404/17221
07-11 17:29:25.579  1809  1864 D DisplayManagerService: Ignore redundant display event 0/2 to 10202/18955
