07-11 17:25:44.649  1809  1861 I MotoPerfManagerService: handleAppStart 10362:com.discord warm 10 81 74 -1 354
07-11 17:25:44.711  2325  2403 V WindowManagerShell: Transition animation finished (aborted=false), notifying core (#1501) android.os.BinderProxy@ca922e9@0
07-11 17:25:44.713  1809  1861 V WindowManager: Finish Transition (#1501): created at 07-11 17:25:44.295 collect-started=0.077ms request-sent=7.349ms started=9.447ms ready=26.25ms sent=69.584ms finished=417.425ms
07-11 17:25:44.716  2325  2403 V WindowManagerShell: Track 0 became idle
07-11 17:25:44.716  2325  2403 V WindowManagerShell: All active transition animations finished
07-11 17:25:44.723  1809  4193 W UserManagerService: Requested status bar icon for non-badged user 0
07-11 17:25:44.731  1809  4216 W UserManagerService: Requested status bar icon for non-badged user 0
07-11 17:25:44.735  1809  1872 W MotoBatteryCareService: uid: 10362 pkgName:com.discord come to foreground
07-11 17:25:44.736  1809  4164 D PowerManagerService: nativeSetPowerMode ret:true mode:5 enabled:false duration ms: 1
07-11 17:25:44.737  1809  4164 D PowerManagerService: nativeReleaseSuspendBlocker name:PowerManagerService.WakeLocks duration ms: 0
07-11 17:25:44.759  1809  1996 W PackageConfigPersister: App-specific configuration not found for packageName: com.discord and userId: 0
07-11 17:25:44.781  1809  1866 W BoostOptController: not supported hint: 118
07-11 17:25:44.790  1809  1996 D CoreBackPreview: Window{b6801ad u0 Splash Screen com.discord EXITING}: Setting back callback null
07-11 17:25:45.374  1809  4172 D CompatChangeReporter: Compat change id reported: 311402873; UID 10362; state: ENABLED
07-11 17:25:45.374  1809  4172 D CompatChangeReporter: Compat change id reported: 323349338; UID 10362; state: ENABLED
07-11 17:25:45.459  1809  2025 D ActivityManager: freezing 30506 com.google.android.apps.turbo, reason = oom_cached
07-11 17:25:45.633  1809  4172 D PowerManagerService: nativeAcquireSuspendBlocker name:PowerManagerService.WakeLocks duration ms: 2
07-11 17:25:45.638  1809  3644 D PowerManagerService: nativeReleaseSuspendBlocker name:PowerManagerService.WakeLocks duration ms: 1
07-11 17:25:45.641  1809  3644 D PowerManagerService: nativeAcquireSuspendBlocker name:PowerManagerService.WakeLocks duration ms: 1
07-11 17:25:45.648  1809  4172 D PowerManagerService: nativeReleaseSuspendBlocker name:PowerManagerService.WakeLocks duration ms: 0
07-11 17:25:45.805  1809  1864 I DisplayDeviceRepository: Display device changed render timings: "内蔵スクリーン", renderFrameRate=120.00001, presentationDeadlineNanos=22000000, appVsyncOffsetNanos=-8000000
07-11 17:25:45.807  1809  1903 D BrightnessThermalClamper: Thermal status observer already started
07-11 17:25:45.807  1809  1864 D DisplayManagerService: Ignore redundant display event 0/2 to 10439/5392
07-11 17:25:45.807  1809  1864 D DisplayManagerService: Ignore redundant display event 0/2 to 10350/9961
07-11 17:25:45.807  1809  1864 D DisplayManagerService: Ignore redundant display event 0/2 to 10237/16105
07-11 17:25:45.808  1809  1864 D DisplayManagerService: Ignore redundant display event 0/2 to 10237/16219
07-11 17:25:45.808  1809  1864 D DisplayManagerService: Ignore redundant display event 0/2 to 10438/16794
07-11 17:25:45.808  1809  1864 D DisplayManagerService: Ignore redundant display event 0/2 to 10367/16858
07-11 17:25:45.808  1809  1864 D DisplayManagerService: Ignore redundant display event 0/2 to 10404/17221
07-11 17:25:45.808  1809  1864 D DisplayManagerService: Ignore redundant display event 0/2 to 10202/18955
07-11 17:25:45.808  1809  1864 D DisplayManagerService: Ignore redundant display event 0/2 to 10410/18969
07-11 17:25:45.808  1809  1864 D DisplayManagerService: Ignore redundant display event 0/2 to 10240/20083
07-11 17:25:45.808  1809  1864 D DisplayManagerService: Ignore redundant display event 0/2 to 10266/21164
07-11 17:25:45.808  1809  1864 D DisplayManagerService: Ignore redundant display event 0/2 to 10323/21821
07-11 17:25:45.814  1809  1864 I DisplayDeviceRepository: Display device changed render timings: "内蔵スクリーン", renderFrameRate=60.000004, presentationDeadlineNanos=28600000, appVsyncOffsetNanos=8400000
07-11 17:25:45.815  1809  1903 D BrightnessThermalClamper: Thermal status observer already started
07-11 17:25:45.815  1809  1864 D DisplayManagerService: Ignore redundant display event 0/2 to 10439/5392
07-11 17:25:45.815  1809  1864 D DisplayManagerService: Ignore redundant display event 0/2 to 10350/9961
07-11 17:25:45.815  1809  1864 D DisplayManagerService: Ignore redundant display event 0/2 to 10237/16105
07-11 17:25:45.815  1809  1864 D DisplayManagerService: Ignore redundant display event 0/2 to 10237/16219
07-11 17:25:45.815  1809  1864 D DisplayManagerService: Ignore redundant display event 0/2 to 10438/16794
07-11 17:25:45.815  1809  1864 D DisplayManagerService: Ignore redundant display event 0/2 to 10367/16858
07-11 17:25:45.815  1809  1864 D DisplayManagerService: Ignore redundant display event 0/2 to 10404/17221
07-11 17:25:45.816  1809  1864 D DisplayManagerService: Ignore redundant display event 0/2 to 10202/18955
07-11 17:25:45.816  1809  1864 D DisplayManagerService: Ignore redundant display event 0/2 to 10410/18969
07-11 17:25:45.816  1809  1864 D DisplayManagerService: Ignore redundant display event 0/2 to 10240/20083
07-11 17:25:45.816  1809  1864 D DisplayManagerService: Ignore redundant display event 0/2 to 10266/21164
07-11 17:25:45.816  1809  1864 D DisplayManagerService: Ignore redundant display event 0/2 to 10323/21821
07-11 17:25:46.121  1809  1903 I DisplayPowerController2[0]: 07-11 17:25:46.120 - BrightnessEvent: disp=0, physDisp=local:0, displayState=ON, displayPolicy=BRIGHT, brt=0.22028627, initBrt=0.34017053, rcmdBrt=0.22028627, preBrt=0.34017053, lux=74.51298, preLux=161.68094, brtNits=103.892044, hdrNits=NaN, initNits=156.61945, preNits=156.61945, rcmdNits=103.892044, hdrBrightness=NaN, brt(%)=36%, brtInt=57, hbmPolicy=legacy, hbmMax=0.9999, hbmMode=off, rbcStrength=50, thrmMax=1.0, powerFactor=1.0, wasShortTermModelActive=false, flags=, reason=automatic, autoBrightness=true, strategy=InvalidBrightnessStrategy, autoBrightnessMode=default
07-11 17:25:46.122  1809  1809 I BrightnessSynchronizer: New Update: {[2457] 0.22028627(f), mUpdatedTypes=1, mConfirmedTypes=0, mTimeUpdated=0, mState=2}
07-11 17:25:46.123  1809  1809 I BrightnessSynchronizer: [2457] New Update 0.22028627(f) set brightness values:  57(i)
07-11 17:25:46.124  1809  1809 I BrightnessSynchronizer: Swallowing update of 57(i) by update: {[2457] 0.22028627(f), mUpdatedTypes=1, mConfirmedTypes=1, mTimeUpdated=76216699, mState=2}
07-11 17:25:46.124  1809  1809 I BrightnessSynchronizer: Completed Update: {[2457] 0.22028627(f), mUpdatedTypes=1, mConfirmedTypes=1, mTimeUpdated=76216699, mState=3}
07-11 17:25:47.310  1809  2047 W BoostOptController: not supported hint: 118
07-11 17:25:47.350  1809  1864 I DisplayDeviceRepository: Display device changed render timings: "内蔵スクリーン", renderFrameRate=90.0, presentationDeadlineNanos=24777778, appVsyncOffsetNanos=-8000000
07-11 17:25:47.354  1809  1903 D BrightnessThermalClamper: Thermal status observer already started
07-11 17:25:48.334  1809  1864 I DisplayDeviceRepository: Display device changed render timings: "内蔵スクリーン", renderFrameRate=120.00001, presentationDeadlineNanos=22000000, appVsyncOffsetNanos=-8000000
07-11 17:25:48.337  1809  1903 D BrightnessThermalClamper: Thermal status observer already started
07-11 17:25:48.342  1809  1864 D DisplayManagerService: Ignore redundant display event 0/2 to 10439/5392
07-11 17:25:48.343  1809  1864 D DisplayManagerService: Ignore redundant display event 0/2 to 10350/9961
07-11 17:25:48.346  1809  1864 D DisplayManagerService: Ignore redundant display event 0/2 to 10237/16105
07-11 17:25:48.346  1809  1864 D DisplayManagerService: Ignore redundant display event 0/2 to 10237/16219
07-11 17:25:48.346  1809  1864 D DisplayManagerService: Ignore redundant display event 0/2 to 10438/16794
07-11 17:25:48.346  1809  1864 D DisplayManagerService: Ignore redundant display event 0/2 to 10367/16858
07-11 17:25:48.346  1809  1864 D DisplayManagerService: Ignore redundant display event 0/2 to 10404/17221
07-11 17:25:48.346  1809  1864 D DisplayManagerService: Ignore redundant display event 0/2 to 10202/18955
07-11 17:25:48.346  1809  1864 D DisplayManagerService: Ignore redundant display event 0/2 to 10410/18969
07-11 17:25:48.346  1809  1864 D DisplayManagerService: Ignore redundant display event 0/2 to 10240/20083
07-11 17:25:48.346  1809  1864 D DisplayManagerService: Ignore redundant display event 0/2 to 10266/21164
07-11 17:25:48.346  1809  1864 D DisplayManagerService: Ignore redundant display event 0/2 to 10323/21821
07-11 17:25:48.357  1809  1996 D PowerManagerService: nativeAcquireSuspendBlocker name:PowerManagerService.WakeLocks duration ms: 1
07-11 17:25:48.362  1809  1996 D PowerManagerService: nativeReleaseSuspendBlocker name:PowerManagerService.WakeLocks duration ms: 0
07-11 17:25:48.366  1809  1996 D PowerManagerService: nativeAcquireSuspendBlocker name:PowerManagerService.WakeLocks duration ms: 2
07-11 17:25:48.370  1809  2594 D PowerManagerService: nativeReleaseSuspendBlocker name:PowerManagerService.WakeLocks duration ms: 0
07-11 17:25:48.373  1809  1996 D PowerManagerService: nativeAcquireSuspendBlocker name:PowerManagerService.WakeLocks duration ms: 1
07-11 17:25:48.375  1809  1996 D PowerManagerService: nativeReleaseSuspendBlocker name:PowerManagerService.WakeLocks duration ms: 0
07-11 17:25:48.644  1809  2047 W BoostOptController: not supported hint: 118
07-11 17:25:48.665  1809  1864 I DisplayDeviceRepository: Display device changed render timings: "内蔵スクリーン", renderFrameRate=90.0, presentationDeadlineNanos=24777778, appVsyncOffsetNanos=-8000000
07-11 17:25:48.666  1809  1903 D BrightnessThermalClamper: Thermal status observer already started
07-11 17:25:48.667  1809  1864 D DisplayManagerService: Ignore redundant display event 0/2 to 10439/5392
07-11 17:25:48.667  1809  1864 D DisplayManagerService: Ignore redundant display event 0/2 to 10350/9961
07-11 17:25:48.667  1809  1864 D DisplayManagerService: Ignore redundant display event 0/2 to 10237/16105
07-11 17:25:48.667  1809  1864 D DisplayManagerService: Ignore redundant display event 0/2 to 10237/16219
07-11 17:25:48.667  1809  1864 D DisplayManagerService: Ignore redundant display event 0/2 to 10438/16794
07-11 17:25:48.667  1809  1864 D DisplayManagerService: Ignore redundant display event 0/2 to 10367/16858
07-11 17:25:48.667  1809  1864 D DisplayManagerService: Ignore redundant display event 0/2 to 10404/17221
07-11 17:25:48.667  1809  1864 D DisplayManagerService: Ignore redundant display event 0/2 to 10202/18955
07-11 17:25:48.667  1809  1864 D DisplayManagerService: Ignore redundant display event 0/2 to 10410/18969
07-11 17:25:48.668  1809  1864 D DisplayManagerService: Ignore redundant display event 0/2 to 10240/20083
07-11 17:25:48.668  1809  1864 D DisplayManagerService: Ignore redundant display event 0/2 to 10266/21164
07-11 17:25:48.668  1809  1864 D DisplayManagerService: Ignore redundant display event 0/2 to 10323/21821
07-11 17:25:48.676  1809  4193 D PowerManagerService: nativeAcquireSuspendBlocker name:PowerManagerService.WakeLocks duration ms: 2
07-11 17:25:48.703  1809  2590 V AutofillSession: Primary service component name: ComponentInfo{com.google.android.gms/com.google.android.gms.autofill.service.AutofillService}, secondary service component name: ComponentInfo{com.android.credentialmanager/com.android.credentialmanager.autofill.CredentialAutofillService}
07-11 17:25:48.706  1809  2590 V SecondaryProviderHandler: Creating a secondary provider handler with component name, ComponentInfo{com.android.credentialmanager/com.android.credentialmanager.autofill.CredentialAutofillService}
07-11 17:25:48.711  1809  2590 W FillRequestEventLogger: Couldn't find packageName: com.google.android.inputmethod.latin
07-11 17:25:48.732  1809  3644 W PackageConfigPersister: App-specific configuration not found for packageName: com.discord and userId: 0
07-11 17:25:48.733  1809  4216 D AutofillSession: createPendingIntent for request 1052
07-11 17:25:48.735  1809  4216 D ContentCapturePerUserService: Notified activity assist data for activity: Token{87c5f88 ActivityRecord{9fc9ba5 u0 com.discord/.main.MainDefault t3923}} without a session Id
07-11 17:25:48.769  1809  4193 D PowerManagerService: nativeReleaseSuspendBlocker name:PowerManagerService.WakeLocks duration ms: 0
07-11 17:25:48.933  1809  4193 D PowerManagerService: nativeSetPowerMode ret:true mode:5 enabled:true duration ms: 0
07-11 17:25:49.002  2325  2403 D WindowManagerShell: onKeepClearAreasChanged: restricted={}, unrestricted={Rect(0, 1531 - 1080, 2400)}
07-11 17:25:49.083  1809  1809 I BrightnessSynchronizer: New Update: {[2458] 0.22028627(f), mUpdatedTypes=0, mConfirmedTypes=0, mTimeUpdated=0, mState=2}
07-11 17:25:49.139  1809  1809 W FillRequestEventLogger: Shouldn't be logging AutofillFillRequestReported again for same event
07-11 17:25:49.139  1809  1809 W FillResponseEventLogger: Shouldn't be logging AutofillFillRequestReported again for same event
07-11 17:25:49.139  1809  1809 D AutofillSession: clearPendingIntentLocked
07-11 17:25:49.541  1809  4216 D PowerManagerService: nativeAcquireSuspendBlocker name:PowerManagerService.WakeLocks duration ms: 2
07-11 17:25:49.545  1809  4193 D PowerManagerService: nativeReleaseSuspendBlocker name:PowerManagerService.WakeLocks duration ms: 1
07-11 17:25:49.667  1809  1864 I DisplayDeviceRepository: Display device changed render timings: "内蔵スクリーン", renderFrameRate=120.00001, presentationDeadlineNanos=22000000, appVsyncOffsetNanos=-8000000
07-11 17:25:49.669  1809  1903 D BrightnessThermalClamper: Thermal status observer already started
07-11 17:25:49.713  1809  1995 D PowerManagerService: nativeAcquireSuspendBlocker name:PowerManagerService.WakeLocks duration ms: 2
07-11 17:25:49.717  1809  2590 D PowerManagerService: nativeReleaseSuspendBlocker name:PowerManagerService.WakeLocks duration ms: 0
07-11 17:25:50.252  1809  1864 I DisplayDeviceRepository: Display device changed render timings: "内蔵スクリーン", renderFrameRate=60.000004, presentationDeadlineNanos=28600000, appVsyncOffsetNanos=8400000
07-11 17:25:50.253  1809  1903 D BrightnessThermalClamper: Thermal status observer already started
07-11 17:25:50.254  1809  1864 D DisplayManagerService: Ignore redundant display event 0/2 to 10439/5392
07-11 17:25:50.255  1809  1864 D DisplayManagerService: Ignore redundant display event 0/2 to 10350/9961
07-11 17:25:50.255  1809  1864 D DisplayManagerService: Ignore redundant display event 0/2 to 10237/16105
07-11 17:25:50.255  1809  1864 D DisplayManagerService: Ignore redundant display event 0/2 to 10237/16219
07-11 17:25:50.255  1809  1864 D DisplayManagerService: Ignore redundant display event 0/2 to 10438/16794
07-11 17:25:50.255  1809  1864 D DisplayManagerService: Ignore redundant display event 0/2 to 10367/16858
07-11 17:25:50.255  1809  1864 D DisplayManagerService: Ignore redundant display event 0/2 to 10404/17221
07-11 17:25:50.255  1809  1864 D DisplayManagerService: Ignore redundant display event 0/2 to 10202/18955
07-11 17:25:50.255  1809  1864 D DisplayManagerService: Ignore redundant display event 0/2 to 10410/18969
07-11 17:25:50.255  1809  1864 D DisplayManagerService: Ignore redundant display event 0/2 to 10240/20083
07-11 17:25:50.255  1809  1864 D DisplayManagerService: Ignore redundant display event 0/2 to 10266/21164
07-11 17:25:50.255  1809  1864 D DisplayManagerService: Ignore redundant display event 0/2 to 10323/21821
07-11 17:25:50.442  1809  2047 W BoostOptController: not supported hint: 118
07-11 17:25:50.481  1809  1864 I DisplayDeviceRepository: Display device changed render timings: "内蔵スクリーン", renderFrameRate=90.0, presentationDeadlineNanos=24777778, appVsyncOffsetNanos=-8000000
07-11 17:25:50.484  1809  1903 D BrightnessThermalClamper: Thermal status observer already started
07-11 17:25:50.484  1809  1864 D DisplayManagerService: Ignore redundant display event 0/2 to 10439/5392
07-11 17:25:50.484  1809  1864 D DisplayManagerService: Ignore redundant display event 0/2 to 10350/9961
07-11 17:25:50.484  1809  1864 D DisplayManagerService: Ignore redundant display event 0/2 to 10237/16105
07-11 17:25:50.484  1809  1864 D DisplayManagerService: Ignore redundant display event 0/2 to 10237/16219
07-11 17:25:50.484  1809  1864 D DisplayManagerService: Ignore redundant display event 0/2 to 10438/16794
07-11 17:25:50.484  1809  1864 D DisplayManagerService: Ignore redundant display event 0/2 to 10367/16858
07-11 17:25:50.484  1809  1864 D DisplayManagerService: Ignore redundant display event 0/2 to 10404/17221
07-11 17:25:50.484  1809  1864 D DisplayManagerService: Ignore redundant display event 0/2 to 10202/18955
07-11 17:25:50.484  1809  1864 D DisplayManagerService: Ignore redundant display event 0/2 to 10410/18969
07-11 17:25:50.485  1809  1864 D DisplayManagerService: Ignore redundant display event 0/2 to 10240/20083
07-11 17:25:50.485  1809  1864 D DisplayManagerService: Ignore redundant display event 0/2 to 10266/21164
07-11 17:25:50.485  1809  1864 D DisplayManagerService: Ignore redundant display event 0/2 to 10323/21821
07-11 17:25:50.793  1809  2047 W BoostOptController: not supported hint: 118
07-11 17:25:50.972  1809  2047 W BoostOptController: not supported hint: 118
07-11 17:25:51.107  1809  2047 W BoostOptController: not supported hint: 118
07-11 17:25:51.213  1809  2047 W BoostOptController: not supported hint: 118
07-11 17:25:51.345  1809  2047 W BoostOptController: not supported hint: 118
07-11 17:25:51.448  1809  2047 W BoostOptController: not supported hint: 118
07-11 17:25:51.584  1809  2047 W BoostOptController: not supported hint: 118
07-11 17:25:51.689  1809  2047 W BoostOptController: not supported hint: 118
07-11 17:25:51.863  1809  2047 W BoostOptController: not supported hint: 118
07-11 17:25:52.034  1809  2047 W BoostOptController: not supported hint: 118
07-11 17:25:52.188  1809  2047 W BoostOptController: not supported hint: 118
07-11 17:25:53.175  1809  2047 W BoostOptController: not supported hint: 118
07-11 17:25:53.276  1809  2047 W BoostOptController: not supported hint: 118
07-11 17:25:53.444  1809  2047 W BoostOptController: not supported hint: 118
07-11 17:25:53.935  1809  2047 W BoostOptController: not supported hint: 118
07-11 17:25:54.071  1809  2047 W BoostOptController: not supported hint: 118
07-11 17:25:54.111  1809  1995 D PowerManagerService: nativeAcquireSuspendBlocker name:PowerManagerService.WakeLocks duration ms: 1
07-11 17:25:54.114  1809  2594 D PowerManagerService: nativeReleaseSuspendBlocker name:PowerManagerService.WakeLocks duration ms: 0
07-11 17:25:54.117  1809  2594 D PowerManagerService: nativeAcquireSuspendBlocker name:PowerManagerService.WakeLocks duration ms: 1
07-11 17:25:54.119  1809  2594 D PowerManagerService: nativeReleaseSuspendBlocker name:PowerManagerService.WakeLocks duration ms: 0
07-11 17:25:54.174  1809  2047 W BoostOptController: not supported hint: 118
07-11 17:25:54.637  1809  2047 W BoostOptController: not supported hint: 118
07-11 17:25:54.930  1809  2047 W BoostOptController: not supported hint: 118
07-11 17:25:55.233  1809  2047 W BoostOptController: not supported hint: 118
07-11 17:25:55.334  1809  2047 W BoostOptController: not supported hint: 118
07-11 17:25:55.753  1809  2590 D PowerManagerService: nativeAcquireSuspendBlocker name:PowerManagerService.WakeLocks duration ms: 4
07-11 17:25:55.760  1809  2594 D PowerManagerService: nativeReleaseSuspendBlocker name:PowerManagerService.WakeLocks duration ms: 0
07-11 17:25:55.768  1809  2594 D PowerManagerService: nativeAcquireSuspendBlocker name:PowerManagerService.WakeLocks duration ms: 4
07-11 17:25:55.774  1809  2594 D PowerManagerService: nativeReleaseSuspendBlocker name:PowerManagerService.WakeLocks duration ms: 0
07-11 17:25:55.829  1809  2047 W BoostOptController: not supported hint: 118
07-11 17:25:56.139  1809  2047 W BoostOptController: not supported hint: 118
07-11 17:25:56.313  1809  2047 W BoostOptController: not supported hint: 118
07-11 17:25:56.425  1809  2047 W BoostOptController: not supported hint: 118
07-11 17:25:56.529  1809  2047 W BoostOptController: not supported hint: 118
07-11 17:25:56.630  1809  2047 W BoostOptController: not supported hint: 118
07-11 17:25:56.904  1809  2047 W BoostOptController: not supported hint: 118
07-11 17:25:56.950  1809  1903 I DisplayPowerController2[0]: 07-11 17:25:56.949 - BrightnessEvent: disp=0, physDisp=local:0, displayState=ON, displayPolicy=BRIGHT, brt=0.16915174, initBrt=0.22028627, rcmdBrt=0.16915174, preBrt=0.22028627, lux=37.0, preLux=56.0, brtNits=80.52023, hdrNits=NaN, initNits=103.892044, preNits=103.892044, rcmdNits=80.52023, hdrBrightness=NaN, brt(%)=31%, brtInt=44, hbmPolicy=legacy, hbmMax=0.9999, hbmMode=off, rbcStrength=50, thrmMax=1.0, powerFactor=1.0, wasShortTermModelActive=false, flags=, reason=automatic, autoBrightness=true, strategy=InvalidBrightnessStrategy, autoBrightnessMode=default
07-11 17:25:56.954  1809  1864 D DisplayManagerService: Ignore redundant display event 0/4 to 10439/5392
07-11 17:25:56.955  1809  1864 D DisplayManagerService: Ignore redundant display event 0/4 to 10350/9961
07-11 17:25:56.955  1809  1864 D DisplayManagerService: Ignore redundant display event 0/4 to 10237/16105
07-11 17:25:56.956  1809  1864 D DisplayManagerService: Ignore redundant display event 0/4 to 10237/16219
07-11 17:25:56.956  1809  1864 D DisplayManagerService: Ignore redundant display event 0/4 to 10438/16794
07-11 17:25:56.956  1809  1864 D DisplayManagerService: Ignore redundant display event 0/4 to 10367/16858
07-11 17:25:56.956  1809  1864 D DisplayManagerService: Ignore redundant display event 0/4 to 10404/17221
07-11 17:25:56.957  1809  1864 D DisplayManagerService: Ignore redundant display event 0/4 to 10202/18955
07-11 17:25:56.957  1809  1809 I BrightnessSynchronizer: New Update: {[2459] 0.16915174(f), mUpdatedTypes=1, mConfirmedTypes=0, mTimeUpdated=0, mState=2}
07-11 17:25:56.958  1809  1809 I BrightnessSynchronizer: [2459] New Update 0.16915174(f) set brightness values:  44(i)
07-11 17:25:56.958  1809  1864 D DisplayManagerService: Ignore redundant display event 0/4 to 10410/18969
07-11 17:25:56.958  1809  1864 D DisplayManagerService: Ignore redundant display event 0/4 to 10240/20083
07-11 17:25:56.958  1809  1864 D DisplayManagerService: Ignore redundant display event 0/4 to 10266/21164
07-11 17:25:56.958  1809  1864 D DisplayManagerService: Ignore redundant display event 0/4 to 10323/21821
07-11 17:25:56.958  1809  1809 I BrightnessSynchronizer: New PendingUpdate: {[2460] 0.16915174(f), mUpdatedTypes=0, mConfirmedTypes=0, mTimeUpdated=0, mState=1}, prev=null
07-11 17:25:56.961  1809  1809 I BrightnessSynchronizer: Swallowing update of 44(i) by update: {[2459] 0.16915174(f), mUpdatedTypes=1, mConfirmedTypes=1, mTimeUpdated=76227534, mState=2}
07-11 17:25:56.961  1809  1809 I BrightnessSynchronizer: Completed Update: {[2459] 0.16915174(f), mUpdatedTypes=1, mConfirmedTypes=1, mTimeUpdated=76227534, mState=3}
07-11 17:25:56.961  1809  1809 I BrightnessSynchronizer: New Update: {[2460] 0.16915174(f), mUpdatedTypes=0, mConfirmedTypes=0, mTimeUpdated=0, mState=2}
07-11 17:25:58.251  1809  2047 W BoostOptController: not supported hint: 118
07-11 17:25:58.361  1809  1996 D PowerManagerService: nativeAcquireSuspendBlocker name:PowerManagerService.WakeLocks duration ms: 1
07-11 17:25:58.364  1809  1996 D PowerManagerService: nativeReleaseSuspendBlocker name:PowerManagerService.WakeLocks duration ms: 0
07-11 17:25:58.374  1809  1996 D PowerManagerService: nativeAcquireSuspendBlocker name:PowerManagerService.WakeLocks duration ms: 1
07-11 17:25:58.377  1809  1996 D PowerManagerService: nativeReleaseSuspendBlocker name:PowerManagerService.WakeLocks duration ms: 1
07-11 17:25:58.494  1809  1996 W PackageConfigPersister: App-specific configuration not found for packageName: com.discord and userId: 0
07-11 17:25:58.546  1809  2590 D CompatChangeReporter: Compat change id reported: 151861875; UID 10116; state: ENABLED
07-11 17:25:58.562  1809  1874 I ActivityManager: Start proc 19748:android.process.acore/u0a116 for content provider {com.android.providers.userdictionary/com.android.providers.userdictionary.UserDictionaryProvider}
07-11 17:25:58.724 19748 19762 D ActivityThread: Loading provider call_log_shadow: com.android.providers.contacts.ShadowCallLogProvider
07-11 17:25:58.749  1809  1995 D CompatChangeReporter: Compat change id reported: 297989574; UID 10116; state: ENABLED
07-11 17:25:58.763  1809  1995 I ActivityManager: Flag disabled. Ignoring finishAttachApplication from uid: 10116. pid: 19748
07-11 17:25:59.095  1809  2047 W BoostOptController: not supported hint: 118
07-11 17:25:59.199  1809  1903 I DisplayPowerController2[0]: 07-11 17:25:59.197 - BrightnessEvent: disp=0, physDisp=local:0, displayState=ON, displayPolicy=BRIGHT, brt=0.16915174, initBrt=0.16915174, rcmdBrt=0.16915174, preBrt=0.22028627, lux=48.401413, preLux=41.026665, brtNits=80.52023, hdrNits=NaN, initNits=80.52023, preNits=103.892044, rcmdNits=80.52023, hdrBrightness=NaN, brt(%)=31%, brtInt=44, hbmPolicy=legacy, hbmMax=0.9999, hbmMode=off, rbcStrength=50, thrmMax=1.0, powerFactor=1.0, wasShortTermModelActive=false, flags=, reason=automatic, autoBrightness=true, strategy=InvalidBrightnessStrategy, autoBrightnessMode=default
07-11 17:25:59.202  1809  1809 I BrightnessSynchronizer: New Update: {[2461] 0.16915174(f), mUpdatedTypes=0, mConfirmedTypes=0, mTimeUpdated=0, mState=2}
07-11 17:25:59.202  1809  1864 D DisplayManagerService: Ignore redundant display event 0/4 to 10439/5392
07-11 17:25:59.202  1809  1864 D DisplayManagerService: Ignore redundant display event 0/4 to 10350/9961
07-11 17:25:59.202  1809  1864 D DisplayManagerService: Ignore redundant display event 0/4 to 10237/16105
07-11 17:25:59.203  1809  1864 D DisplayManagerService: Ignore redundant display event 0/4 to 10237/16219
07-11 17:25:59.203  1809  1864 D DisplayManagerService: Ignore redundant display event 0/4 to 10438/16794
07-11 17:25:59.203  1809  1864 D DisplayManagerService: Ignore redundant display event 0/4 to 10367/16858
07-11 17:25:59.203  1809  1864 D DisplayManagerService: Ignore redundant display event 0/4 to 10404/17221
07-11 17:25:59.203  1809  1864 D DisplayManagerService: Ignore redundant display event 0/4 to 10202/18955
07-11 17:25:59.203  1809  1864 D DisplayManagerService: Ignore redundant display event 0/4 to 10410/18969
07-11 17:25:59.203  1809  1864 D DisplayManagerService: Ignore redundant display event 0/4 to 10240/20083
07-11 17:25:59.203  1809  1864 D DisplayManagerService: Ignore redundant display event 0/4 to 10266/21164
07-11 17:25:59.203  1809  1864 D DisplayManagerService: Ignore redundant display event 0/4 to 10323/21821
07-11 17:25:59.215  1809  2047 W BoostOptController: not supported hint: 118
07-11 17:25:59.340  1809  2047 W BoostOptController: not supported hint: 118
07-11 17:25:59.452  1809  2047 W BoostOptController: not supported hint: 118
07-11 17:25:59.547  1809  2590 D PowerManagerService: nativeAcquireSuspendBlocker name:PowerManagerService.WakeLocks duration ms: 3
07-11 17:25:59.552  1809  1995 D PowerManagerService: nativeReleaseSuspendBlocker name:PowerManagerService.WakeLocks duration ms: 1
07-11 17:25:59.554  1809  2047 W BoostOptController: not supported hint: 118
07-11 17:25:59.672  1809  2047 W BoostOptController: not supported hint: 118
07-11 17:25:59.750  1809  1996 D PowerManagerService: nativeAcquireSuspendBlocker name:PowerManagerService.WakeLocks duration ms: 1
07-11 17:25:59.753  1809  1995 D PowerManagerService: nativeReleaseSuspendBlocker name:PowerManagerService.WakeLocks duration ms: 0
07-11 17:25:59.798  1809  2047 W BoostOptController: not supported hint: 118
07-11 17:26:00.005  1809  2030 D PowerManagerService: nativeAcquireSuspendBlocker name:PowerManagerService.WakeLocks duration ms: 2
07-11 17:26:00.013  1809  1995 D PowerManagerService: nativeReleaseSuspendBlocker name:PowerManagerService.WakeLocks duration ms: 0
07-11 17:26:00.016  2325  2325 V KeyguardStatusViewController: onTimeChanged
07-11 17:26:00.053  1809  2047 W BoostOptController: not supported hint: 118
07-11 17:26:00.156  1809  2047 W BoostOptController: not supported hint: 118
07-11 17:26:00.289  1809  2047 W BoostOptController: not supported hint: 118
07-11 17:26:00.465  1809  2047 W BoostOptController: not supported hint: 118
07-11 17:26:00.573  1809  2047 W BoostOptController: not supported hint: 118
07-11 17:26:00.795  1809  2047 W BoostOptController: not supported hint: 118
07-11 17:26:00.902  1809  2047 W BoostOptController: not supported hint: 118
07-11 17:26:01.042  1809  2047 W BoostOptController: not supported hint: 118
07-11 17:26:01.175  1809  2047 W BoostOptController: not supported hint: 118
07-11 17:26:01.282  1809  2047 W BoostOptController: not supported hint: 118
07-11 17:26:01.384  1809  2047 W BoostOptController: not supported hint: 118
07-11 17:26:01.538  1809  2047 W BoostOptController: not supported hint: 118
07-11 17:26:01.640  1809  2047 W BoostOptController: not supported hint: 118
07-11 17:26:02.440  1809  2047 W BoostOptController: not supported hint: 118
07-11 17:26:02.540  1809  2047 W BoostOptController: not supported hint: 118
07-11 17:26:02.660  1809  2047 W BoostOptController: not supported hint: 118
07-11 17:26:02.771  1809  2047 W BoostOptController: not supported hint: 118
07-11 17:26:02.932  1809  2047 W BoostOptController: not supported hint: 118
07-11 17:26:03.035  1809  2047 W BoostOptController: not supported hint: 118
07-11 17:26:03.301  1809  2047 W BoostOptController: not supported hint: 118
07-11 17:26:03.402  1809  2047 W BoostOptController: not supported hint: 118
07-11 17:26:03.525  1809  2047 W BoostOptController: not supported hint: 118
07-11 17:26:03.652  1809  2047 W BoostOptController: not supported hint: 118
07-11 17:26:03.760  1809  2047 W BoostOptController: not supported hint: 118
07-11 17:26:03.881  1809  2047 W BoostOptController: not supported hint: 118
07-11 17:26:04.022  1809  2047 W BoostOptController: not supported hint: 118
07-11 17:26:04.141  1809  2047 W BoostOptController: not supported hint: 118
07-11 17:26:04.147  1809  4188 D PowerManagerService: nativeAcquireSuspendBlocker name:PowerManagerService.WakeLocks duration ms: 2
07-11 17:26:04.152  1809  4188 D PowerManagerService: nativeReleaseSuspendBlocker name:PowerManagerService.WakeLocks duration ms: 1
07-11 17:26:04.156  1809  4172 D PowerManagerService: nativeAcquireSuspendBlocker name:PowerManagerService.WakeLocks duration ms: 3
07-11 17:26:04.159  1809  3645 D PowerManagerService: nativeReleaseSuspendBlocker name:PowerManagerService.WakeLocks duration ms: 1
07-11 17:26:04.164  1809  3645 D PowerManagerService: nativeAcquireSuspendBlocker name:PowerManagerService.WakeLocks duration ms: 3
07-11 17:26:04.168  1809  4188 D PowerManagerService: nativeReleaseSuspendBlocker name:PowerManagerService.WakeLocks duration ms: 0
07-11 17:26:05.680  1809  1864 I DisplayDeviceRepository: Display device changed render timings: "内蔵スクリーン", renderFrameRate=30.000002, presentationDeadlineNanos=45266666, appVsyncOffsetNanos=8400000
07-11 17:26:05.685  1809  1903 D BrightnessThermalClamper: Thermal status observer already started
07-11 17:26:05.689  1809  4188 D PowerManagerService: nativeAcquireSuspendBlocker name:PowerManagerService.WakeLocks duration ms: 3
07-11 17:26:05.701  1809  2313 D PowerManagerService: nativeReleaseSuspendBlocker name:PowerManagerService.WakeLocks duration ms: 1
07-11 17:26:05.709  1809  3642 D PowerManagerService: nativeAcquireSuspendBlocker name:PowerManagerService.WakeLocks duration ms: 2
07-11 17:26:05.712  1809  3642 D PowerManagerService: nativeReleaseSuspendBlocker name:PowerManagerService.WakeLocks duration ms: 0
07-11 17:26:05.751  1809  1864 I DisplayDeviceRepository: Display device changed render timings: "内蔵スクリーン", renderFrameRate=60.000004, presentationDeadlineNanos=28600000, appVsyncOffsetNanos=8400000
07-11 17:26:05.754  1809  1903 D BrightnessThermalClamper: Thermal status observer already started
07-11 17:26:05.757  1809  1864 D DisplayManagerService: Ignore redundant display event 0/2 to 10439/5392
07-11 17:26:05.758  1809  1864 D DisplayManagerService: Ignore redundant display event 0/2 to 10350/9961
07-11 17:26:05.758  1809  1864 D DisplayManagerService: Ignore redundant display event 0/2 to 10237/16105
07-11 17:26:05.759  1809  1864 D DisplayManagerService: Ignore redundant display event 0/2 to 10237/16219
07-11 17:26:05.759  1809  1864 D DisplayManagerService: Ignore redundant display event 0/2 to 10438/16794
07-11 17:26:05.759  1809  1864 D DisplayManagerService: Ignore redundant display event 0/2 to 10367/16858
07-11 17:26:05.759  1809  1864 D DisplayManagerService: Ignore redundant display event 0/2 to 10404/17221
07-11 17:26:05.760  1809  1864 D DisplayManagerService: Ignore redundant display event 0/2 to 10202/18955
07-11 17:26:05.760  1809  1864 D DisplayManagerService: Ignore redundant display event 0/2 to 10410/18969
07-11 17:26:05.761  1809  1864 D DisplayManagerService: Ignore redundant display event 0/2 to 10240/20083
07-11 17:26:05.761  1809  1864 D DisplayManagerService: Ignore redundant display event 0/2 to 10266/21164
07-11 17:26:05.761  1809  1864 D DisplayManagerService: Ignore redundant display event 0/2 to 10323/21821
07-11 17:26:06.078  1809  1864 I DisplayDeviceRepository: Display device changed render timings: "内蔵スクリーン", renderFrameRate=30.000002, presentationDeadlineNanos=45266666, appVsyncOffsetNanos=8400000
07-11 17:26:06.082  1809  1903 D BrightnessThermalClamper: Thermal status observer already started
07-11 17:26:06.084  1809  1864 D DisplayManagerService: Ignore redundant display event 0/2 to 10439/5392
07-11 17:26:06.085  1809  1864 D DisplayManagerService: Ignore redundant display event 0/2 to 10350/9961
07-11 17:26:06.086  1809  1864 D DisplayManagerService: Ignore redundant display event 0/2 to 10237/16105
07-11 17:26:06.086  1809  1864 D DisplayManagerService: Ignore redundant display event 0/2 to 10237/16219
07-11 17:26:06.086  1809  1864 D DisplayManagerService: Ignore redundant display event 0/2 to 10438/16794
07-11 17:26:06.086  1809  1864 D DisplayManagerService: Ignore redundant display event 0/2 to 10367/16858
07-11 17:26:06.086  1809  1864 D DisplayManagerService: Ignore redundant display event 0/2 to 10404/17221
07-11 17:26:06.086  1809  1864 D DisplayManagerService: Ignore redundant display event 0/2 to 10202/18955
07-11 17:26:06.087  1809  1864 D DisplayManagerService: Ignore redundant display event 0/2 to 10410/18969
07-11 17:26:06.087  1809  1864 D DisplayManagerService: Ignore redundant display event 0/2 to 10240/20083
07-11 17:26:06.087  1809  1864 D DisplayManagerService: Ignore redundant display event 0/2 to 10266/21164
07-11 17:26:06.087  1809  1864 D DisplayManagerService: Ignore redundant display event 0/2 to 10323/21821
07-11 17:26:07.065  1809  2047 W BoostOptController: not supported hint: 118
07-11 17:26:07.132  1809  1864 I DisplayDeviceRepository: Display device changed render timings: "内蔵スクリーン", renderFrameRate=90.0, presentationDeadlineNanos=24777778, appVsyncOffsetNanos=-8000000
07-11 17:26:07.134  1809  1903 D BrightnessThermalClamper: Thermal status observer already started
07-11 17:26:07.135  1809  1864 D DisplayManagerService: Ignore redundant display event 0/2 to 10439/5392
07-11 17:26:07.135  1809  1864 D DisplayManagerService: Ignore redundant display event 0/2 to 10350/9961
07-11 17:26:07.135  1809  1864 D DisplayManagerService: Ignore redundant display event 0/2 to 10237/16105
07-11 17:26:07.135  1809  1864 D DisplayManagerService: Ignore redundant display event 0/2 to 10237/16219
07-11 17:26:07.135  1809  1864 D DisplayManagerService: Ignore redundant display event 0/2 to 10438/16794
07-11 17:26:07.135  1809  1864 D DisplayManagerService: Ignore redundant display event 0/2 to 10367/16858
07-11 17:26:07.135  1809  1864 D DisplayManagerService: Ignore redundant display event 0/2 to 10404/17221
07-11 17:26:07.135  1809  1864 D DisplayManagerService: Ignore redundant display event 0/2 to 10202/18955
07-11 17:26:07.135  1809  1864 D DisplayManagerService: Ignore redundant display event 0/2 to 10410/18969
07-11 17:26:07.136  1809  1864 D DisplayManagerService: Ignore redundant display event 0/2 to 10240/20083
07-11 17:26:07.136  1809  1864 D DisplayManagerService: Ignore redundant display event 0/2 to 10266/21164
07-11 17:26:07.136  1809  1864 D DisplayManagerService: Ignore redundant display event 0/2 to 10323/21821
07-11 17:26:07.156  1809  1903 I DisplayPowerController2[0]: 07-11 17:26:07.155 - BrightnessEvent: disp=0, physDisp=local:0, displayState=ON, displayPolicy=BRIGHT, brt=0.19534954, initBrt=0.16915174, rcmdBrt=0.19534954, preBrt=0.16915174, lux=55.022495, preLux=48.401413, brtNits=92.66781, hdrNits=NaN, initNits=80.52023, preNits=80.52023, rcmdNits=92.66781, hdrBrightness=NaN, brt(%)=34%, brtInt=51, hbmPolicy=legacy, hbmMax=0.9999, hbmMode=off, rbcStrength=50, thrmMax=1.0, powerFactor=1.0, wasShortTermModelActive=false, flags=, reason=automatic, autoBrightness=true, strategy=InvalidBrightnessStrategy, autoBrightnessMode=default
07-11 17:26:07.162  1809  1809 I BrightnessSynchronizer: New Update: {[2462] 0.19534954(f), mUpdatedTypes=1, mConfirmedTypes=0, mTimeUpdated=0, mState=2}
07-11 17:26:07.162  1809  1809 I BrightnessSynchronizer: [2462] New Update 0.19534954(f) set brightness values:  51(i)
07-11 17:26:07.163  1809  1809 I BrightnessSynchronizer: Swallowing update of 51(i) by update: {[2462] 0.19534954(f), mUpdatedTypes=1, mConfirmedTypes=1, mTimeUpdated=76237738, mState=2}
07-11 17:26:07.163  1809  1809 I BrightnessSynchronizer: Completed Update: {[2462] 0.19534954(f), mUpdatedTypes=1, mConfirmedTypes=1, mTimeUpdated=76237738, mState=3}
07-11 17:26:07.347  1809  1864 D DisplayManagerService: Ignore redundant display event 0/4 to 10439/5392
07-11 17:26:07.348  1809  1809 I BrightnessSynchronizer: New Update: {[2463] 0.19534954(f), mUpdatedTypes=0, mConfirmedTypes=0, mTimeUpdated=0, mState=2}
07-11 17:26:07.348  1809  1864 D DisplayManagerService: Ignore redundant display event 0/4 to 10350/9961
07-11 17:26:07.348  1809  1864 D DisplayManagerService: Ignore redundant display event 0/4 to 10237/16105
07-11 17:26:07.348  1809  1864 D DisplayManagerService: Ignore redundant display event 0/4 to 10237/16219
07-11 17:26:07.349  1809  1864 D DisplayManagerService: Ignore redundant display event 0/4 to 10438/16794
07-11 17:26:07.349  1809  1864 D DisplayManagerService: Ignore redundant display event 0/4 to 10367/16858
07-11 17:26:07.349  1809  1864 D DisplayManagerService: Ignore redundant display event 0/4 to 10404/17221
07-11 17:26:07.349  1809  1864 D DisplayManagerService: Ignore redundant display event 0/4 to 10202/18955
07-11 17:26:07.349  1809  1864 D DisplayManagerService: Ignore redundant display event 0/4 to 10410/18969
07-11 17:26:07.350  1809  1864 D DisplayManagerService: Ignore redundant display event 0/4 to 10240/20083
07-11 17:26:07.350  1809  1864 D DisplayManagerService: Ignore redundant display event 0/4 to 10266/21164
07-11 17:26:07.350  1809  1864 D DisplayManagerService: Ignore redundant display event 0/4 to 10323/21821
07-11 17:26:07.716  1809  2047 W BoostOptController: not supported hint: 118
07-11 17:26:07.816  1809  2047 W BoostOptController: not supported hint: 118
07-11 17:26:08.237  1809  2047 W BoostOptController: not supported hint: 118
07-11 17:26:08.365  1809  3643 D PowerManagerService: nativeAcquireSuspendBlocker name:PowerManagerService.WakeLocks duration ms: 2
07-11 17:26:08.369  1809  3643 D PowerManagerService: nativeReleaseSuspendBlocker name:PowerManagerService.WakeLocks duration ms: 0
07-11 17:26:08.376  1809  3643 D PowerManagerService: nativeAcquireSuspendBlocker name:PowerManagerService.WakeLocks duration ms: 2
07-11 17:26:08.381  1809  4196 D PowerManagerService: nativeReleaseSuspendBlocker name:PowerManagerService.WakeLocks duration ms: 0
07-11 17:26:08.411  1809  2047 W BoostOptController: not supported hint: 118
07-11 17:26:08.727  1809  2005 D BatteryService: uevent={POWER_SUPPLY_VOLTAGE_NOW=3740000, POWER_SUPPLY_CURRENT_AVG=-542400, POWER_SUPPLY_CAPACITY_LEVEL=Normal, POWER_SUPPLY_TYPE=Battery, POWER_SUPPLY_HEALTH=Good, POWER_SUPPLY_CURRENT_NOW=-485100, POWER_SUPPLY_PRESENT=1, POWER_SUPPLY_TECHNOLOGY=Li-ion, POWER_SUPPLY_CHARGE_FULL=5025700, POWER_SUPPLY_TIME_TO_FULL_NOW=30174, POWER_SUPPLY_CHARGE_FULL_DESIGN=4997000, SUBSYSTEM=power_supply, POWER_SUPPLY_CONSTANT_CHARGE_VOLTAGE=4300, POWER_SUPPLY_TEMP=350, SEQNUM=79449, ACTION=change, POWER_SUPPLY_NAME=battery, POWER_SUPPLY_STATUS=Discharging, POWER_SUPPLY_CYCLE_COUNT=99, POWER_SUPPLY_CHARGE_COUNTER=1356939, POWER_SUPPLY_CAPACITY=27, DEVPATH=/devices/platform/11b20000.i2c/i2c-5/5-0034/11b20000.i2c:mt6375@34:mtk_gauge/power_supply/battery}
07-11 17:26:08.728  1809  2005 D BatteryService: uevent={POWER_SUPPLY_VOLTAGE_NOW=3740000, POWER_SUPPLY_CURRENT_AVG=-542400, POWER_SUPPLY_CAPACITY_LEVEL=Normal, POWER_SUPPLY_TYPE=Battery, POWER_SUPPLY_HEALTH=Good, POWER_SUPPLY_CURRENT_NOW=-485100, POWER_SUPPLY_PRESENT=1, POWER_SUPPLY_TECHNOLOGY=Li-ion, POWER_SUPPLY_CHARGE_FULL=5025700, POWER_SUPPLY_TIME_TO_FULL_NOW=30174, POWER_SUPPLY_CHARGE_FULL_DESIGN=4997000, SUBSYSTEM=power_supply, POWER_SUPPLY_CONSTANT_CHARGE_VOLTAGE=4300, POWER_SUPPLY_TEMP=350, SEQNUM=79449, ACTION=change, POWER_SUPPLY_NAME=battery, POWER_SUPPLY_STATUS=Discharging, POWER_SUPPLY_CYCLE_COUNT=99, POWER_SUPPLY_CHARGE_COUNTER=1356939, POWER_SUPPLY_CAPACITY=27, DEVPATH=/devices/platform/11b20000.i2c/i2c-5/5-0034/11b20000.i2c:mt6375@34:mtk_gauge/power_supply/battery}
07-11 17:26:08.751  1809  1809 V UiModeManager: updateLocked: null action, mDockState=0, category=null
07-11 17:26:08.751  1809  1809 D UiModeManager: updateConfigurationLocked: mDockState=0; mCarMode=false; mNightMode=com.android.server.UiModeManagerService$1@3615c49; mNightModeCustomType=-1; uiMode=17
07-11 17:26:08.754  1809  1809 V UiModeManager: updateLocked: null action, mDockState=0, category=null
07-11 17:26:08.755  1809  1809 D UiModeManager: updateConfigurationLocked: mDockState=0; mCarMode=false; mNightMode=com.android.server.UiModeManagerService$1@3615c49; mNightModeCustomType=-1; uiMode=17
07-11 17:26:08.826  1809  1809 V UiModeManager: updateLocked: null action, mDockState=0, category=null
07-11 17:26:08.828  1809  1809 D UiModeManager: updateConfigurationLocked: mDockState=0; mCarMode=false; mNightMode=com.android.server.UiModeManagerService$1@3615c49; mNightModeCustomType=-1; uiMode=17
07-11 17:26:08.835  1809  2005 D BatteryService: uevent={POWER_SUPPLY_VOLTAGE_NOW=3749000, POWER_SUPPLY_CURRENT_AVG=-542400, POWER_SUPPLY_CAPACITY_LEVEL=Normal, POWER_SUPPLY_TYPE=Battery, POWER_SUPPLY_HEALTH=Good, POWER_SUPPLY_CURRENT_NOW=-298900, POWER_SUPPLY_PRESENT=1, POWER_SUPPLY_TECHNOLOGY=Li-ion, POWER_SUPPLY_CHARGE_FULL=5025700, POWER_SUPPLY_TIME_TO_FULL_NOW=36991, POWER_SUPPLY_CHARGE_FULL_DESIGN=4997000, SUBSYSTEM=power_supply, POWER_SUPPLY_CONSTANT_CHARGE_VOLTAGE=4300, POWER_SUPPLY_TEMP=350, SEQNUM=79450, ACTION=change, POWER_SUPPLY_NAME=battery, POWER_SUPPLY_STATUS=Discharging, POWER_SUPPLY_CYCLE_COUNT=99, POWER_SUPPLY_CHARGE_COUNTER=1356939, POWER_SUPPLY_CAPACITY=27, DEVPATH=/devices/platform/11b20000.i2c/i2c-5/5-0034/11b20000.i2c:mt6375@34:mtk_gauge/power_supply/battery}
07-11 17:26:08.836  1809  2005 D BatteryService: uevent={POWER_SUPPLY_VOLTAGE_NOW=3749000, POWER_SUPPLY_CURRENT_AVG=-542400, POWER_SUPPLY_CAPACITY_LEVEL=Normal, POWER_SUPPLY_TYPE=Battery, POWER_SUPPLY_HEALTH=Good, POWER_SUPPLY_CURRENT_NOW=-298900, POWER_SUPPLY_PRESENT=1, POWER_SUPPLY_TECHNOLOGY=Li-ion, POWER_SUPPLY_CHARGE_FULL=5025700, POWER_SUPPLY_TIME_TO_FULL_NOW=36991, POWER_SUPPLY_CHARGE_FULL_DESIGN=4997000, SUBSYSTEM=power_supply, POWER_SUPPLY_CONSTANT_CHARGE_VOLTAGE=4300, POWER_SUPPLY_TEMP=350, SEQNUM=79450, ACTION=change, POWER_SUPPLY_NAME=battery, POWER_SUPPLY_STATUS=Discharging, POWER_SUPPLY_CYCLE_COUNT=99, POWER_SUPPLY_CHARGE_COUNTER=1356939, POWER_SUPPLY_CAPACITY=27, DEVPATH=/devices/platform/11b20000.i2c/i2c-5/5-0034/11b20000.i2c:mt6375@34:mtk_gauge/power_supply/battery}
07-11 17:26:08.851  1809  1809 V UiModeManager: updateLocked: null action, mDockState=0, category=null
07-11 17:26:08.851  1809  1809 D UiModeManager: updateConfigurationLocked: mDockState=0; mCarMode=false; mNightMode=com.android.server.UiModeManagerService$1@3615c49; mNightModeCustomType=-1; uiMode=17
07-11 17:26:08.853  1809  1809 V UiModeManager: updateLocked: null action, mDockState=0, category=null
07-11 17:26:08.854  1809  1809 D UiModeManager: updateConfigurationLocked: mDockState=0; mCarMode=false; mNightMode=com.android.server.UiModeManagerService$1@3615c49; mNightModeCustomType=-1; uiMode=17
07-11 17:26:08.857  1809  2047 W BoostOptController: not supported hint: 118
07-11 17:26:08.920  1809  1809 V UiModeManager: updateLocked: null action, mDockState=0, category=null
07-11 17:26:08.921  1809  1809 D UiModeManager: updateConfigurationLocked: mDockState=0; mCarMode=false; mNightMode=com.android.server.UiModeManagerService$1@3615c49; mNightModeCustomType=-1; uiMode=17
07-11 17:26:08.963  1809  2005 D BatteryService: uevent={POWER_SUPPLY_VOLTAGE_NOW=3730000, POWER_SUPPLY_CURRENT_AVG=-542400, POWER_SUPPLY_CAPACITY_LEVEL=Normal, POWER_SUPPLY_TYPE=Battery, POWER_SUPPLY_HEALTH=Good, POWER_SUPPLY_CURRENT_NOW=-469600, POWER_SUPPLY_PRESENT=1, POWER_SUPPLY_TECHNOLOGY=Li-ion, POWER_SUPPLY_CHARGE_FULL=5025700, POWER_SUPPLY_TIME_TO_FULL_NOW=23963, POWER_SUPPLY_CHARGE_FULL_DESIGN=4997000, SUBSYSTEM=power_supply, POWER_SUPPLY_CONSTANT_CHARGE_VOLTAGE=4300, POWER_SUPPLY_TEMP=350, SEQNUM=79451, ACTION=change, POWER_SUPPLY_NAME=battery, POWER_SUPPLY_STATUS=Discharging, POWER_SUPPLY_CYCLE_COUNT=99, POWER_SUPPLY_CHARGE_COUNTER=1356939, POWER_SUPPLY_CAPACITY=27, DEVPATH=/devices/platform/11b20000.i2c/i2c-5/5-0034/11b20000.i2c:mt6375@34:mtk_gauge/power_supply/battery}
07-11 17:26:08.963  1809  2005 D BatteryService: uevent={POWER_SUPPLY_VOLTAGE_NOW=3730000, POWER_SUPPLY_CURRENT_AVG=-542400, POWER_SUPPLY_CAPACITY_LEVEL=Normal, POWER_SUPPLY_TYPE=Battery, POWER_SUPPLY_HEALTH=Good, POWER_SUPPLY_CURRENT_NOW=-469600, POWER_SUPPLY_PRESENT=1, POWER_SUPPLY_TECHNOLOGY=Li-ion, POWER_SUPPLY_CHARGE_FULL=5025700, POWER_SUPPLY_TIME_TO_FULL_NOW=23963, POWER_SUPPLY_CHARGE_FULL_DESIGN=4997000, SUBSYSTEM=power_supply, POWER_SUPPLY_CONSTANT_CHARGE_VOLTAGE=4300, POWER_SUPPLY_TEMP=350, SEQNUM=79451, ACTION=change, POWER_SUPPLY_NAME=battery, POWER_SUPPLY_STATUS=Discharging, POWER_SUPPLY_CYCLE_COUNT=99, POWER_SUPPLY_CHARGE_COUNTER=1356939, POWER_SUPPLY_CAPACITY=27, DEVPATH=/devices/platform/11b20000.i2c/i2c-5/5-0034/11b20000.i2c:mt6375@34:mtk_gauge/power_supply/battery}
07-11 17:26:08.976  1809  1809 V UiModeManager: updateLocked: null action, mDockState=0, category=null
07-11 17:26:08.976  1809  1809 D UiModeManager: updateConfigurationLocked: mDockState=0; mCarMode=false; mNightMode=com.android.server.UiModeManagerService$1@3615c49; mNightModeCustomType=-1; uiMode=17
07-11 17:26:09.013  1809  1809 V UiModeManager: updateLocked: null action, mDockState=0, category=null
07-11 17:26:09.014  1809  1809 D UiModeManager: updateConfigurationLocked: mDockState=0; mCarMode=false; mNightMode=com.android.server.UiModeManagerService$1@3615c49; mNightModeCustomType=-1; uiMode=17
07-11 17:26:09.028  1809  2047 W BoostOptController: not supported hint: 118
07-11 17:26:09.150  1809  2047 W BoostOptController: not supported hint: 118
07-11 17:26:09.291  1809  2047 W BoostOptController: not supported hint: 118
07-11 17:26:09.394  1809  2047 W BoostOptController: not supported hint: 118
07-11 17:26:09.488  1809  1864 I DisplayDeviceRepository: Display device changed render timings: "内蔵スクリーン", renderFrameRate=120.00001, presentationDeadlineNanos=22000000, appVsyncOffsetNanos=-8000000
07-11 17:26:09.490  1809  1903 D BrightnessThermalClamper: Thermal status observer already started
07-11 17:26:09.520  1809  2313 D PowerManagerService: nativeAcquireSuspendBlocker name:PowerManagerService.WakeLocks duration ms: 2
07-11 17:26:09.527  1809  4164 D PowerManagerService: nativeReleaseSuspendBlocker name:PowerManagerService.WakeLocks duration ms: 0
07-11 17:26:09.550  1809  3642 D PowerManagerService: nativeAcquireSuspendBlocker name:PowerManagerService.WakeLocks duration ms: 1
07-11 17:26:09.553  1809  4164 D PowerManagerService: nativeReleaseSuspendBlocker name:PowerManagerService.WakeLocks duration ms: 0
07-11 17:26:09.580  1809  4164 D PowerManagerService: nativeAcquireSuspendBlocker name:PowerManagerService.WakeLocks duration ms: 2
07-11 17:26:09.584  1809  4164 D PowerManagerService: nativeReleaseSuspendBlocker name:PowerManagerService.WakeLocks duration ms: 1
07-11 17:26:09.585  1809  2047 W BoostOptController: not supported hint: 118
07-11 17:26:09.688  1809  2047 W BoostOptController: not supported hint: 118
07-11 17:26:09.960  1809  2047 W BoostOptController: not supported hint: 118
07-11 17:26:10.012  1809  1864 I DisplayDeviceRepository: Display device changed render timings: "内蔵スクリーン", renderFrameRate=90.0, presentationDeadlineNanos=24777778, appVsyncOffsetNanos=-8000000
07-11 17:26:10.014  1809  1903 D BrightnessThermalClamper: Thermal status observer already started
07-11 17:26:10.015  1809  1864 D DisplayManagerService: Ignore redundant display event 0/2 to 10439/5392
07-11 17:26:10.015  1809  1864 D DisplayManagerService: Ignore redundant display event 0/2 to 10350/9961
07-11 17:26:10.015  1809  1864 D DisplayManagerService: Ignore redundant display event 0/2 to 10237/16105
07-11 17:26:10.015  1809  1864 D DisplayManagerService: Ignore redundant display event 0/2 to 10237/16219
