07-11 17:26:10.015  1809  1864 D DisplayManagerService: Ignore redundant display event 0/2 to 10438/16794
07-11 17:26:10.015  1809  1864 D DisplayManagerService: Ignore redundant display event 0/2 to 10367/16858
07-11 17:26:10.015  1809  1864 D DisplayManagerService: Ignore redundant display event 0/2 to 10404/17221
07-11 17:26:10.015  1809  1864 D DisplayManagerService: Ignore redundant display event 0/2 to 10202/18955
07-11 17:26:10.015  1809  1864 D DisplayManagerService: Ignore redundant display event 0/2 to 10410/18969
07-11 17:26:10.016  1809  1864 D DisplayManagerService: Ignore redundant display event 0/2 to 10240/20083
07-11 17:26:10.016  1809  1864 D DisplayManagerService: Ignore redundant display event 0/2 to 10266/21164
07-11 17:26:10.016  1809  1864 D DisplayManagerService: Ignore redundant display event 0/2 to 10323/21821
07-11 17:26:10.071  1809  2047 W BoostOptController: not supported hint: 118
07-11 17:26:10.225  1809  2047 W BoostOptController: not supported hint: 118
07-11 17:26:10.333  1809  2047 W BoostOptController: not supported hint: 118
07-11 17:26:10.488  1809  2047 W BoostOptController: not supported hint: 118
07-11 17:26:11.983  1809  1864 I DisplayDeviceRepository: Display device changed render timings: "内蔵スクリーン", renderFrameRate=120.00001, presentationDeadlineNanos=22000000, appVsyncOffsetNanos=-8000000
07-11 17:26:11.986  1809  1903 D BrightnessThermalClamper: Thermal status observer already started
07-11 17:26:11.991  1809  1864 D DisplayManagerService: Ignore redundant display event 0/2 to 10439/5392
07-11 17:26:11.992  1809  1864 D DisplayManagerService: Ignore redundant display event 0/2 to 10350/9961
07-11 17:26:11.992  1809  1864 D DisplayManagerService: Ignore redundant display event 0/2 to 10237/16105
07-11 17:26:11.992  1809  1864 D DisplayManagerService: Ignore redundant display event 0/2 to 10237/16219
07-11 17:26:11.992  1809  1864 D DisplayManagerService: Ignore redundant display event 0/2 to 10438/16794
07-11 17:26:11.992  1809  1864 D DisplayManagerService: Ignore redundant display event 0/2 to 10367/16858
07-11 17:26:11.992  1809  1864 D DisplayManagerService: Ignore redundant display event 0/2 to 10404/17221
07-11 17:26:11.993  1809  1864 D DisplayManagerService: Ignore redundant display event 0/2 to 10202/18955
07-11 17:26:11.993  1809  1864 D DisplayManagerService: Ignore redundant display event 0/2 to 10410/18969
07-11 17:26:11.993  1809  1864 D DisplayManagerService: Ignore redundant display event 0/2 to 10240/20083
07-11 17:26:11.993  1809  1864 D DisplayManagerService: Ignore redundant display event 0/2 to 10266/21164
07-11 17:26:11.993  1809  1864 D DisplayManagerService: Ignore redundant display event 0/2 to 10323/21821
07-11 17:26:12.092  1809  1864 I DisplayDeviceRepository: Display device changed render timings: "内蔵スクリーン", renderFrameRate=60.000004, presentationDeadlineNanos=28600000, appVsyncOffsetNanos=8400000
07-11 17:26:12.096  1809  1903 D BrightnessThermalClamper: Thermal status observer already started
07-11 17:26:12.099  1809  1864 D DisplayManagerService: Ignore redundant display event 0/2 to 10439/5392
07-11 17:26:12.100  1809  1864 D DisplayManagerService: Ignore redundant display event 0/2 to 10350/9961
07-11 17:26:12.100  1809  1864 D DisplayManagerService: Ignore redundant display event 0/2 to 10237/16105
07-11 17:26:12.100  1809  1864 D DisplayManagerService: Ignore redundant display event 0/2 to 10237/16219
07-11 17:26:12.100  1809  1864 D DisplayManagerService: Ignore redundant display event 0/2 to 10438/16794
07-11 17:26:12.100  1809  1864 D DisplayManagerService: Ignore redundant display event 0/2 to 10367/16858
07-11 17:26:12.100  1809  1864 D DisplayManagerService: Ignore redundant display event 0/2 to 10404/17221
07-11 17:26:12.100  1809  1864 D DisplayManagerService: Ignore redundant display event 0/2 to 10202/18955
07-11 17:26:12.100  1809  1864 D DisplayManagerService: Ignore redundant display event 0/2 to 10410/18969
07-11 17:26:12.101  1809  1864 D DisplayManagerService: Ignore redundant display event 0/2 to 10240/20083
07-11 17:26:12.101  1809  1864 D DisplayManagerService: Ignore redundant display event 0/2 to 10266/21164
07-11 17:26:12.101  1809  1864 D DisplayManagerService: Ignore redundant display event 0/2 to 10323/21821
07-11 17:26:12.474  1809  1864 I DisplayDeviceRepository: Display device changed render timings: "内蔵スクリーン", renderFrameRate=30.000002, presentationDeadlineNanos=45266666, appVsyncOffsetNanos=8400000
07-11 17:26:12.478  1809  1903 D BrightnessThermalClamper: Thermal status observer already started
07-11 17:26:12.482  1809  1864 D DisplayManagerService: Ignore redundant display event 0/2 to 10439/5392
07-11 17:26:12.483  1809  1864 D DisplayManagerService: Ignore redundant display event 0/2 to 10350/9961
07-11 17:26:12.483  1809  1864 D DisplayManagerService: Ignore redundant display event 0/2 to 10237/16105
07-11 17:26:12.484  1809  1864 D DisplayManagerService: Ignore redundant display event 0/2 to 10237/16219
07-11 17:26:12.484  1809  1864 D DisplayManagerService: Ignore redundant display event 0/2 to 10438/16794
07-11 17:26:12.485  1809  1864 D DisplayManagerService: Ignore redundant display event 0/2 to 10367/16858
07-11 17:26:12.485  1809  1864 D DisplayManagerService: Ignore redundant display event 0/2 to 10404/17221
07-11 17:26:12.486  1809  1864 D DisplayManagerService: Ignore redundant display event 0/2 to 10202/18955
07-11 17:26:12.486  1809  1864 D DisplayManagerService: Ignore redundant display event 0/2 to 10410/18969
07-11 17:26:12.488  1809  1864 D DisplayManagerService: Ignore redundant display event 0/2 to 10240/20083
07-11 17:26:12.489  1809  1864 D DisplayManagerService: Ignore redundant display event 0/2 to 10266/21164
07-11 17:26:12.489  1809  1864 D DisplayManagerService: Ignore redundant display event 0/2 to 10323/21821
07-11 17:26:12.956  1809  4196 D PowerManagerService: nativeAcquireSuspendBlocker name:PowerManagerService.WakeLocks duration ms: 3
07-11 17:26:12.964  1809  2736 D PowerManagerService: nativeReleaseSuspendBlocker name:PowerManagerService.WakeLocks duration ms: 1
07-11 17:26:13.532  1809  2047 W BoostOptController: not supported hint: 118
07-11 17:26:13.592  1809  1864 I DisplayDeviceRepository: Display device changed render timings: "内蔵スクリーン", renderFrameRate=90.0, presentationDeadlineNanos=24777778, appVsyncOffsetNanos=-8000000
07-11 17:26:13.595  1809  1903 D BrightnessThermalClamper: Thermal status observer already started
07-11 17:26:13.598  1809  1864 D DisplayManagerService: Ignore redundant display event 0/2 to 10439/5392
07-11 17:26:13.599  1809  1864 D DisplayManagerService: Ignore redundant display event 0/2 to 10350/9961
07-11 17:26:13.600  1809  1864 D DisplayManagerService: Ignore redundant display event 0/2 to 10237/16105
07-11 17:26:13.600  1809  1864 D DisplayManagerService: Ignore redundant display event 0/2 to 10237/16219
07-11 17:26:13.600  1809  1864 D DisplayManagerService: Ignore redundant display event 0/2 to 10438/16794
07-11 17:26:13.600  1809  1864 D DisplayManagerService: Ignore redundant display event 0/2 to 10367/16858
07-11 17:26:13.600  1809  1864 D DisplayManagerService: Ignore redundant display event 0/2 to 10404/17221
07-11 17:26:13.603  1809  1864 D DisplayManagerService: Ignore redundant display event 0/2 to 10202/18955
07-11 17:26:13.604  1809  1864 D DisplayManagerService: Ignore redundant display event 0/2 to 10410/18969
07-11 17:26:13.605  1809  1864 D DisplayManagerService: Ignore redundant display event 0/2 to 10240/20083
07-11 17:26:13.605  1809  1864 D DisplayManagerService: Ignore redundant display event 0/2 to 10266/21164
07-11 17:26:13.605  1809  1864 D DisplayManagerService: Ignore redundant display event 0/2 to 10323/21821
07-11 17:26:13.632  1809  2047 W BoostOptController: not supported hint: 118
07-11 17:26:13.737  1809  2047 W BoostOptController: not supported hint: 118
07-11 17:26:13.849  1809  1864 I DisplayDeviceRepository: Display device changed render timings: "内蔵スクリーン", renderFrameRate=120.00001, presentationDeadlineNanos=22000000, appVsyncOffsetNanos=-8000000
07-11 17:26:13.850  1809  1903 D BrightnessThermalClamper: Thermal status observer already started
07-11 17:26:13.851  1809  1864 D DisplayManagerService: Ignore redundant display event 0/2 to 10439/5392
07-11 17:26:13.851  1809  1864 D DisplayManagerService: Ignore redundant display event 0/2 to 10350/9961
07-11 17:26:13.852  1809  1864 D DisplayManagerService: Ignore redundant display event 0/2 to 10237/16105
07-11 17:26:13.852  1809  1864 D DisplayManagerService: Ignore redundant display event 0/2 to 10237/16219
07-11 17:26:13.852  1809  1864 D DisplayManagerService: Ignore redundant display event 0/2 to 10438/16794
07-11 17:26:13.852  1809  1864 D DisplayManagerService: Ignore redundant display event 0/2 to 10367/16858
07-11 17:26:13.852  1809  1864 D DisplayManagerService: Ignore redundant display event 0/2 to 10404/17221
07-11 17:26:13.852  1809  1864 D DisplayManagerService: Ignore redundant display event 0/2 to 10202/18955
07-11 17:26:13.852  1809  1864 D DisplayManagerService: Ignore redundant display event 0/2 to 10410/18969
07-11 17:26:13.852  1809  1864 D DisplayManagerService: Ignore redundant display event 0/2 to 10240/20083
07-11 17:26:13.852  1809  1864 D DisplayManagerService: Ignore redundant display event 0/2 to 10266/21164
07-11 17:26:13.852  1809  1864 D DisplayManagerService: Ignore redundant display event 0/2 to 10323/21821
07-11 17:26:13.902  1809  2047 W BoostOptController: not supported hint: 118
07-11 17:26:14.006  1809  2047 W BoostOptController: not supported hint: 118
07-11 17:26:14.167  1809  2047 W BoostOptController: not supported hint: 118
07-11 17:26:14.181  1809  4188 D PowerManagerService: nativeAcquireSuspendBlocker name:PowerManagerService.WakeLocks duration ms: 2
07-11 17:26:14.186  1809  4196 D PowerManagerService: nativeReleaseSuspendBlocker name:PowerManagerService.WakeLocks duration ms: 0
07-11 17:26:14.189  1809  4196 D PowerManagerService: nativeAcquireSuspendBlocker name:PowerManagerService.WakeLocks duration ms: 2
07-11 17:26:14.193  1809  4172 D PowerManagerService: nativeReleaseSuspendBlocker name:PowerManagerService.WakeLocks duration ms: 0
07-11 17:26:14.305  1809  2047 W BoostOptController: not supported hint: 118
07-11 17:26:14.352  1809  1864 I DisplayDeviceRepository: Display device changed render timings: "内蔵スクリーン", renderFrameRate=90.0, presentationDeadlineNanos=24777778, appVsyncOffsetNanos=-8000000
07-11 17:26:14.356  1809  1903 D BrightnessThermalClamper: Thermal status observer already started
07-11 17:26:14.361  1809  1864 D DisplayManagerService: Ignore redundant display event 0/2 to 10439/5392
07-11 17:26:14.363  1809  1864 D DisplayManagerService: Ignore redundant display event 0/2 to 10350/9961
07-11 17:26:14.363  1809  1864 D DisplayManagerService: Ignore redundant display event 0/2 to 10237/16105
07-11 17:26:14.363  1809  1864 D DisplayManagerService: Ignore redundant display event 0/2 to 10237/16219
07-11 17:26:14.363  1809  1864 D DisplayManagerService: Ignore redundant display event 0/2 to 10438/16794
07-11 17:26:14.363  1809  1864 D DisplayManagerService: Ignore redundant display event 0/2 to 10367/16858
07-11 17:26:14.363  1809  1864 D DisplayManagerService: Ignore redundant display event 0/2 to 10404/17221
07-11 17:26:14.364  1809  1864 D DisplayManagerService: Ignore redundant display event 0/2 to 10202/18955
07-11 17:26:14.364  1809  1864 D DisplayManagerService: Ignore redundant display event 0/2 to 10410/18969
07-11 17:26:14.365  1809  1864 D DisplayManagerService: Ignore redundant display event 0/2 to 10240/20083
07-11 17:26:14.365  1809  1864 D DisplayManagerService: Ignore redundant display event 0/2 to 10266/21164
07-11 17:26:14.365  1809  1864 D DisplayManagerService: Ignore redundant display event 0/2 to 10323/21821
07-11 17:26:14.463  1809  2047 W BoostOptController: not supported hint: 118
07-11 17:26:14.565  1809  2047 W BoostOptController: not supported hint: 118
07-11 17:26:14.696  1809  4172 D PowerManagerService: nativeAcquireSuspendBlocker name:PowerManagerService.WakeLocks duration ms: 3
07-11 17:26:14.702  1809  2313 D PowerManagerService: nativeReleaseSuspendBlocker name:PowerManagerService.WakeLocks duration ms: 0
07-11 17:26:14.707  1809  4188 D PowerManagerService: nativeAcquireSuspendBlocker name:PowerManagerService.WakeLocks duration ms: 2
07-11 17:26:14.713  1809  2313 D PowerManagerService: nativeReleaseSuspendBlocker name:PowerManagerService.WakeLocks duration ms: 0
07-11 17:26:14.755  1809  2047 W BoostOptController: not supported hint: 118
07-11 17:26:15.085  1809  2047 W BoostOptController: not supported hint: 118
07-11 17:26:15.266  1809  2047 W BoostOptController: not supported hint: 118
07-11 17:26:15.374  1809  2047 W BoostOptController: not supported hint: 118
07-11 17:26:15.481  1809  2047 W BoostOptController: not supported hint: 118
07-11 17:26:15.632  1809  2047 W BoostOptController: not supported hint: 118
07-11 17:26:15.818  1809  2047 W BoostOptController: not supported hint: 118
07-11 17:26:15.922  1809  2047 W BoostOptController: not supported hint: 118
07-11 17:26:16.036  1809  2047 W BoostOptController: not supported hint: 118
07-11 17:26:16.146  1809  2047 W BoostOptController: not supported hint: 118
07-11 17:26:16.283  1809  2047 W BoostOptController: not supported hint: 118
07-11 17:26:16.616  1809  2047 W BoostOptController: not supported hint: 118
07-11 17:26:16.775  1809  2047 W BoostOptController: not supported hint: 118
07-11 17:26:16.929  1809  2047 W BoostOptController: not supported hint: 118
07-11 17:26:17.032  1809  2047 W BoostOptController: not supported hint: 118
07-11 17:26:17.176  1809  2047 W BoostOptController: not supported hint: 118
07-11 17:26:17.281  1809  4172 D PowerManagerService: nativeAcquireSuspendBlocker name:PowerManagerService.WakeLocks duration ms: 3
07-11 17:26:17.293 31119 32351 W Binder  : reply too large data on java level: InterfaceDescriptor = null, code = 1
07-11 17:26:17.295  1809  4196 D PowerManagerService: nativeReleaseSuspendBlocker name:PowerManagerService.WakeLocks duration ms: 1
07-11 17:26:17.302  1809  2047 W BoostOptController: not supported hint: 118
07-11 17:26:17.405  1809  2047 W BoostOptController: not supported hint: 118
07-11 17:26:17.998  1809  2047 W BoostOptController: not supported hint: 118
07-11 17:26:18.146  1809  2047 W BoostOptController: not supported hint: 118
07-11 17:26:18.249  1809  2047 W BoostOptController: not supported hint: 118
07-11 17:26:18.374  1809  4172 D PowerManagerService: nativeAcquireSuspendBlocker name:PowerManagerService.WakeLocks duration ms: 3
07-11 17:26:18.380  1809  4196 D PowerManagerService: nativeReleaseSuspendBlocker name:PowerManagerService.WakeLocks duration ms: 1
07-11 17:26:18.387  1809  4196 D PowerManagerService: nativeAcquireSuspendBlocker name:PowerManagerService.WakeLocks duration ms: 3
07-11 17:26:18.394  1809  3643 D PowerManagerService: nativeReleaseSuspendBlocker name:PowerManagerService.WakeLocks duration ms: 1
07-11 17:26:18.773  1809  2047 W BoostOptController: not supported hint: 118
07-11 17:26:18.889  1809  2047 W BoostOptController: not supported hint: 118
07-11 17:26:18.907  1809  4196 D PowerManagerService: nativeSetPowerMode ret:true mode:5 enabled:true duration ms: 0
07-11 17:26:18.913  1809  4196 D CoreBackPreview: Window{a0dcc54 u0 PopupWindow:8e181cb}: Setting back callback OnBackInvokedCallbackInfo{mCallback=android.window.IOnBackInvokedCallback$Stub$Proxy@5976cf2, mPriority=0, mIsAnimationCallback=false}
07-11 17:26:18.932  1809  4196 D PowerManagerService: nativeSetPowerMode ret:true mode:5 enabled:false duration ms: 0
07-11 17:26:18.940  1809  3643 W WindowManager: Failed looking up window session=Session{5cbf860 19386:u0a10362} callers=com.android.server.wm.WindowManagerService.windowForClientLocked:6924 com.android.server.wm.Session.setOnBackInvokedCallbackInfo:1065 android.view.IWindowSession$Stub.onTransact:1258 
07-11 17:26:18.940  1809  3643 W WindowManager: win is null client=android.os.BinderProxy@f2e5fa7
07-11 17:26:18.940  1809  3643 I WindowManager: setOnBackInvokedCallback(): No window state for package:com.discord
07-11 17:26:18.941  1809  1866 W BoostOptController: not supported hint: 118
07-11 17:26:18.941  1809  1866 W BoostOptController: not supported hint: 118
07-11 17:26:18.997  1809  2047 W BoostOptController: not supported hint: 118
07-11 17:26:19.341  1809  2047 W BoostOptController: not supported hint: 118
07-11 17:26:19.501  1809  2047 W BoostOptController: not supported hint: 118
07-11 17:26:19.554  1809  2656 D PowerManagerService: nativeAcquireSuspendBlocker name:PowerManagerService.WakeLocks duration ms: 2
07-11 17:26:19.557  1809  2656 D PowerManagerService: nativeReleaseSuspendBlocker name:PowerManagerService.WakeLocks duration ms: 0
07-11 17:26:19.615  1809  3643 D PowerManagerService: nativeAcquireSuspendBlocker name:PowerManagerService.WakeLocks duration ms: 1
07-11 17:26:19.620  1809  3643 D PowerManagerService: nativeReleaseSuspendBlocker name:PowerManagerService.WakeLocks duration ms: 0
07-11 17:26:19.838  1809  2047 W BoostOptController: not supported hint: 118
07-11 17:26:19.940  1809  2047 W BoostOptController: not supported hint: 118
07-11 17:26:20.075  1809  2047 W BoostOptController: not supported hint: 118
07-11 17:26:20.195  1809  2047 W BoostOptController: not supported hint: 118
07-11 17:26:20.296  1809  2047 W BoostOptController: not supported hint: 118
07-11 17:26:20.411  1809  2047 W BoostOptController: not supported hint: 118
07-11 17:26:20.577  1809  2047 W BoostOptController: not supported hint: 118
07-11 17:26:20.688  1809  2047 W BoostOptController: not supported hint: 118
07-11 17:26:20.790  1809  2047 W BoostOptController: not supported hint: 118
07-11 17:26:20.904  1809  2047 W BoostOptController: not supported hint: 118
07-11 17:26:21.075  1809  2047 W BoostOptController: not supported hint: 118
07-11 17:26:21.295  1809  2047 W BoostOptController: not supported hint: 118
07-11 17:26:21.397  1809  2047 W BoostOptController: not supported hint: 118
07-11 17:26:21.606  1809  2047 W BoostOptController: not supported hint: 118
07-11 17:26:22.279  1809  2047 W BoostOptController: not supported hint: 118
07-11 17:26:22.566  1809  2047 W BoostOptController: not supported hint: 118
07-11 17:26:22.664  1809  2047 W BoostOptController: not supported hint: 118
07-11 17:26:22.767  1809  2047 W BoostOptController: not supported hint: 118
07-11 17:26:22.926  1809  2047 W BoostOptController: not supported hint: 118
07-11 17:26:23.029  1809  2047 W BoostOptController: not supported hint: 118
07-11 17:26:23.146  1809  2047 W BoostOptController: not supported hint: 118
07-11 17:26:23.306  1809  2047 W BoostOptController: not supported hint: 118
07-11 17:26:24.085  1809  2047 W BoostOptController: not supported hint: 118
07-11 17:26:24.130  1809  2656 D PowerManagerService: nativeAcquireSuspendBlocker name:PowerManagerService.WakeLocks duration ms: 2
07-11 17:26:24.134  1809  2656 D PowerManagerService: nativeReleaseSuspendBlocker name:PowerManagerService.WakeLocks duration ms: 0
07-11 17:26:24.137  1809  4196 D PowerManagerService: nativeAcquireSuspendBlocker name:PowerManagerService.WakeLocks duration ms: 2
07-11 17:26:24.140  1809  4196 D PowerManagerService: nativeReleaseSuspendBlocker name:PowerManagerService.WakeLocks duration ms: 0
07-11 17:26:24.466  1809  2047 W BoostOptController: not supported hint: 118
07-11 17:26:24.641  1809  2047 W BoostOptController: not supported hint: 118
07-11 17:26:24.732  1809  2656 D PowerManagerService: nativeAcquireSuspendBlocker name:PowerManagerService.WakeLocks duration ms: 3
07-11 17:26:24.738  1809  4196 D PowerManagerService: nativeReleaseSuspendBlocker name:PowerManagerService.WakeLocks duration ms: 0
07-11 17:26:24.744  1809  4196 D PowerManagerService: nativeAcquireSuspendBlocker name:PowerManagerService.WakeLocks duration ms: 3
07-11 17:26:24.749  1809  3643 D PowerManagerService: nativeReleaseSuspendBlocker name:PowerManagerService.WakeLocks duration ms: 1
07-11 17:26:24.844  1809  2047 W BoostOptController: not supported hint: 118
07-11 17:26:24.925  1809  1862 W BoostOptController: not supported hint: 118
07-11 17:26:24.930  1809  1864 I DisplayDeviceRepository: Display device changed render timings: "内蔵スクリーン", renderFrameRate=120.00001, presentationDeadlineNanos=22000000, appVsyncOffsetNanos=-8000000
07-11 17:26:24.932  1809  1903 D BrightnessThermalClamper: Thermal status observer already started
07-11 17:26:24.933  1809  1864 D DisplayManagerService: Ignore redundant display event 0/2 to 10439/5392
07-11 17:26:24.933  1809  1864 D DisplayManagerService: Ignore redundant display event 0/2 to 10350/9961
07-11 17:26:24.933  1809  1864 D DisplayManagerService: Ignore redundant display event 0/2 to 10237/16105
07-11 17:26:24.933  1809  1864 D DisplayManagerService: Ignore redundant display event 0/2 to 10237/16219
07-11 17:26:24.933  1809  1864 D DisplayManagerService: Ignore redundant display event 0/2 to 10438/16794
07-11 17:26:24.933  1809  1864 D DisplayManagerService: Ignore redundant display event 0/2 to 10367/16858
07-11 17:26:24.933  1809  1864 D DisplayManagerService: Ignore redundant display event 0/2 to 10404/17221
07-11 17:26:24.934  1809  1864 D DisplayManagerService: Ignore redundant display event 0/2 to 10202/18955
07-11 17:26:24.934  1809  1864 D DisplayManagerService: Ignore redundant display event 0/2 to 10410/18969
07-11 17:26:24.934  1809  1864 D DisplayManagerService: Ignore redundant display event 0/2 to 10240/20083
07-11 17:26:24.934  1809  1864 D DisplayManagerService: Ignore redundant display event 0/2 to 10266/21164
07-11 17:26:24.934  1809  1864 D DisplayManagerService: Ignore redundant display event 0/2 to 10323/21821
07-11 17:26:25.045  1809  2047 W BoostOptController: not supported hint: 118
07-11 17:26:25.236  1809  2047 W BoostOptController: not supported hint: 118
07-11 17:26:25.372  1809  2047 W BoostOptController: not supported hint: 118
07-11 17:26:25.476  1809  2047 W BoostOptController: not supported hint: 118
07-11 17:26:25.561  1809  1862 W BoostOptController: not supported hint: 118
07-11 17:26:25.713  1809  2047 W BoostOptController: not supported hint: 118
07-11 17:26:25.816  1809  2047 W BoostOptController: not supported hint: 118
07-11 17:26:25.972  1809  2047 W BoostOptController: not supported hint: 118
07-11 17:26:26.117  1809  2047 W BoostOptController: not supported hint: 118
07-11 17:26:26.338  1809  2047 W BoostOptController: not supported hint: 118
07-11 17:26:26.403  1809  1864 I DisplayDeviceRepository: Display device changed render timings: "内蔵スクリーン", renderFrameRate=90.0, presentationDeadlineNanos=24777778, appVsyncOffsetNanos=-8000000
07-11 17:26:26.407  1809  1903 D BrightnessThermalClamper: Thermal status observer already started
07-11 17:26:26.410  1809  1864 D DisplayManagerService: Ignore redundant display event 0/2 to 10439/5392
07-11 17:26:26.411  1809  1864 D DisplayManagerService: Ignore redundant display event 0/2 to 10350/9961
07-11 17:26:26.411  1809  1864 D DisplayManagerService: Ignore redundant display event 0/2 to 10237/16105
07-11 17:26:26.411  1809  1864 D DisplayManagerService: Ignore redundant display event 0/2 to 10237/16219
07-11 17:26:26.411  1809  1864 D DisplayManagerService: Ignore redundant display event 0/2 to 10438/16794
07-11 17:26:26.411  1809  1864 D DisplayManagerService: Ignore redundant display event 0/2 to 10367/16858
07-11 17:26:26.413  1809  1864 D DisplayManagerService: Ignore redundant display event 0/2 to 10404/17221
07-11 17:26:26.414  1809  1864 D DisplayManagerService: Ignore redundant display event 0/2 to 10202/18955
07-11 17:26:26.414  1809  1864 D DisplayManagerService: Ignore redundant display event 0/2 to 10410/18969
07-11 17:26:26.414  1809  1864 D DisplayManagerService: Ignore redundant display event 0/2 to 10240/20083
07-11 17:26:26.415  1809  1864 D DisplayManagerService: Ignore redundant display event 0/2 to 10266/21164
07-11 17:26:26.415  1809  1864 D DisplayManagerService: Ignore redundant display event 0/2 to 10323/21821
07-11 17:26:26.468  1809  2047 W BoostOptController: not supported hint: 118
07-11 17:26:26.716  1809  2047 W BoostOptController: not supported hint: 118
07-11 17:26:26.909  1809  2047 W BoostOptController: not supported hint: 118
07-11 17:26:27.015  1809  2047 W BoostOptController: not supported hint: 118
07-11 17:26:27.129  1809  2047 W BoostOptController: not supported hint: 118
07-11 17:26:27.332  1809  2047 W BoostOptController: not supported hint: 118
07-11 17:26:27.664  1809  2047 W BoostOptController: not supported hint: 118
07-11 17:26:27.764  1809  2047 W BoostOptController: not supported hint: 118
07-11 17:26:28.081  1809  2047 W BoostOptController: not supported hint: 118
07-11 17:26:28.188  1809  2047 W BoostOptController: not supported hint: 118
07-11 17:26:28.374  1809  4164 D PowerManagerService: nativeAcquireSuspendBlocker name:PowerManagerService.WakeLocks duration ms: 2
07-11 17:26:28.380  1809  4172 D PowerManagerService: nativeReleaseSuspendBlocker name:PowerManagerService.WakeLocks duration ms: 0
07-11 17:26:28.389  1809  4172 D PowerManagerService: nativeAcquireSuspendBlocker name:PowerManagerService.WakeLocks duration ms: 2
07-11 17:26:28.397  1809  4172 D PowerManagerService: nativeReleaseSuspendBlocker name:PowerManagerService.WakeLocks duration ms: 0
07-11 17:26:29.210  1809  1864 I DisplayDeviceRepository: Display device changed render timings: "内蔵スクリーン", renderFrameRate=120.00001, presentationDeadlineNanos=22000000, appVsyncOffsetNanos=-8000000
07-11 17:26:29.213  1809  1903 D BrightnessThermalClamper: Thermal status observer already started
07-11 17:26:29.217  1809  1864 D DisplayManagerService: Ignore redundant display event 0/2 to 10439/5392
07-11 17:26:29.218  1809  1864 D DisplayManagerService: Ignore redundant display event 0/2 to 10350/9961
07-11 17:26:29.219  1809  1864 D DisplayManagerService: Ignore redundant display event 0/2 to 10237/16105
07-11 17:26:29.219  1809  1864 D DisplayManagerService: Ignore redundant display event 0/2 to 10237/16219
07-11 17:26:29.219  1809  1864 D DisplayManagerService: Ignore redundant display event 0/2 to 10438/16794
07-11 17:26:29.219  1809  1864 D DisplayManagerService: Ignore redundant display event 0/2 to 10367/16858
07-11 17:26:29.219  1809  1864 D DisplayManagerService: Ignore redundant display event 0/2 to 10404/17221
07-11 17:26:29.219  1809  1864 D DisplayManagerService: Ignore redundant display event 0/2 to 10202/18955
07-11 17:26:29.219  1809  1864 D DisplayManagerService: Ignore redundant display event 0/2 to 10410/18969
07-11 17:26:29.220  1809  1864 D DisplayManagerService: Ignore redundant display event 0/2 to 10240/20083
07-11 17:26:29.220  1809  1864 D DisplayManagerService: Ignore redundant display event 0/2 to 10266/21164
07-11 17:26:29.220  1809  1864 D DisplayManagerService: Ignore redundant display event 0/2 to 10323/21821
07-11 17:26:29.245  1809  2047 W BoostOptController: not supported hint: 118
07-11 17:26:29.269  1809  1864 I DisplayDeviceRepository: Display device changed render timings: "内蔵スクリーン", renderFrameRate=90.0, presentationDeadlineNanos=24777778, appVsyncOffsetNanos=-8000000
07-11 17:26:29.271  1809  1903 D BrightnessThermalClamper: Thermal status observer already started
07-11 17:26:29.272  1809  1864 D DisplayManagerService: Ignore redundant display event 0/2 to 10439/5392
07-11 17:26:29.272  1809  1864 D DisplayManagerService: Ignore redundant display event 0/2 to 10350/9961
07-11 17:26:29.272  1809  1864 D DisplayManagerService: Ignore redundant display event 0/2 to 10237/16105
07-11 17:26:29.273  1809  1864 D DisplayManagerService: Ignore redundant display event 0/2 to 10237/16219
07-11 17:26:29.273  1809  1864 D DisplayManagerService: Ignore redundant display event 0/2 to 10438/16794
07-11 17:26:29.273  1809  1864 D DisplayManagerService: Ignore redundant display event 0/2 to 10367/16858
07-11 17:26:29.273  1809  1864 D DisplayManagerService: Ignore redundant display event 0/2 to 10404/17221
07-11 17:26:29.273  1809  1864 D DisplayManagerService: Ignore redundant display event 0/2 to 10202/18955
07-11 17:26:29.273  1809  1864 D DisplayManagerService: Ignore redundant display event 0/2 to 10410/18969
07-11 17:26:29.273  1809  1864 D DisplayManagerService: Ignore redundant display event 0/2 to 10240/20083
07-11 17:26:29.273  1809  1864 D DisplayManagerService: Ignore redundant display event 0/2 to 10266/21164
07-11 17:26:29.273  1809  1864 D DisplayManagerService: Ignore redundant display event 0/2 to 10323/21821
07-11 17:26:29.561  1809  2656 D PowerManagerService: nativeAcquireSuspendBlocker name:PowerManagerService.WakeLocks duration ms: 3
07-11 17:26:29.567  1809  2656 D PowerManagerService: nativeReleaseSuspendBlocker name:PowerManagerService.WakeLocks duration ms: 0
07-11 17:26:29.653  1809  4172 D PowerManagerService: nativeAcquireSuspendBlocker name:PowerManagerService.WakeLocks duration ms: 4
07-11 17:26:29.661  1809  3642 D PowerManagerService: nativeReleaseSuspendBlocker name:PowerManagerService.WakeLocks duration ms: 1
07-11 17:26:29.942  1809  2047 W BoostOptController: not supported hint: 118
07-11 17:26:30.129  1809  2047 W BoostOptController: not supported hint: 118
07-11 17:26:30.233  1809  2047 W BoostOptController: not supported hint: 118
07-11 17:26:30.829  1809  2047 W BoostOptController: not supported hint: 118
07-11 17:26:30.929  1809  2047 W BoostOptController: not supported hint: 118
07-11 17:26:31.048  1809  2047 W BoostOptController: not supported hint: 118
07-11 17:26:31.162  1809  2047 W BoostOptController: not supported hint: 118
07-11 17:26:31.449  1809  2047 W BoostOptController: not supported hint: 118
07-11 17:26:31.557  1809  2047 W BoostOptController: not supported hint: 118
07-11 17:26:31.665  1809  2047 W BoostOptController: not supported hint: 118
07-11 17:26:31.878  1809  2047 W BoostOptController: not supported hint: 118
07-11 17:26:32.739  1809  2047 W BoostOptController: not supported hint: 118
07-11 17:26:32.759  1809  4188 D CoreBackPreview: startBackNavigation currentTask=Task{a832f2b #3923 type=standard A=10362:com.discord}, topRunningActivity=ActivityRecord{9fc9ba5 u0 com.discord/.main.MainDefault t3923}, callbackInfo=OnBackInvokedCallbackInfo{mCallback=android.window.IOnBackInvokedCallback$Stub$Proxy@c713442, mPriority=0, mIsAnimationCallback=false}, currentFocus=Window{f694f24 u0 com.discord/com.discord.main.MainDefault}
07-11 17:26:32.761  2325  2403 D ShellBackPreview: Received backNavigationInfo:BackNavigationInfo{mType=TYPE_CALLBACK (4), mOnBackNavigationDone=android.os.RemoteCallback@eab33b6, mOnBackInvokedCallback=android.window.IOnBackInvokedCallback$Stub$Proxy@d6aa8b7, mPrepareRemoteAnimation=false, mAnimationCallback=false, mCustomizeAnimationInfo=null}
07-11 17:26:32.769  2325  2403 D ShellBackPreview: Finishing gesture with event action: 1
07-11 17:26:32.769  2325  2403 D ShellBackPreview: onGestureFinished() mTriggerBack == false
07-11 17:26:32.769  2325  2403 D ShellBackPreview: Trigger back without dispatching to animator.
07-11 17:26:32.769  2325  2403 D ShellBackPreview: BackAnimationController: finishBackNavigation()
07-11 17:26:32.770  1809  4188 D CoreBackPreview: onBackNavigationDone backType=4, triggerBack=false
07-11 17:26:32.924  1809  4188 W PackageConfigPersister: App-specific configuration not found for packageName: com.discord and userId: 0
07-11 17:26:33.271  1809  2047 W BoostOptController: not supported hint: 118
07-11 17:26:33.275  1809  4188 D CoreBackPreview: startBackNavigation currentTask=Task{a832f2b #3923 type=standard A=10362:com.discord}, topRunningActivity=ActivityRecord{9fc9ba5 u0 com.discord/.main.MainDefault t3923}, callbackInfo=OnBackInvokedCallbackInfo{mCallback=android.window.IOnBackInvokedCallback$Stub$Proxy@c713442, mPriority=0, mIsAnimationCallback=false}, currentFocus=Window{f694f24 u0 com.discord/com.discord.main.MainDefault}
07-11 17:26:33.277  2325  2403 D ShellBackPreview: Received backNavigationInfo:BackNavigationInfo{mType=TYPE_CALLBACK (4), mOnBackNavigationDone=android.os.RemoteCallback@a5bc824, mOnBackInvokedCallback=android.window.IOnBackInvokedCallback$Stub$Proxy@fe75f8d, mPrepareRemoteAnimation=false, mAnimationCallback=false, mCustomizeAnimationInfo=null}
07-11 17:26:33.300  1809  1864 I DisplayDeviceRepository: Display device changed render timings: "内蔵スクリーン", renderFrameRate=120.00001, presentationDeadlineNanos=22000000, appVsyncOffsetNanos=-8000000
07-11 17:26:33.302  1809  1903 D BrightnessThermalClamper: Thermal status observer already started
07-11 17:26:33.303  1809  1864 D DisplayManagerService: Ignore redundant display event 0/2 to 10439/5392
07-11 17:26:33.303  1809  1864 D DisplayManagerService: Ignore redundant display event 0/2 to 10350/9961
07-11 17:26:33.303  1809  1864 D DisplayManagerService: Ignore redundant display event 0/2 to 10237/16105
07-11 17:26:33.303  1809  1864 D DisplayManagerService: Ignore redundant display event 0/2 to 10237/16219
07-11 17:26:33.303  1809  1864 D DisplayManagerService: Ignore redundant display event 0/2 to 10438/16794
07-11 17:26:33.303  1809  1864 D DisplayManagerService: Ignore redundant display event 0/2 to 10367/16858
07-11 17:26:33.303  1809  1864 D DisplayManagerService: Ignore redundant display event 0/2 to 10404/17221
07-11 17:26:33.304  1809  1864 D DisplayManagerService: Ignore redundant display event 0/2 to 10202/18955
07-11 17:26:33.304  1809  1864 D DisplayManagerService: Ignore redundant display event 0/2 to 10410/18969
07-11 17:26:33.304  1809  1864 D DisplayManagerService: Ignore redundant display event 0/2 to 10240/20083
07-11 17:26:33.304  1809  1864 D DisplayManagerService: Ignore redundant display event 0/2 to 10266/21164
07-11 17:26:33.304  1809  1864 D DisplayManagerService: Ignore redundant display event 0/2 to 10323/21821
07-11 17:26:33.362  2325  2403 D ShellBackPreview: Finishing gesture with event action: 1
07-11 17:26:33.362  2325  2403 D ShellBackPreview: onGestureFinished() mTriggerBack == true
07-11 17:26:33.362  2325  2403 D ShellBackPreview: Trigger back without dispatching to animator.
07-11 17:26:33.362  1809  1862 W BoostOptController: not supported hint: 118
07-11 17:26:33.362  2325  2403 D ShellBackPreview: BackAnimationController: finishBackNavigation()
07-11 17:26:33.362  1809  4196 D CoreBackPreview: onBackNavigationDone backType=4, triggerBack=true
07-11 17:26:33.390  2325  2403 D WindowManagerShell: onKeepClearAreasChanged: restricted={}, unrestricted={}
07-11 17:26:34.154  1809  4196 D PowerManagerService: nativeAcquireSuspendBlocker name:PowerManagerService.WakeLocks duration ms: 3
07-11 17:26:34.161  1809  3642 D PowerManagerService: nativeReleaseSuspendBlocker name:PowerManagerService.WakeLocks duration ms: 0
07-11 17:26:34.169  1809  3642 D PowerManagerService: nativeAcquireSuspendBlocker name:PowerManagerService.WakeLocks duration ms: 3
07-11 17:26:34.175  1809  3642 D PowerManagerService: nativeReleaseSuspendBlocker name:PowerManagerService.WakeLocks duration ms: 1
07-11 17:26:34.210  1809  3642 D PowerManagerService: nativeSetPowerMode ret:true mode:5 enabled:false duration ms: 0
07-11 17:26:34.505  1809  2047 W BoostOptController: not supported hint: 118
07-11 17:26:34.513  1809  3642 D CoreBackPreview: startBackNavigation currentTask=Task{a832f2b #3923 type=standard A=10362:com.discord}, topRunningActivity=ActivityRecord{9fc9ba5 u0 com.discord/.main.MainDefault t3923}, callbackInfo=OnBackInvokedCallbackInfo{mCallback=android.window.IOnBackInvokedCallback$Stub$Proxy@c713442, mPriority=0, mIsAnimationCallback=false}, currentFocus=Window{f694f24 u0 com.discord/com.discord.main.MainDefault}
07-11 17:26:34.514  2325  2403 D ShellBackPreview: Received backNavigationInfo:BackNavigationInfo{mType=TYPE_CALLBACK (4), mOnBackNavigationDone=android.os.RemoteCallback@159038e, mOnBackInvokedCallback=android.window.IOnBackInvokedCallback$Stub$Proxy@fcff7af, mPrepareRemoteAnimation=false, mAnimationCallback=false, mCustomizeAnimationInfo=null}
07-11 17:26:34.524  1809  1864 I DisplayDeviceRepository: Display device changed render timings: "内蔵スクリーン", renderFrameRate=90.0, presentationDeadlineNanos=24777778, appVsyncOffsetNanos=-8000000
07-11 17:26:34.527  1809  1864 D DisplayManagerService: Ignore redundant display event 0/2 to 10439/5392
07-11 17:26:34.527  1809  1864 D DisplayManagerService: Ignore redundant display event 0/2 to 10350/9961
07-11 17:26:34.527  1809  1864 D DisplayManagerService: Ignore redundant display event 0/2 to 10237/16105
07-11 17:26:34.528  1809  1864 D DisplayManagerService: Ignore redundant display event 0/2 to 10237/16219
07-11 17:26:34.528  1809  1864 D DisplayManagerService: Ignore redundant display event 0/2 to 10438/16794
07-11 17:26:34.528  1809  1864 D DisplayManagerService: Ignore redundant display event 0/2 to 10367/16858
07-11 17:26:34.528  1809  1864 D DisplayManagerService: Ignore redundant display event 0/2 to 10404/17221
07-11 17:26:34.528  1809  1864 D DisplayManagerService: Ignore redundant display event 0/2 to 10202/18955
07-11 17:26:34.528  1809  1864 D DisplayManagerService: Ignore redundant display event 0/2 to 10410/18969
07-11 17:26:34.528  1809  1864 D DisplayManagerService: Ignore redundant display event 0/2 to 10240/20083
07-11 17:26:34.528  1809  1864 D DisplayManagerService: Ignore redundant display event 0/2 to 10266/21164
07-11 17:26:34.528  1809  1864 D DisplayManagerService: Ignore redundant display event 0/2 to 10323/21821
07-11 17:26:34.533  1809  1903 D BrightnessThermalClamper: Thermal status observer already started
07-11 17:26:34.550  1809  1864 I DisplayDeviceRepository: Display device changed render timings: "内蔵スクリーン", renderFrameRate=120.00001, presentationDeadlineNanos=22000000, appVsyncOffsetNanos=-8000000
07-11 17:26:34.552  1809  1903 D BrightnessThermalClamper: Thermal status observer already started
07-11 17:26:34.552  1809  1864 D DisplayManagerService: Ignore redundant display event 0/2 to 10439/5392
07-11 17:26:34.552  1809  1864 D DisplayManagerService: Ignore redundant display event 0/2 to 10350/9961
07-11 17:26:34.552  1809  1864 D DisplayManagerService: Ignore redundant display event 0/2 to 10237/16105
07-11 17:26:34.552  1809  1864 D DisplayManagerService: Ignore redundant display event 0/2 to 10237/16219
07-11 17:26:34.552  1809  1864 D DisplayManagerService: Ignore redundant display event 0/2 to 10438/16794
07-11 17:26:34.552  1809  1864 D DisplayManagerService: Ignore redundant display event 0/2 to 10367/16858
07-11 17:26:34.552  1809  1864 D DisplayManagerService: Ignore redundant display event 0/2 to 10404/17221
07-11 17:26:34.552  1809  1864 D DisplayManagerService: Ignore redundant display event 0/2 to 10202/18955
07-11 17:26:34.552  1809  1864 D DisplayManagerService: Ignore redundant display event 0/2 to 10410/18969
07-11 17:26:34.553  1809  1864 D DisplayManagerService: Ignore redundant display event 0/2 to 10240/20083
07-11 17:26:34.553  1809  1864 D DisplayManagerService: Ignore redundant display event 0/2 to 10266/21164
07-11 17:26:34.553  1809  1864 D DisplayManagerService: Ignore redundant display event 0/2 to 10323/21821
07-11 17:26:34.605  1809  2047 W BoostOptController: not supported hint: 118
07-11 17:26:34.711  1809  2047 W BoostOptController: not supported hint: 118
07-11 17:26:34.769  1809  2656 D PowerManagerService: nativeAcquireSuspendBlocker name:PowerManagerService.WakeLocks duration ms: 4
07-11 17:26:34.777  1809  4172 D PowerManagerService: nativeReleaseSuspendBlocker name:PowerManagerService.WakeLocks duration ms: 0
07-11 17:26:34.782  1809  4172 D PowerManagerService: nativeAcquireSuspendBlocker name:PowerManagerService.WakeLocks duration ms: 2
07-11 17:26:34.788  1809  4172 D PowerManagerService: nativeReleaseSuspendBlocker name:PowerManagerService.WakeLocks duration ms: 0
07-11 17:26:34.806  1809  1862 W BoostOptController: not supported hint: 118
07-11 17:26:34.809  2325  2403 D ShellBackPreview: Finishing gesture with event action: 1
07-11 17:26:34.809  2325  2403 D ShellBackPreview: onGestureFinished() mTriggerBack == true
07-11 17:26:34.810  2325  2403 D ShellBackPreview: Trigger back without dispatching to animator.
07-11 17:26:34.810  2325  2403 D ShellBackPreview: BackAnimationController: finishBackNavigation()
07-11 17:26:34.810  1809  4172 D CoreBackPreview: onBackNavigationDone backType=4, triggerBack=true
07-11 17:26:35.243  1809  2047 W BoostOptController: not supported hint: 118
07-11 17:26:35.273  2325  2403 V ShellRecents: RecentsTransitionHandler.startRecentsTransition
07-11 17:26:35.275  2325  2403 V WindowManagerShell: Directly starting a new transition type=3 wct=WindowContainerTransaction { changes = {} hops = [{PendingIntent: options=Bundle[mParcelledData.dataSize=412]}] errorCallbackToken=null taskFragmentOrganizer=null } handler=com.android.wm.shell.recents.RecentsTransitionHandler@53a5505
07-11 17:26:35.277  1809  2656 D PowerManagerService: nativeSetPowerMode ret:true mode:5 enabled:true duration ms: 0
07-11 17:26:35.287  1809  1872 W MotoBatteryCareService: uid: 10292 pkgName:com.motorola.launcher3 come to foreground
07-11 17:26:35.291  1809  2012 D PowerManagerService: nativeAcquireSuspendBlocker name:PowerManagerService.WakeLocks duration ms: 2
07-11 17:26:35.292  2325  2403 V ShellRecents: [133660353] RecentsController.setTransition: id=android.os.BinderProxy@745f666
07-11 17:26:35.303  1809  1809 D PowerManagerService: nativeReleaseSuspendBlocker name:PowerManagerService.WakeLocks duration ms: 0
07-11 17:26:35.305  1809  4196 E PersistenceController: SettingNotFoundException: sv_custom_ai_icon_enabled
07-11 17:26:35.323  1809  2012 D PowerManagerService: nativeAcquireSuspendBlocker name:PowerManagerService.WakeLocks duration ms: 1
07-11 17:26:35.334  1809  4172 W ProcessStats: Tracking association SourceState{79f8b67 system/1000 ImpBg #176021} whose proc state 6 is better than process ProcessState{8b1acfb com.discord/10362 pkg=com.discord} proc state 14 (2 skipped)
07-11 17:26:35.340  1809  1872 D addPss  : tracker=ProcessState{8b1acfb com.discord/10362 pkg=com.discord}
07-11 17:26:35.341  2325  3131 V WindowManagerShell: onTransitionReady(transaction=7769595973864)
07-11 17:26:35.342  2325  2403 V WindowManagerShell: onTransitionReady (#1502) android.os.BinderProxy@745f666: {id=1502 t=TO_FRONT f=0x80 trk=0 r=[0@Point(0, 0)] c=[{WCT{android.window.IWindowContainerToken$Stub$Proxy@d906fc0} m=TO_FRONT f=SHOW_WALLPAPER|MOVE_TO_TOP pTaskId=-1 leash=Surface(name=Task=1)/@0xe538254 sb=Rect(0, 0 - 1080, 2400) eb=Rect(0, 0 - 1080, 2400) d=0 taskParent=-1},{WCT{android.window.IWindowContainerToken$Stub$Proxy@70c44f9} m=TO_BACK f=NONE pTaskId=-1 leash=Surface(name=Task=3923)/@0xc3c45fd sb=Rect(0, 0 - 1080, 2400) eb=Rect(0, 0 - 1080, 2400) d=0 taskParent=-1},{null m=TO_FRONT f=IS_WALLPAPER leash=Surface(name=WallpaperWindowToken{68efc31 token=android.os.Binder@1cb20d8})/@0x1ab12f2 sb=Rect(0, 0 - 1080, 2400) eb=Rect(0, 0 - 1080, 2400) d=0}]}
07-11 17:26:35.342  1809  1872 W MotoBatteryCareService: uid: 10292 pkgName:com.motorola.launcher3 come to foreground
07-11 17:26:35.343  2325  2403 V WindowManagerShell: Playing animation for (#1502) android.os.BinderProxy@745f666@0
07-11 17:26:35.343  2325  2403 V WindowManagerShell:  try firstHandler com.android.wm.shell.recents.RecentsTransitionHandler@53a5505
07-11 17:26:35.344  2325  2403 V ShellRecents: [133660353] RecentsController.start
07-11 17:26:35.345  1809  4172 W UserManagerService: Requested status bar icon for non-badged user 0
07-11 17:26:35.345  1809  1861 I MotoPerfManagerService: handleAppStart 10292:com.motorola.launcher3 hot 34 60 -1 -1 56
07-11 17:26:35.349  2325  2403 V ShellRecents:   adding pausing leaf taskId=3923 at layer=8
07-11 17:26:35.350  1809  2047 W BoostOptController: not supported hint: 118
07-11 17:26:35.351  1809  1872 D addPss  : tracker=ProcessState{c94006a com.google.android.apps.wellbeing/10230 pkg=com.google.android.apps.wellbeing}
07-11 17:26:35.352  2325  2403 V ShellRecents: Applying transaction=7769595973864
07-11 17:26:35.353  1809  1861 V WindowManager: Sent Transition (#1502) createdAt=07-11 17:26:35.276
07-11 17:26:35.353  1809  1861 V WindowManager:     startWCT=WindowContainerTransaction { changes = {} hops = [{PendingIntent: options=Bundle[{android.activity.splashScreenStyle=-1, android.activity.sourceInfo=android.app.ActivityOptions$SourceInfo@67c5bb2, android:activity.animAbortListener=null, android.activity.transientLaunch=true}]}] errorCallbackToken=null taskFragmentOrganizer=null }
07-11 17:26:35.353  1809  1861 V WindowManager:     info={id=1502 t=TO_FRONT f=0x80 trk=0 r=[0@Point(0, 0)] c=[
07-11 17:26:35.353  1809  1861 V WindowManager:         {WCT{RemoteToken{9b23c0c Task{7ad5409 #1 type=undefined}}} m=TO_FRONT f=SHOW_WALLPAPER|MOVE_TO_TOP pTaskId=-1 leash=Surface(name=Task=1)/@0xaecb5ef sb=Rect(0, 0 - 1080, 2400) eb=Rect(0, 0 - 1080, 2400) d=0 taskParent=-1},
07-11 17:26:35.353  1809  1861 V WindowManager:         {WCT{RemoteToken{1514bf7 Task{a832f2b #3923 type=standard A=10362:com.discord}}} m=TO_BACK f=NONE pTaskId=-1 leash=Surface(name=Task=3923)/@0x704b815 sb=Rect(0, 0 - 1080, 2400) eb=Rect(0, 0 - 1080, 2400) d=0 taskParent=-1},
07-11 17:26:35.353  1809  1861 V WindowManager:         {null m=TO_FRONT f=IS_WALLPAPER leash=Surface(name=WallpaperWindowToken{68efc31 token=android.os.Binder@1cb20d8})/@0x3fe52f5 sb=Rect(0, 0 - 1080, 2400) eb=Rect(0, 0 - 1080, 2400) d=0}
07-11 17:26:35.353  1809  1861 V WindowManager:     ]}
07-11 17:26:35.353  2325  2403 V ShellRecents: Trying to get a handler for takeover but the flag is disabled
07-11 17:26:35.353  2325  2403 V ShellRecents: [133660353] RecentsController.start: calling onAnimationStart with 2 apps
07-11 17:26:35.355  2325  2403 V WindowManagerShell:  animated by firstHandler
07-11 17:26:35.356  1809  1872 D addPss  : tracker=ProcessState{a105f0 android.process.acore/10116 pkg=com.android.providers.userdictionary (sub)}
07-11 17:26:35.376  2325  2403 V ShellRecents: [133660353] RecentsController.setInputConsumerEnabled: set focus to recents
07-11 17:26:35.387 31119 32351 W Binder  : reply too large data on java level: InterfaceDescriptor = null, code = 1
07-11 17:26:35.414  2325  2403 V ShellRecents: [133660353] RecentsController.setInputConsumerEnabled: set focus to recents
07-11 17:26:35.419  1809  2071 E HandwritingModeController: Cannot get requestId: Handwriting was not initialized.
07-11 17:26:35.453  1809  2047 W BoostOptController: not supported hint: 118
07-11 17:26:35.557  1809  2047 W BoostOptController: not supported hint: 118
07-11 17:26:35.625  1809  1862 W BoostOptController: not supported hint: 118
07-11 17:26:35.627  2325 19651 V ShellRecents: [133660353] RecentsController.detachNavigationBarFromApp
07-11 17:26:35.628  1809  4188 E PersistenceController: SettingNotFoundException: sv_custom_ai_icon_enabled
07-11 17:26:35.633  1809  1866 W BoostOptController: not supported hint: 118
07-11 17:26:35.641  2325  2403 D WindowManagerShell: setLauncherKeepClearAreaHeight: visible=true, height=193
07-11 17:26:35.654  1809  4172 D PowerManagerService: nativeReleaseSuspendBlocker name:PowerManagerService.WakeLocks duration ms: 0
07-11 17:26:35.685  2325  2403 D WindowManagerShell: onKeepClearAreasChanged: restricted={Rect(0, 2097 - 1080, 2350)}, unrestricted={}
07-11 17:26:36.220  1809  2047 W BoostOptController: not supported hint: 118
07-11 17:26:36.225  2325 19651 V ShellRecents: [133660353] RecentsController.screenshotTask: taskId=3923
07-11 17:26:36.247  2325  2403 V ShellRecents: [133660353] RecentsController.finishInner: toHome=true userLeave=true willFinishToHome=true state=0
07-11 17:26:36.247  2325  2403 V ShellRecents:   normal finish
07-11 17:26:36.247  2325  2403 V ShellRecents: [133660353] RecentsController.cleanup
07-11 17:26:36.247  2325  2403 V WindowManagerShell: Transition animation finished (aborted=false), notifying core (#1502) android.os.BinderProxy@745f666@0
07-11 17:26:36.249  1809  1861 V WindowManager: Finish Transition (#1502): created at 07-11 17:26:35.276 collect-started=0.466ms started=0.582ms ready=12.132ms sent=61.596ms finished=972.452ms
07-11 17:26:36.254  1809  4196 D PowerManagerService: nativeAcquireSuspendBlocker name:PowerManagerService.WakeLocks duration ms: 3
07-11 17:26:36.255  1809  4196 D PowerManagerService: nativeSetPowerMode ret:true mode:5 enabled:false duration ms: 0
07-11 17:26:36.257  1809  1864 D PowerManagerService: nativeReleaseSuspendBlocker name:PowerManagerService.WakeLocks duration ms: 0
07-11 17:26:36.257  2325  2403 V WindowManagerShell: Track 0 became idle
07-11 17:26:36.257  2325  2403 V WindowManagerShell: All active transition animations finished
07-11 17:26:36.257  1809  3643 W UserManagerService: Requested status bar icon for non-badged user 0
07-11 17:26:36.257  2325  2403 V ShellRecents: [133660353] RecentsController.finishInner: calling finish callback
07-11 17:26:36.261  1809  2656 W UserManagerService: Requested status bar icon for non-badged user 0
07-11 17:26:36.267  1809  1864 V WindowManager: Unknown focus tokens, dropping reportFocusChanged
07-11 17:26:36.270  1809  1864 I DisplayDeviceRepository: Display device changed render timings: "内蔵スクリーン", renderFrameRate=90.0, presentationDeadlineNanos=24777778, appVsyncOffsetNanos=-8000000
07-11 17:26:36.273  1809  1864 D DisplayManagerService: Ignore redundant display event 0/2 to 10439/5392
07-11 17:26:36.274  1809  1864 D DisplayManagerService: Ignore redundant display event 0/2 to 10350/9961
07-11 17:26:36.274  1809  1864 D DisplayManagerService: Ignore redundant display event 0/2 to 10237/16105
07-11 17:26:36.274  1809  1864 D DisplayManagerService: Ignore redundant display event 0/2 to 10237/16219
